Archive member included because of file (symbol)

./../../../../BitCloud/lib/libHAL_ZigBit_Atmega1281_8Mhz_Gcc.a(halRfCtrl.o)
                              All_ZigBit_Atmega1281_Rf230_8Mhz_Gcc/Obj/pwrCtrl.o (HAL_IsAmplifierUsed)
./../../../../BitCloud/lib/libHAL_ZigBit_Atmega1281_8Mhz_Gcc.a(halW1.o)
                              ./../../../../BitCloud/lib/libHAL_ZigBit_Atmega1281_8Mhz_Gcc.a(halRfCtrl.o) (__delay_us)
./../../../../BitCloud/lib/libHAL_ZigBit_Atmega1281_8Mhz_Gcc.a(pwm.o)
                              All_ZigBit_Atmega1281_Rf230_8Mhz_Gcc/Obj/DimmerModule.o (HAL_SetPwmCompareValue)
./../../../../BitCloud/lib/libHAL_ZigBit_Atmega1281_8Mhz_Gcc.a(appTimer.o)
                              All_ZigBit_Atmega1281_Rf230_8Mhz_Gcc/Obj/pdsDataServer.o (HAL_StopAppTimer)
./../../../../BitCloud/lib/libHAL_ZigBit_Atmega1281_8Mhz_Gcc.a(irq.o)
                              All_ZigBit_Atmega1281_Rf230_8Mhz_Gcc/Obj/buttons.o (HAL_EnableIrq)
./../../../../BitCloud/lib/libHAL_ZigBit_Atmega1281_8Mhz_Gcc.a(i2cPacket.o)
                              All_ZigBit_Atmega1281_Rf230_8Mhz_Gcc/Obj/lm73.o (HAL_CloseI2cPacket)
./../../../../BitCloud/lib/libHAL_ZigBit_Atmega1281_8Mhz_Gcc.a(eeprom.o)
                              All_ZigBit_Atmega1281_Rf230_8Mhz_Gcc/Obj/pdsWriteData.o (HAL_ReadEeprom)
./../../../../BitCloud/lib/libHAL_ZigBit_Atmega1281_8Mhz_Gcc.a(timer.o)
                              ./../../../../BitCloud/lib/libHAL_ZigBit_Atmega1281_8Mhz_Gcc.a(appTimer.o) (halAddTimer)
./../../../../BitCloud/lib/libHAL_ZigBit_Atmega1281_8Mhz_Gcc.a(adc.o)
                              All_ZigBit_Atmega1281_Rf230_8Mhz_Gcc/Obj/battery.o (HAL_CloseAdc)
./../../../../BitCloud/lib/libHAL_ZigBit_Atmega1281_8Mhz_Gcc.a(halPwm.o)
                              ./../../../../BitCloud/lib/libHAL_ZigBit_Atmega1281_8Mhz_Gcc.a(pwm.o) (halPreparePwmChannelAccess)
./../../../../BitCloud/lib/libHAL_ZigBit_Atmega1281_8Mhz_Gcc.a(halSleepTimerClock.o)
                              ./../../../../BitCloud/lib/libHAL_ZigBit_Atmega1281_8Mhz_Gcc.a(appTimer.o) (halGetTimeOfSleepTimer)
./../../../../BitCloud/lib/libHAL_ZigBit_Atmega1281_8Mhz_Gcc.a(halAppClock.o)
                              ./../../../../BitCloud/lib/libHAL_ZigBit_Atmega1281_8Mhz_Gcc.a(appTimer.o) (halGetTimeOfAppTimer)
./../../../../BitCloud/lib/libHAL_ZigBit_Atmega1281_8Mhz_Gcc.a(halIrq.o)
                              ./../../../../BitCloud/lib/libHAL_ZigBit_Atmega1281_8Mhz_Gcc.a(irq.o) (halSetIrqConfig)
./../../../../BitCloud/lib/libHAL_ZigBit_Atmega1281_8Mhz_Gcc.a(i2c.o)
                              ./../../../../BitCloud/lib/libHAL_ZigBit_Atmega1281_8Mhz_Gcc.a(i2cPacket.o) (halInitI2c)
./../../../../BitCloud/lib/libHAL_ZigBit_Atmega1281_8Mhz_Gcc.a(halEeprom.o)
                              ./../../../../BitCloud/lib/libHAL_ZigBit_Atmega1281_8Mhz_Gcc.a(eeprom.o) (halEepromWrite)
./../../../../BitCloud/lib/libHAL_ZigBit_Atmega1281_8Mhz_Gcc.a(halSleep.o)
                              ./../../../../BitCloud/lib/libHAL_ZigBit_Atmega1281_8Mhz_Gcc.a(halSleepTimerClock.o) (HAL_Sleep)
./../../../../BitCloud/lib/libHAL_ZigBit_Atmega1281_8Mhz_Gcc.a(halAdc.o)
                              ./../../../../BitCloud/lib/libHAL_ZigBit_Atmega1281_8Mhz_Gcc.a(adc.o) (halCloseAdc)
./../../../../BitCloud/lib/libHAL_ZigBit_Atmega1281_8Mhz_Gcc.a(calibration.o)
                              ./../../../../BitCloud/lib/libHAL_ZigBit_Atmega1281_8Mhz_Gcc.a(halSleep.o) (halStartingCalibrate)
./../../../../BitCloud/lib/libHAL_ZigBit_Atmega1281_8Mhz_Gcc.a(halRfSpi.o)
                              ./../../../../BitCloud/lib/libHAL_ZigBit_Atmega1281_8Mhz_Gcc.a(halRfCtrl.o) (HAL_WriteByteRfSpi)
./../../../../BitCloud/lib/libHAL_ZigBit_Atmega1281_8Mhz_Gcc.a(halCalibration.o)
                              ./../../../../BitCloud/lib/libHAL_ZigBit_Atmega1281_8Mhz_Gcc.a(calibration.o) (halMeasurement)
./../../../../BitCloud/lib/libHAL_ZigBit_Atmega1281_8Mhz_Gcc.a(halTaskManager.o)
                              ./../../../../BitCloud/lib/libHAL_ZigBit_Atmega1281_8Mhz_Gcc.a(halSleepTimerClock.o) (halTaskFlags0)
./../../../../BitCloud/lib/libHAL_ZigBit_Atmega1281_8Mhz_Gcc.a(usart.o)
                              ./../../../../BitCloud/lib/libHAL_ZigBit_Atmega1281_8Mhz_Gcc.a(halSleep.o) (halEnableDtrWakeUp)
./../../../../BitCloud/lib/libHAL_ZigBit_Atmega1281_8Mhz_Gcc.a(sleep.o)
                              ./../../../../BitCloud/lib/libHAL_ZigBit_Atmega1281_8Mhz_Gcc.a(halSleepTimerClock.o) (halSleepControl)
./../../../../BitCloud/lib/libHAL_ZigBit_Atmega1281_8Mhz_Gcc.a(halClkCtrl.o)
                              ./../../../../BitCloud/lib/libHAL_ZigBit_Atmega1281_8Mhz_Gcc.a(halSleep.o) (halGetClockSource)
./../../../../BitCloud/lib/libHAL_ZigBit_Atmega1281_8Mhz_Gcc.a(halUsart.o)
                              ./../../../../BitCloud/lib/libHAL_ZigBit_Atmega1281_8Mhz_Gcc.a(usart.o) (halSetUsartConfig)
[...]
Memory Configuration

Name             Origin             Length             Attributes
text             0x00000000         0x00020000         xr
data             0x00800200         0x00001e0c         rw !x
eeprom           0x00810000         0x00001000         rw !x
*default*        0x00000000         0xffffffff

Linker script and memory map

Address of section .data set to 0x800200
LOAD c:/program files (x86)/atmel/avr studio 5.0/avr toolchain/bin/../lib/gcc/avr/4.5.1/../../../../avr/lib/avr51/crtm1281.o

.text           0x00000000    0x15d2c
                0x00000000                PROVIDE (__text_start, .)
 *(.vectors)
 .vectors       0x00000000       0xcc c:/program files (x86)/atmel/avr studio 5.0/avr toolchain/bin/../lib/gcc/avr/4.5.1/../../../../avr/lib/avr51/crtm1281.o
                0x00000000                __vector_default
                0x00000000                __vectors
 *(.vectors)
 *(.progmem.gcc*)
 .progmem.gcc_sw_table
                0x000000cc      0x110 ./../../../../BitCloud/lib/libBc_All_Atmega1281_Rf230_Gcc.a(macenvPib.o)
 .progmem.gcc_sw_table
                0x000001dc       0x54 ./../../../../BitCloud/lib/libBc_All_Atmega1281_Rf230_Gcc.a(nwk.o)
 .progmem.gcc_sw_table
                0x00000230       0x3c ./../../../../BitCloud/lib/libBc_All_Atmega1281_Rf230_Gcc.a(machwiManager.o)
 .progmem.gcc_sw_table
                0x0000026c       0x16 ./../../../../BitCloud/lib/libBc_All_Atmega1281_Rf230_Gcc.a(machwiPanServer.o)
 .progmem.gcc_sw_table
                0x00000282       0x20 ./../../../../BitCloud/lib/libBc_All_Atmega1281_Rf230_Gcc.a(machwiScanHandler.o)
 .progmem.gcc_sw_table
                0x000002a2       0x58 ./../../../../BitCloud/lib/libBc_All_Atmega1281_Rf230_Gcc.a(zdoDiscoveryManager.o)
 .progmem.gcc_sw_table
                0x000002fa       0x26 ./../../../../BitCloud/lib/libBc_All_Atmega1281_Rf230_Gcc.a(machwdFrameRoutine.o)
 *(.progmem*)
 .progmem.data  0x00000320      0x181 All_ZigBit_Atmega1281_Rf230_8Mhz_Gcc/Obj/tsl2550.o
                0x00000320                tsl2550Ratio
                0x000003a1                tsl2550Count
 .progmem.data  0x000004a1       0x5c All_ZigBit_Atmega1281_Rf230_8Mhz_Gcc/Obj/csPersistentMem.o
                0x000004a1                csPersistentMemTable
 .progmem.data  0x000004fd      0x256 All_ZigBit_Atmega1281_Rf230_8Mhz_Gcc/Obj/csMem.o
                0x000004fd                defaultNIB
                0x0000057f                defaultZIB
                0x000005ae                defaultAIB
                0x000005b0                defaultSIB
                0x000005f1                csReadOnlyItems
                0x0000060f                csMemoryItems
 .progmem.data  0x00000753        0xc ./../../../../BitCloud/lib/libHAL_ZigBit_Atmega1281_8Mhz_Gcc.a(usart.o)
 .progmem.data  0x0000075f       0x10 ./../../../../BitCloud/lib/libBc_All_Atmega1281_Rf230_Gcc.a(aps.o)
 .progmem.data  0x0000076f      0x132 ./../../../../BitCloud/lib/libBc_All_Atmega1281_Rf230_Gcc.a(nwk.o)
                0x000008a2                . = ALIGN (0x2)
 *fill*         0x000008a1        0x1 00
 *(.trampolines*)
 .trampolines   0x000008a2        0x0 linker stubs
 *(.jumptables*)
 *(.lowtext*)
 *(.init0)
 .init0         0x000008a2        0x0 c:/program files (x86)/atmel/avr studio 5.0/avr toolchain/bin/../lib/gcc/avr/4.5.1/../../../../avr/lib/avr51/crtm1281.o
                0x000008a2                __init
 .init0         0x000008a2       0x30 ./../../../../BitCloud/lib/WdtInitatmega1281_Gcc.o
                0x000008a2                halWdtInit
 *(.init0)
 *(.init1)
 *(.init1)
 *(.init2)
 .init2         0x000008d2        0xc c:/program files (x86)/atmel/avr studio 5.0/avr toolchain/bin/../lib/gcc/avr/4.5.1/../../../../avr/lib/avr51/crtm1281.o
 *(.init2)
 *(.init3)
 *(.init3)
 *(.init4)
 .init4         0x000008de       0x1a c:/program files (x86)/atmel/avr studio 5.0/avr toolchain/bin/../lib/gcc/avr/4.5.1/avr51\libgcc.a(_copy_data.o)
                0x000008de                __do_copy_data
 .init4         0x000008f8       0x10 c:/program files (x86)/atmel/avr studio 5.0/avr toolchain/bin/../lib/gcc/avr/4.5.1/avr51\libgcc.a(_clear_bss.o)
                0x000008f8                __do_clear_bss
 *(.init4)
 *(.init5)
 *(.init5)
 *(.init6)
 *(.init6)
 *(.init7)
 *(.init7)
 *(.init8)
 *(.init8)
 *(.text.main)
 .text.main     0x00000908        0xa All_ZigBit_Atmega1281_Rf230_8Mhz_Gcc/Obj/DimmerModule.o
                0x00000908                main
 *(.text.main)
 *(.text)
 .text          0x00000912        0x4 c:/program files (x86)/atmel/avr studio 5.0/avr toolchain/bin/../lib/gcc/avr/4.5.1/../../../../avr/lib/avr51/crtm1281.o
                0x00000912                __vector_22
                0x00000912                __vector_28
                0x00000912                __vector_1
                0x00000912                __vector_32
                0x00000912                __vector_34
                0x00000912                __vector_24
                0x00000912                __vector_12
                0x00000912                __vector_46
                0x00000912                __bad_interrupt
                0x00000912                __vector_31
                0x00000912                __vector_35
                0x00000912                __vector_23
                0x00000912                __vector_45
                0x00000912                __vector_11
                0x00000912                __vector_17
                0x00000912                __vector_19
                0x00000912                __vector_49
                0x00000912                __vector_41
                0x00000912                __vector_33
                0x00000912                __vector_47
                0x00000912                __vector_44
                0x00000912                __vector_9
                0x00000912                __vector_21
                0x00000912                __vector_40
                0x00000912                __vector_48
                0x00000912                __vector_14
                0x00000912                __vector_10
                0x00000912                __vector_50
                0x00000912                __vector_16
                0x00000912                __vector_18
                0x00000912                __vector_20
 .text          0x00000916       0xce ./../../../../BitCloud/lib/libHAL_ZigBit_Atmega1281_8Mhz_Gcc.a(halW1.o)
                0x00000916                halResetW1
                0x0000094a                halReadW1Bit
                0x0000097a                halReadW1
                0x00000996                halWriteW1bit
                0x000009c2                halWriteW1
                0x000009d4                __delay_us
 .text          0x000009e4       0x3a ./../../../../BitCloud/lib/libHAL_ZigBit_Atmega1281_8Mhz_Gcc.a(halCalibration.o)
                0x000009e4                halMeasurement
 .text          0x00000a1e       0xe2 c:/program files (x86)/atmel/avr studio 5.0/avr toolchain/bin/../lib/gcc/avr/4.5.1/avr51\libgcc.a(_lshrdi3.o)
                0x00000a1e                __lshrdi3
 .text          0x00000b00       0xe2 c:/program files (x86)/atmel/avr studio 5.0/avr toolchain/bin/../lib/gcc/avr/4.5.1/avr51\libgcc.a(_ashldi3.o)
                0x00000b00                __ashldi3
 *(.text.*)
 .text.pdsDummyCallback
                0x00000be2        0x2 All_ZigBit_Atmega1281_Rf230_8Mhz_Gcc/Obj/pdsWriteData.o
                0x00000be2                pdsDummyCallback
 .text.pdsStartPdsTimer
                0x00000be4       0x5c All_ZigBit_Atmega1281_Rf230_8Mhz_Gcc/Obj/pdsWriteData.o
                0x00000be4                pdsStartPdsTimer
 .text.pdsStartPersistServer
                0x00000c40        0xc All_ZigBit_Atmega1281_Rf230_8Mhz_Gcc/Obj/pdsWriteData.o
                0x00000c40                pdsStartPersistServer
 .text.pdsPrepareMemoryAccess
                0x00000c4c       0x8e All_ZigBit_Atmega1281_Rf230_8Mhz_Gcc/Obj/pdsWriteData.o
                0x00000c4c                pdsPrepareMemoryAccess
 .text.pdsWaitMemoryFree
                0x00000cda       0x10 All_ZigBit_Atmega1281_Rf230_8Mhz_Gcc/Obj/pdsWriteData.o
                0x00000cda                pdsWaitMemoryFree
 .text.pdsRead  0x00000cea       0x3e All_ZigBit_Atmega1281_Rf230_8Mhz_Gcc/Obj/pdsWriteData.o
                0x00000cea                pdsRead
 .text.pdsUpdate
                0x00000d28       0x40 All_ZigBit_Atmega1281_Rf230_8Mhz_Gcc/Obj/pdsWriteData.o
                0x00000d28                pdsUpdate
 .text.pdsWrite
                0x00000d68       0x3e All_ZigBit_Atmega1281_Rf230_8Mhz_Gcc/Obj/pdsWriteData.o
                0x00000d68                pdsWrite
 .text.pdsOnTimerSave
                0x00000da6       0xe2 All_ZigBit_Atmega1281_Rf230_8Mhz_Gcc/Obj/pdsWriteData.o
                0x00000da6                pdsOnTimerSave
 .text.PDS_Init
                0x00000e88       0x20 All_ZigBit_Atmega1281_Rf230_8Mhz_Gcc/Obj/pdsDataServer.o
                0x00000e88                PDS_Init
 .text.pdsCalculateCrc
                0x00000ea8       0x94 All_ZigBit_Atmega1281_Rf230_8Mhz_Gcc/Obj/pdsCrcService.o
                0x00000ea8                pdsCalculateCrc
 .text.pdsReadCrc
                0x00000f3c       0x92 All_ZigBit_Atmega1281_Rf230_8Mhz_Gcc/Obj/pdsCrcService.o
                0x00000f3c                pdsReadCrc
 .text.pdsWriteCrc
                0x00000fce       0xa6 All_ZigBit_Atmega1281_Rf230_8Mhz_Gcc/Obj/pdsCrcService.o
                0x00000fce                pdsWriteCrc
 .text.pdsCheckPersistMemory
                0x00001074       0x40 All_ZigBit_Atmega1281_Rf230_8Mhz_Gcc/Obj/pdsCrcService.o
                0x00001074                pdsCheckPersistMemory
 .text.bspButtonsHandler
                0x000010b4      0x10e All_ZigBit_Atmega1281_Rf230_8Mhz_Gcc/Obj/buttons.o
                0x000010b4                bspButtonsHandler
 .text.bspOnPeriphery
                0x000011c2       0x3c All_ZigBit_Atmega1281_Rf230_8Mhz_Gcc/Obj/pwrCtrl.o
                0x000011c2                bspOnPeriphery
 .text.BSP_OpenLeds
                0x000011fe       0x10 All_ZigBit_Atmega1281_Rf230_8Mhz_Gcc/Obj/leds.o
                0x000011fe                BSP_OpenLeds
 .text.bspBatteryHandler
                0x0000120e       0x30 All_ZigBit_Atmega1281_Rf230_8Mhz_Gcc/Obj/battery.o
                0x0000120e                bspBatteryHandler
 .text.bspLM73Handler
                0x0000123e       0x20 All_ZigBit_Atmega1281_Rf230_8Mhz_Gcc/Obj/lm73.o
                0x0000123e                bspLM73Handler
 .text.bspTsl2550Handler
                0x0000125e      0x12c All_ZigBit_Atmega1281_Rf230_8Mhz_Gcc/Obj/tsl2550.o
                0x0000125e                bspTsl2550Handler
 .text.BSP_TaskHandler
                0x0000138a       0x7a All_ZigBit_Atmega1281_Rf230_8Mhz_Gcc/Obj/bspTaskManager.o
                0x0000138a                BSP_TaskHandler
 .text.csSetToDefault
                0x00001404       0x80 All_ZigBit_Atmega1281_Rf230_8Mhz_Gcc/Obj/csMem.o
                0x00001404                csSetToDefault
 .text.csGetItem
                0x00001484       0x38 All_ZigBit_Atmega1281_Rf230_8Mhz_Gcc/Obj/configServer.o
 .text.CS_Init  0x000014bc        0xa All_ZigBit_Atmega1281_Rf230_8Mhz_Gcc/Obj/configServer.o
                0x000014bc                CS_Init
 .text.CS_ReadParameter
                0x000014c6       0x36 All_ZigBit_Atmega1281_Rf230_8Mhz_Gcc/Obj/configServer.o
                0x000014c6                CS_ReadParameter
 .text.CS_WriteParameter
                0x000014fc       0x34 All_ZigBit_Atmega1281_Rf230_8Mhz_Gcc/Obj/configServer.o
                0x000014fc                CS_WriteParameter
 .text.CS_GetMemory
                0x00001530       0x18 All_ZigBit_Atmega1281_Rf230_8Mhz_Gcc/Obj/configServer.o
                0x00001530                CS_GetMemory
 .text.dimmerCommandReceived
                0x00001548        0x6 All_ZigBit_Atmega1281_Rf230_8Mhz_Gcc/Obj/DimmerModule.o
                0x00001548                dimmerCommandReceived
 .text.networkTransmissionConfirm
                0x0000154e        0xa All_ZigBit_Atmega1281_Rf230_8Mhz_Gcc/Obj/DimmerModule.o
 .text.networkStartConfirm
                0x00001558       0x40 All_ZigBit_Atmega1281_Rf230_8Mhz_Gcc/Obj/DimmerModule.o
 .text.statusMessageReceived
                0x00001598       0x1e All_ZigBit_Atmega1281_Rf230_8Mhz_Gcc/Obj/DimmerModule.o
                0x00001598                statusMessageReceived
 .text.sendStatusPacket
                0x000015b6       0xf4 All_ZigBit_Atmega1281_Rf230_8Mhz_Gcc/Obj/DimmerModule.o
                0x000015b6                sendStatusPacket
 .text.sendDimmerPacket
                0x000016aa       0x6e All_ZigBit_Atmega1281_Rf230_8Mhz_Gcc/Obj/DimmerModule.o
                0x000016aa                sendDimmerPacket
 .text.ZDO_MgmtNwkUpdateNotf
                0x00001718        0x2 All_ZigBit_Atmega1281_Rf230_8Mhz_Gcc/Obj/DimmerModule.o
                0x00001718                ZDO_MgmtNwkUpdateNotf
 .text.ZDO_WakeUpInd
                0x0000171a        0x2 All_ZigBit_Atmega1281_Rf230_8Mhz_Gcc/Obj/DimmerModule.o
                0x0000171a                ZDO_WakeUpInd
 .text.ZDO_BindIndication
                0x0000171c        0x2 All_ZigBit_Atmega1281_Rf230_8Mhz_Gcc/Obj/DimmerModule.o
                0x0000171c                ZDO_BindIndication
 .text.ZDO_UnbindIndication
                0x0000171e        0x2 All_ZigBit_Atmega1281_Rf230_8Mhz_Gcc/Obj/DimmerModule.o
                0x0000171e                ZDO_UnbindIndication
 .text.initializeRotaryEncoder
                0x00001720       0x30 All_ZigBit_Atmega1281_Rf230_8Mhz_Gcc/Obj/DimmerModule.o
                0x00001720                initializeRotaryEncoder
 .text.initializePWM
                0x00001750       0x5e All_ZigBit_Atmega1281_Rf230_8Mhz_Gcc/Obj/DimmerModule.o
                0x00001750                initializePWM
 .text.initializeConfigurationServer
                0x000017ae       0x20 All_ZigBit_Atmega1281_Rf230_8Mhz_Gcc/Obj/DimmerModule.o
                0x000017ae                initializeConfigurationServer
 .text.registerEndpoints
                0x000017ce       0x42 All_ZigBit_Atmega1281_Rf230_8Mhz_Gcc/Obj/DimmerModule.o
                0x000017ce                registerEndpoints
 .text.initializeDevice
                0x00001810       0x2e All_ZigBit_Atmega1281_Rf230_8Mhz_Gcc/Obj/DimmerModule.o
                0x00001810                initializeDevice
 .text.APL_TaskHandler
                0x0000183e       0x3c All_ZigBit_Atmega1281_Rf230_8Mhz_Gcc/Obj/DimmerModule.o
                0x0000183e                APL_TaskHandler
 .text.readButton
                0x0000187a       0x2c All_ZigBit_Atmega1281_Rf230_8Mhz_Gcc/Obj/DimmerModule.o
                0x0000187a                readButton
 .text.__vector_2
                0x000018a6       0x5c All_ZigBit_Atmega1281_Rf230_8Mhz_Gcc/Obj/DimmerModule.o
                0x000018a6                __vector_2
 .text.__vector_3
                0x00001902       0x24 All_ZigBit_Atmega1281_Rf230_8Mhz_Gcc/Obj/DimmerModule.o
                0x00001902                __vector_3
 .text.readGreyCode
                0x00001926       0x84 All_ZigBit_Atmega1281_Rf230_8Mhz_Gcc/Obj/DimmerModule.o
                0x00001926                readGreyCode
 .text.__vector_4
                0x000019aa       0x5c All_ZigBit_Atmega1281_Rf230_8Mhz_Gcc/Obj/DimmerModule.o
                0x000019aa                __vector_4
 .text.HAL_ClearRfIrqFlag
                0x00001a06        0x6 ./../../../../BitCloud/lib/libHAL_ZigBit_Atmega1281_8Mhz_Gcc.a(halRfCtrl.o)
                0x00001a06                HAL_ClearRfIrqFlag
 .text.HAL_EnableRfIrq
                0x00001a0c        0x4 ./../../../../BitCloud/lib/libHAL_ZigBit_Atmega1281_8Mhz_Gcc.a(halRfCtrl.o)
                0x00001a0c                HAL_EnableRfIrq
 .text.HAL_DisableRfIrq
                0x00001a10        0x8 ./../../../../BitCloud/lib/libHAL_ZigBit_Atmega1281_8Mhz_Gcc.a(halRfCtrl.o)
                0x00001a10                HAL_DisableRfIrq
 .text.HAL_SetRfSlpTr
                0x00001a18        0x4 ./../../../../BitCloud/lib/libHAL_ZigBit_Atmega1281_8Mhz_Gcc.a(halRfCtrl.o)
                0x00001a18                HAL_SetRfSlpTr
 .text.HAL_ClearRfSlpTr
                0x00001a1c        0x4 ./../../../../BitCloud/lib/libHAL_ZigBit_Atmega1281_8Mhz_Gcc.a(halRfCtrl.o)
                0x00001a1c                HAL_ClearRfSlpTr
 .text.HAL_SetRfRst
                0x00001a20        0x4 ./../../../../BitCloud/lib/libHAL_ZigBit_Atmega1281_8Mhz_Gcc.a(halRfCtrl.o)
                0x00001a20                HAL_SetRfRst
 .text.HAL_ClearRfRst
                0x00001a24        0x4 ./../../../../BitCloud/lib/libHAL_ZigBit_Atmega1281_8Mhz_Gcc.a(halRfCtrl.o)
                0x00001a24                HAL_ClearRfRst
 .text.HAL_InitRfPins
                0x00001a28        0xe ./../../../../BitCloud/lib/libHAL_ZigBit_Atmega1281_8Mhz_Gcc.a(halRfCtrl.o)
                0x00001a28                HAL_InitRfPins
 .text.HAL_InitRfIrq
                0x00001a36        0xc ./../../../../BitCloud/lib/libHAL_ZigBit_Atmega1281_8Mhz_Gcc.a(halRfCtrl.o)
                0x00001a36                HAL_InitRfIrq
 .text.HAL_GetRfFreq
                0x00001a42        0x4 ./../../../../BitCloud/lib/libHAL_ZigBit_Atmega1281_8Mhz_Gcc.a(halRfCtrl.o)
                0x00001a42                HAL_GetRfFreq
 .text.HAL_IsAmplifierUsed
                0x00001a46        0x4 ./../../../../BitCloud/lib/libHAL_ZigBit_Atmega1281_8Mhz_Gcc.a(halRfCtrl.o)
                0x00001a46                HAL_IsAmplifierUsed
 .text.halWaitRadio
                0x00001a4a       0x22 ./../../../../BitCloud/lib/libHAL_ZigBit_Atmega1281_8Mhz_Gcc.a(halRfCtrl.o)
                0x00001a4a                halWaitRadio
 .text.HAL_Delay
                0x00001a6c        0x6 ./../../../../BitCloud/lib/libHAL_ZigBit_Atmega1281_8Mhz_Gcc.a(halRfCtrl.o)
                0x00001a6c                HAL_Delay
 .text.HAL_SetPwmCompareValue
                0x00001a72       0x2c ./../../../../BitCloud/lib/libHAL_ZigBit_Atmega1281_8Mhz_Gcc.a(pwm.o)
                0x00001a72                HAL_SetPwmCompareValue
 .text.HAL_SetPwmFrequency
                0x00001a9e       0x16 ./../../../../BitCloud/lib/libHAL_ZigBit_Atmega1281_8Mhz_Gcc.a(pwm.o)
                0x00001a9e                HAL_SetPwmFrequency
 .text.HAL_StartPwm
                0x00001ab4       0x3a ./../../../../BitCloud/lib/libHAL_ZigBit_Atmega1281_8Mhz_Gcc.a(pwm.o)
                0x00001ab4                HAL_StartPwm
 .text.HAL_OpenPwm
                0x00001aee       0x1a ./../../../../BitCloud/lib/libHAL_ZigBit_Atmega1281_8Mhz_Gcc.a(pwm.o)
                0x00001aee                HAL_OpenPwm
 .text.HAL_GetSystemTime
                0x00001b08       0x4e ./../../../../BitCloud/lib/libHAL_ZigBit_Atmega1281_8Mhz_Gcc.a(appTimer.o)
                0x00001b08                HAL_GetSystemTime
 .text.HAL_StopAppTimer
                0x00001b56       0x4a ./../../../../BitCloud/lib/libHAL_ZigBit_Atmega1281_8Mhz_Gcc.a(appTimer.o)
                0x00001b56                HAL_StopAppTimer
 .text.HAL_StartAppTimer
                0x00001ba0       0x56 ./../../../../BitCloud/lib/libHAL_ZigBit_Atmega1281_8Mhz_Gcc.a(appTimer.o)
                0x00001ba0                HAL_StartAppTimer
 .text.halAppTimerHandler
                0x00001bf6       0x8a ./../../../../BitCloud/lib/libHAL_ZigBit_Atmega1281_8Mhz_Gcc.a(appTimer.o)
                0x00001bf6                halAppTimerHandler
 .text.HAL_EnableIrq
                0x00001c80       0x3e ./../../../../BitCloud/lib/libHAL_ZigBit_Atmega1281_8Mhz_Gcc.a(irq.o)
                0x00001c80                HAL_EnableIrq
 .text.halI2cBusReset
                0x00001cbe       0x30 ./../../../../BitCloud/lib/libHAL_ZigBit_Atmega1281_8Mhz_Gcc.a(i2cPacket.o)
                0x00001cbe                halI2cBusReset
 .text.HAL_CloseI2cPacket
                0x00001cee       0x22 ./../../../../BitCloud/lib/libHAL_ZigBit_Atmega1281_8Mhz_Gcc.a(i2cPacket.o)
                0x00001cee                HAL_CloseI2cPacket
 .text.halSendStartDoneI2c
                0x00001d10       0x42 ./../../../../BitCloud/lib/libHAL_ZigBit_Atmega1281_8Mhz_Gcc.a(i2cPacket.o)
                0x00001d10                halSendStartDoneI2c
 .text.halWriteData
                0x00001d52       0x60 ./../../../../BitCloud/lib/libHAL_ZigBit_Atmega1281_8Mhz_Gcc.a(i2cPacket.o)
                0x00001d52                halWriteData
 .text.halWriteInternalAddress
                0x00001db2       0x5c ./../../../../BitCloud/lib/libHAL_ZigBit_Atmega1281_8Mhz_Gcc.a(i2cPacket.o)
                0x00001db2                halWriteInternalAddress
 .text.halWriteDoneI2c
                0x00001e0e       0x3a ./../../../../BitCloud/lib/libHAL_ZigBit_Atmega1281_8Mhz_Gcc.a(i2cPacket.o)
                0x00001e0e                halWriteDoneI2c
 .text.halMasterReadWriteAddressAckI2c
                0x00001e48       0x34 ./../../../../BitCloud/lib/libHAL_ZigBit_Atmega1281_8Mhz_Gcc.a(i2cPacket.o)
                0x00001e48                halMasterReadWriteAddressAckI2c
 .text.halReadDoneI2c
                0x00001e7c       0x5a ./../../../../BitCloud/lib/libHAL_ZigBit_Atmega1281_8Mhz_Gcc.a(i2cPacket.o)
                0x00001e7c                halReadDoneI2c
 .text.halReadLastByteDoneI2c
                0x00001ed6       0x58 ./../../../../BitCloud/lib/libHAL_ZigBit_Atmega1281_8Mhz_Gcc.a(i2cPacket.o)
                0x00001ed6                halReadLastByteDoneI2c
 .text.halSig2WireSerialHandler
                0x00001f2e       0x38 ./../../../../BitCloud/lib/libHAL_ZigBit_Atmega1281_8Mhz_Gcc.a(i2cPacket.o)
                0x00001f2e                halSig2WireSerialHandler
 .text.HAL_ReadEeprom
                0x00001f66       0xc4 ./../../../../BitCloud/lib/libHAL_ZigBit_Atmega1281_8Mhz_Gcc.a(eeprom.o)
                0x00001f66                HAL_ReadEeprom
 .text.HAL_IsEepromBusy
                0x0000202a       0x10 ./../../../../BitCloud/lib/libHAL_ZigBit_Atmega1281_8Mhz_Gcc.a(eeprom.o)
                0x0000202a                HAL_IsEepromBusy
 .text.halSigEepromReadyHandler
                0x0000203a       0x64 ./../../../../BitCloud/lib/libHAL_ZigBit_Atmega1281_8Mhz_Gcc.a(eeprom.o)
                0x0000203a                halSigEepromReadyHandler
 .text.HAL_WriteEeprom
                0x0000209e       0xf2 ./../../../../BitCloud/lib/libHAL_ZigBit_Atmega1281_8Mhz_Gcc.a(eeprom.o)
                0x0000209e                HAL_WriteEeprom
 .text.halAddTimer
                0x00002190       0x9e ./../../../../BitCloud/lib/libHAL_ZigBit_Atmega1281_8Mhz_Gcc.a(timer.o)
                0x00002190                halAddTimer
 .text.halRemoveTimer
                0x0000222e       0x3c ./../../../../BitCloud/lib/libHAL_ZigBit_Atmega1281_8Mhz_Gcc.a(timer.o)
                0x0000222e                halRemoveTimer
 .text.halFindPrevTimer
                0x0000226a       0x1e ./../../../../BitCloud/lib/libHAL_ZigBit_Atmega1281_8Mhz_Gcc.a(timer.o)
                0x0000226a                halFindPrevTimer
 .text.halSigAdcHandler
                0x00002288       0x1e ./../../../../BitCloud/lib/libHAL_ZigBit_Atmega1281_8Mhz_Gcc.a(adc.o)
                0x00002288                halSigAdcHandler
 .text.halMoveWordToRegister
                0x000022a6        0xe ./../../../../BitCloud/lib/libHAL_ZigBit_Atmega1281_8Mhz_Gcc.a(halPwm.o)
 .text.halPreparePwmChannelAccess
                0x000022b4       0x4c ./../../../../BitCloud/lib/libHAL_ZigBit_Atmega1281_8Mhz_Gcc.a(halPwm.o)
                0x000022b4                halPreparePwmChannelAccess
 .text.halOpenPwm
                0x00002300       0x2e ./../../../../BitCloud/lib/libHAL_ZigBit_Atmega1281_8Mhz_Gcc.a(halPwm.o)
                0x00002300                halOpenPwm
 .text.halStartPwm
                0x0000232e       0xba ./../../../../BitCloud/lib/libHAL_ZigBit_Atmega1281_8Mhz_Gcc.a(halPwm.o)
                0x0000232e                halStartPwm
 .text.halSetPwmFrequency
                0x000023e8       0x64 ./../../../../BitCloud/lib/libHAL_ZigBit_Atmega1281_8Mhz_Gcc.a(halPwm.o)
                0x000023e8                halSetPwmFrequency
 .text.halSetPwmCompareValue
                0x0000244c        0xc ./../../../../BitCloud/lib/libHAL_ZigBit_Atmega1281_8Mhz_Gcc.a(halPwm.o)
                0x0000244c                halSetPwmCompareValue
 .text.halClearTimeControl
                0x00002458       0x14 ./../../../../BitCloud/lib/libHAL_ZigBit_Atmega1281_8Mhz_Gcc.a(halSleepTimerClock.o)
                0x00002458                halClearTimeControl
 .text.halStartSleepTimerClock
                0x0000246c       0x48 ./../../../../BitCloud/lib/libHAL_ZigBit_Atmega1281_8Mhz_Gcc.a(halSleepTimerClock.o)
                0x0000246c                halStartSleepTimerClock
 .text.halStopSleepTimerClock
                0x000024b4       0x42 ./../../../../BitCloud/lib/libHAL_ZigBit_Atmega1281_8Mhz_Gcc.a(halSleepTimerClock.o)
                0x000024b4                halStopSleepTimerClock
 .text.halSetSleepTimerInterval
                0x000024f6       0x84 ./../../../../BitCloud/lib/libHAL_ZigBit_Atmega1281_8Mhz_Gcc.a(halSleepTimerClock.o)
                0x000024f6                halSetSleepTimerInterval
 .text.halGetTimeOfSleepTimer
                0x0000257a       0xbc ./../../../../BitCloud/lib/libHAL_ZigBit_Atmega1281_8Mhz_Gcc.a(halSleepTimerClock.o)
                0x0000257a                halGetTimeOfSleepTimer
 .text.halSleepTimerFrequency
                0x00002636        0xa ./../../../../BitCloud/lib/libHAL_ZigBit_Atmega1281_8Mhz_Gcc.a(halSleepTimerClock.o)
                0x00002636                halSleepTimerFrequency
 .text.halSleepSystemTimeSynchronize
                0x00002640       0x5e ./../../../../BitCloud/lib/libHAL_ZigBit_Atmega1281_8Mhz_Gcc.a(halSleepTimerClock.o)
                0x00002640                halSleepSystemTimeSynchronize
 .text.__vector_13
                0x0000269e       0x92 ./../../../../BitCloud/lib/libHAL_ZigBit_Atmega1281_8Mhz_Gcc.a(halSleepTimerClock.o)
                0x0000269e                __vector_13
 .text.halWakeupFromIrq
                0x00002730       0x28 ./../../../../BitCloud/lib/libHAL_ZigBit_Atmega1281_8Mhz_Gcc.a(halSleepTimerClock.o)
                0x00002730                halWakeupFromIrq
 .text.__vector_15
                0x00002758      0x10a ./../../../../BitCloud/lib/libHAL_ZigBit_Atmega1281_8Mhz_Gcc.a(halSleepTimerClock.o)
                0x00002758                __vector_15
 .text.halInitAppClock
                0x00002862       0x26 ./../../../../BitCloud/lib/libHAL_ZigBit_Atmega1281_8Mhz_Gcc.a(halAppClock.o)
                0x00002862                halInitAppClock
 .text.halAdjustSleepInterval
                0x00002888       0x4c ./../../../../BitCloud/lib/libHAL_ZigBit_Atmega1281_8Mhz_Gcc.a(halAppClock.o)
                0x00002888                halAdjustSleepInterval
 .text.halAppSystemTimeSynchronize
                0x000028d4       0x5e ./../../../../BitCloud/lib/libHAL_ZigBit_Atmega1281_8Mhz_Gcc.a(halAppClock.o)
                0x000028d4                halAppSystemTimeSynchronize
 .text.halGetTimeOfAppTimer
                0x00002932       0x16 ./../../../../BitCloud/lib/libHAL_ZigBit_Atmega1281_8Mhz_Gcc.a(halAppClock.o)
                0x00002932                halGetTimeOfAppTimer
 .text.__vector_42
                0x00002948       0x4c ./../../../../BitCloud/lib/libHAL_ZigBit_Atmega1281_8Mhz_Gcc.a(halAppClock.o)
                0x00002948                __vector_42
 .text.halSetIrqConfig
                0x00002994       0x5e ./../../../../BitCloud/lib/libHAL_ZigBit_Atmega1281_8Mhz_Gcc.a(halIrq.o)
                0x00002994                halSetIrqConfig
 .text.__vector_8
                0x000029f2       0x5e ./../../../../BitCloud/lib/libHAL_ZigBit_Atmega1281_8Mhz_Gcc.a(halIrq.o)
                0x000029f2                __vector_8
 .text.__vector_7
                0x00002a50       0x5e ./../../../../BitCloud/lib/libHAL_ZigBit_Atmega1281_8Mhz_Gcc.a(halIrq.o)
                0x00002a50                __vector_7
 .text.__vector_39
                0x00002aae       0xd6 ./../../../../BitCloud/lib/libHAL_ZigBit_Atmega1281_8Mhz_Gcc.a(i2c.o)
                0x00002aae                __vector_39
 .text.halEepromWrite
                0x00002b84       0x1e ./../../../../BitCloud/lib/libHAL_ZigBit_Atmega1281_8Mhz_Gcc.a(halEeprom.o)
                0x00002b84                halEepromWrite
 .text.__vector_30
                0x00002ba2       0x44 ./../../../../BitCloud/lib/libHAL_ZigBit_Atmega1281_8Mhz_Gcc.a(halEeprom.o)
                0x00002ba2                __vector_30
 .text.halWakeupHandler
                0x00002be6       0x56 ./../../../../BitCloud/lib/libHAL_ZigBit_Atmega1281_8Mhz_Gcc.a(halSleep.o)
                0x00002be6                halWakeupHandler
 .text.HAL_Sleep
                0x00002c3c       0xe8 ./../../../../BitCloud/lib/libHAL_ZigBit_Atmega1281_8Mhz_Gcc.a(halSleep.o)
                0x00002c3c                HAL_Sleep
 .text.halPowerOn
                0x00002d24       0x5e ./../../../../BitCloud/lib/libHAL_ZigBit_Atmega1281_8Mhz_Gcc.a(halSleep.o)
                0x00002d24                halPowerOn
 .text.halPowerOff
                0x00002d82       0xc2 ./../../../../BitCloud/lib/libHAL_ZigBit_Atmega1281_8Mhz_Gcc.a(halSleep.o)
                0x00002d82                halPowerOff
 .text.__vector_29
                0x00002e44       0xca ./../../../../BitCloud/lib/libHAL_ZigBit_Atmega1281_8Mhz_Gcc.a(halAdc.o)
                0x00002e44                __vector_29
 .text.halCalibrateInternalRc
                0x00002f0e       0xdc ./../../../../BitCloud/lib/libHAL_ZigBit_Atmega1281_8Mhz_Gcc.a(calibration.o)
                0x00002f0e                halCalibrateInternalRc
 .text.HAL_CalibrateMainClock
                0x00002fea        0xe ./../../../../BitCloud/lib/libHAL_ZigBit_Atmega1281_8Mhz_Gcc.a(calibration.o)
                0x00002fea                HAL_CalibrateMainClock
 .text.halStartingCalibrate
                0x00002ff8       0x22 ./../../../../BitCloud/lib/libHAL_ZigBit_Atmega1281_8Mhz_Gcc.a(calibration.o)
                0x00002ff8                halStartingCalibrate
 .text.HAL_InitRfSpi
                0x0000301a       0x16 ./../../../../BitCloud/lib/libHAL_ZigBit_Atmega1281_8Mhz_Gcc.a(halRfSpi.o)
                0x0000301a                HAL_InitRfSpi
 .text.HAL_WriteByteRfSpi
                0x00003030       0x2a ./../../../../BitCloud/lib/libHAL_ZigBit_Atmega1281_8Mhz_Gcc.a(halRfSpi.o)
                0x00003030                HAL_WriteByteRfSpi
 .text.HAL_DeselectRfSpi
                0x0000305a        0x4 ./../../../../BitCloud/lib/libHAL_ZigBit_Atmega1281_8Mhz_Gcc.a(halRfSpi.o)
                0x0000305a                HAL_DeselectRfSpi
 .text.HAL_SelectRfSpi
                0x0000305e        0x4 ./../../../../BitCloud/lib/libHAL_ZigBit_Atmega1281_8Mhz_Gcc.a(halRfSpi.o)
                0x0000305e                HAL_SelectRfSpi
 .text.HAL_TaskHandler
                0x00003062      0x156 ./../../../../BitCloud/lib/libHAL_ZigBit_Atmega1281_8Mhz_Gcc.a(halTaskManager.o)
                0x00003062                HAL_TaskHandler
 .text.halPostUsartTask
                0x000031b8       0x3c ./../../../../BitCloud/lib/libHAL_ZigBit_Atmega1281_8Mhz_Gcc.a(usart.o)
                0x000031b8                halPostUsartTask
 .text.halUsartRxBufferFiller
                0x000031f4      0x114 ./../../../../BitCloud/lib/libHAL_ZigBit_Atmega1281_8Mhz_Gcc.a(usart.o)
                0x000031f4                halUsartRxBufferFiller
 .text.halSigUsartTransmissionComplete
                0x00003308       0x58 ./../../../../BitCloud/lib/libHAL_ZigBit_Atmega1281_8Mhz_Gcc.a(usart.o)
                0x00003308                halSigUsartTransmissionComplete
 .text.halSigUsartReceptionComplete
                0x00003360       0x4c ./../../../../BitCloud/lib/libHAL_ZigBit_Atmega1281_8Mhz_Gcc.a(usart.o)
 .text.halUsartTaskUsart0Txc
                0x000033ac        0x8 ./../../../../BitCloud/lib/libHAL_ZigBit_Atmega1281_8Mhz_Gcc.a(usart.o)
 .text.halUsartTaskUsart0Rxc
                0x000033b4        0x8 ./../../../../BitCloud/lib/libHAL_ZigBit_Atmega1281_8Mhz_Gcc.a(usart.o)
 .text.halUsartTaskUsart1Txc
                0x000033bc        0x8 ./../../../../BitCloud/lib/libHAL_ZigBit_Atmega1281_8Mhz_Gcc.a(usart.o)
 .text.halUsartTaskUsart1Rxc
                0x000033c4        0x8 ./../../../../BitCloud/lib/libHAL_ZigBit_Atmega1281_8Mhz_Gcc.a(usart.o)
 .text.halUsartHwController
                0x000033cc      0x126 ./../../../../BitCloud/lib/libHAL_ZigBit_Atmega1281_8Mhz_Gcc.a(usart.o)
 .text.hwControlPinsPollCallback
                0x000034f2        0x8 ./../../../../BitCloud/lib/libHAL_ZigBit_Atmega1281_8Mhz_Gcc.a(usart.o)
                0x000034f2                hwControlPinsPollCallback
 .text.halUsartTaskUsart1Dre
                0x000034fa        0x8 ./../../../../BitCloud/lib/libHAL_ZigBit_Atmega1281_8Mhz_Gcc.a(usart.o)
 .text.halUsartTaskUsart0Dre
                0x00003502        0x8 ./../../../../BitCloud/lib/libHAL_ZigBit_Atmega1281_8Mhz_Gcc.a(usart.o)
 .text.halSigUsartHandler
                0x0000350a       0x8a ./../../../../BitCloud/lib/libHAL_ZigBit_Atmega1281_8Mhz_Gcc.a(usart.o)
                0x0000350a                halSigUsartHandler
 .text.HAL_StartSystemSleep
                0x00003594       0x76 ./../../../../BitCloud/lib/libHAL_ZigBit_Atmega1281_8Mhz_Gcc.a(sleep.o)
                0x00003594                HAL_StartSystemSleep
 .text.halGetClockSource
                0x0000360a        0x6 ./../../../../BitCloud/lib/libHAL_ZigBit_Atmega1281_8Mhz_Gcc.a(halClkCtrl.o)
                0x0000360a                halGetClockSource
 .text.halInitFreq
                0x00003610       0x4c ./../../../../BitCloud/lib/libHAL_ZigBit_Atmega1281_8Mhz_Gcc.a(halClkCtrl.o)
                0x00003610                halInitFreq
 .text.__vector_5
                0x0000365c       0x66 ./../../../../BitCloud/lib/libHAL_ZigBit_Atmega1281_8Mhz_Gcc.a(halUsart.o)
                0x0000365c                __vector_5
 .text.__vector_36
                0x000036c2       0x64 ./../../../../BitCloud/lib/libHAL_ZigBit_Atmega1281_8Mhz_Gcc.a(halUsart.o)
                0x000036c2                __vector_36
 .text.__vector_38
                0x00003726       0x5c ./../../../../BitCloud/lib/libHAL_ZigBit_Atmega1281_8Mhz_Gcc.a(halUsart.o)
                0x00003726                __vector_38
 .text.__vector_37
                0x00003782       0x5c ./../../../../BitCloud/lib/libHAL_ZigBit_Atmega1281_8Mhz_Gcc.a(halUsart.o)
                0x00003782                __vector_37
 .text.__vector_25
                0x000037de       0x64 ./../../../../BitCloud/lib/libHAL_ZigBit_Atmega1281_8Mhz_Gcc.a(halUsart.o)
                0x000037de                __vector_25
 .text.__vector_27
                0x00003842       0x5c ./../../../../BitCloud/lib/libHAL_ZigBit_Atmega1281_8Mhz_Gcc.a(halUsart.o)
                0x00003842                __vector_27
 .text.__vector_26
                0x0000389e       0x5c ./../../../../BitCloud/lib/libHAL_ZigBit_Atmega1281_8Mhz_Gcc.a(halUsart.o)
                0x0000389e                __vector_26
 .text.halAsyncTimerHandler
                0x000038fa       0x52 ./../../../../BitCloud/lib/libHAL_ZigBit_Atmega1281_8Mhz_Gcc.a(sleepTimer.o)
                0x000038fa                halAsyncTimerHandler
 .text.HAL_StartSleepTimer
                0x0000394c       0x74 ./../../../../BitCloud/lib/libHAL_ZigBit_Atmega1281_8Mhz_Gcc.a(sleepTimer.o)
                0x0000394c                HAL_StartSleepTimer
 .text.apsIsValidBindingParameters
                0x000039c0       0x34 ./../../../../BitCloud/lib/libBc_All_Atmega1281_Rf230_Gcc.a(aps.o)
 .text.apsGetApsCounter
                0x000039f4        0xe ./../../../../BitCloud/lib/libBc_All_Atmega1281_Rf230_Gcc.a(aps.o)
 .text.apsAckForFragmentedReceiveConfirmHandler
                0x00003a02       0x20 ./../../../../BitCloud/lib/libBc_All_Atmega1281_Rf230_Gcc.a(aps.o)
 .text.apsPrepareFragmentedTransmission
                0x00003a22       0x72 ./../../../../BitCloud/lib/libBc_All_Atmega1281_Rf230_Gcc.a(aps.o)
 .text.apsIsFragmentationDataReq
                0x00003a94       0x24 ./../../../../BitCloud/lib/libBc_All_Atmega1281_Rf230_Gcc.a(aps.o)
 .text.apsGetAckByDataBuffer
                0x00003ab8       0x2e ./../../../../BitCloud/lib/libBc_All_Atmega1281_Rf230_Gcc.a(aps.o)
 .text.APS_NextEndpoint
                0x00003ae6       0x16 ./../../../../BitCloud/lib/libBc_All_Atmega1281_Rf230_Gcc.a(aps.o)
                0x00003ae6                APS_NextEndpoint
 .text.apsFindEndpoint
                0x00003afc       0x2a ./../../../../BitCloud/lib/libBc_All_Atmega1281_Rf230_Gcc.a(aps.o)
 .text.apsGetBuffer
                0x00003b26      0x132 ./../../../../BitCloud/lib/libBc_All_Atmega1281_Rf230_Gcc.a(aps.o)
 .text.apsFreeBuffer
                0x00003c58       0xa0 ./../../../../BitCloud/lib/libBc_All_Atmega1281_Rf230_Gcc.a(aps.o)
 .text.APS_IsActiveTransaction
                0x00003cf8       0x4e ./../../../../BitCloud/lib/libBc_All_Atmega1281_Rf230_Gcc.a(aps.o)
                0x00003cf8                APS_IsActiveTransaction
 .text.apsPostTask
                0x00003d46       0x32 ./../../../../BitCloud/lib/libBc_All_Atmega1281_Rf230_Gcc.a(aps.o)
 .text.apsMakeApsDataConf
                0x00003d78       0x5a ./../../../../BitCloud/lib/libBc_All_Atmega1281_Rf230_Gcc.a(aps.o)
 .text.APS_TaskHandler
                0x00003dd2       0x9c ./../../../../BitCloud/lib/libBc_All_Atmega1281_Rf230_Gcc.a(aps.o)
                0x00003dd2                APS_TaskHandler
 .text.apsStopConf
                0x00003e6e       0x42 ./../../../../BitCloud/lib/libBc_All_Atmega1281_Rf230_Gcc.a(aps.o)
 .text.apsSendNwkDataReq
                0x00003eb0       0x10 ./../../../../BitCloud/lib/libBc_All_Atmega1281_Rf230_Gcc.a(aps.o)
 .text.apsProcessShortAddrModeDataReq
                0x00003ec0      0x1ea ./../../../../BitCloud/lib/libBc_All_Atmega1281_Rf230_Gcc.a(aps.o)
 .text.apsSendNextBlock
                0x000040aa       0x14 ./../../../../BitCloud/lib/libBc_All_Atmega1281_Rf230_Gcc.a(aps.o)
 .text.apsSendAckForFragmentedReceive
                0x000040be       0xac ./../../../../BitCloud/lib/libBc_All_Atmega1281_Rf230_Gcc.a(aps.o)
 .text.apsDataManagerNwkDataConf
                0x0000416a       0x1c ./../../../../BitCloud/lib/libBc_All_Atmega1281_Rf230_Gcc.a(aps.o)
 .text.apsProcessEvent
                0x00004186       0x26 ./../../../../BitCloud/lib/libBc_All_Atmega1281_Rf230_Gcc.a(aps.o)
 .text.APS_StopReq
                0x000041ac        0xe ./../../../../BitCloud/lib/libBc_All_Atmega1281_Rf230_Gcc.a(aps.o)
                0x000041ac                APS_StopReq
 .text.APS_StartReq
                0x000041ba        0xe ./../../../../BitCloud/lib/libBc_All_Atmega1281_Rf230_Gcc.a(aps.o)
                0x000041ba                APS_StartReq
 .text.APS_ResetReq
                0x000041c8        0xe ./../../../../BitCloud/lib/libBc_All_Atmega1281_Rf230_Gcc.a(aps.o)
                0x000041c8                APS_ResetReq
 .text.APS_RegisterEndpointReq
                0x000041d6       0x4a ./../../../../BitCloud/lib/libBc_All_Atmega1281_Rf230_Gcc.a(aps.o)
                0x000041d6                APS_RegisterEndpointReq
 .text.NWK_DataInd
                0x00004220       0x12 ./../../../../BitCloud/lib/libBc_All_Atmega1281_Rf230_Gcc.a(aps.o)
                0x00004220                NWK_DataInd
 .text.APS_DataReq
                0x00004232       0x12 ./../../../../BitCloud/lib/libBc_All_Atmega1281_Rf230_Gcc.a(aps.o)
                0x00004232                APS_DataReq
 .text.apsProcessGroupAddrModeDataReq
                0x00004244      0x170 ./../../../../BitCloud/lib/libBc_All_Atmega1281_Rf230_Gcc.a(aps.o)
 .text.apsGroupNwkDataConf
                0x000043b4       0x4a ./../../../../BitCloud/lib/libBc_All_Atmega1281_Rf230_Gcc.a(aps.o)
 .text.apsIsSourceOfBindLink
                0x000043fe       0x38 ./../../../../BitCloud/lib/libBc_All_Atmega1281_Rf230_Gcc.a(aps.o)
 .text.apsNextBind
                0x00004436       0x66 ./../../../../BitCloud/lib/libBc_All_Atmega1281_Rf230_Gcc.a(aps.o)
 .text.apsSendToNextBoundDevice
                0x0000449c       0xbc ./../../../../BitCloud/lib/libBc_All_Atmega1281_Rf230_Gcc.a(aps.o)
 .text.apsHandleTransmittedData
                0x00004558       0x7e ./../../../../BitCloud/lib/libBc_All_Atmega1281_Rf230_Gcc.a(aps.o)
 .text.apsProcessIndirectDataReq
                0x000045d6       0x30 ./../../../../BitCloud/lib/libBc_All_Atmega1281_Rf230_Gcc.a(aps.o)
 .text.apsFindBindingEntry
                0x00004606       0xa2 ./../../../../BitCloud/lib/libBc_All_Atmega1281_Rf230_Gcc.a(aps.o)
 .text.APS_UnbindReq
                0x000046a8       0x26 ./../../../../BitCloud/lib/libBc_All_Atmega1281_Rf230_Gcc.a(aps.o)
                0x000046a8                APS_UnbindReq
 .text.APS_BindReq
                0x000046ce       0x78 ./../../../../BitCloud/lib/libBc_All_Atmega1281_Rf230_Gcc.a(aps.o)
                0x000046ce                APS_BindReq
 .text.SYS_GetRandomNumber
                0x00004746       0x2a ./../../../../BitCloud/lib/libBc_All_Atmega1281_Rf230_Gcc.a(aps.o)
 .text.apsGroupIndication
                0x00004770       0x88 ./../../../../BitCloud/lib/libBc_All_Atmega1281_Rf230_Gcc.a(aps.o)
 .text.apsUnicastDataInd
                0x000047f8      0x2b4 ./../../../../BitCloud/lib/libBc_All_Atmega1281_Rf230_Gcc.a(aps.o)
 .text.apsApduUnicastHandler
                0x00004aac      0x560 ./../../../../BitCloud/lib/libBc_All_Atmega1281_Rf230_Gcc.a(aps.o)
 .text.apsResetMemoryManager
                0x0000500c      0x116 ./../../../../BitCloud/lib/libBc_All_Atmega1281_Rf230_Gcc.a(aps.o)
 .text.apsAckOnTimerFired
                0x00005122      0x118 ./../../../../BitCloud/lib/libBc_All_Atmega1281_Rf230_Gcc.a(aps.o)
 .text.APS_Init
                0x0000523a       0x2e ./../../../../BitCloud/lib/libBc_All_Atmega1281_Rf230_Gcc.a(aps.o)
                0x0000523a                APS_Init
 .text.APS_CalculateTimes
                0x00005268      0x166 ./../../../../BitCloud/lib/libBc_All_Atmega1281_Rf230_Gcc.a(aps.o)
                0x00005268                APS_CalculateTimes
 .text.apsResetDataManager
                0x000053ce      0x118 ./../../../../BitCloud/lib/libBc_All_Atmega1281_Rf230_Gcc.a(aps.o)
 .text.apsDataTaskHandler
                0x000054e6      0xb84 ./../../../../BitCloud/lib/libBc_All_Atmega1281_Rf230_Gcc.a(aps.o)
 .text.apsNwkResetConf
                0x0000606a      0x1a2 ./../../../../BitCloud/lib/libBc_All_Atmega1281_Rf230_Gcc.a(aps.o)
 .text.apsStateMachineTaskHandler
                0x0000620c       0xe8 ./../../../../BitCloud/lib/libBc_All_Atmega1281_Rf230_Gcc.a(aps.o)
 .text.macenvGetPhySymbolDuration
                0x000062f4       0x46 ./../../../../BitCloud/lib/libBc_All_Atmega1281_Rf230_Gcc.a(macenvPib.o)
                0x000062f4                macenvGetPhySymbolDuration
 .text.macenvConvertTransPersistTimeFromUnitsToMs
                0x0000633a       0x4a ./../../../../BitCloud/lib/libBc_All_Atmega1281_Rf230_Gcc.a(macenvPib.o)
                0x0000633a                macenvConvertTransPersistTimeFromUnitsToMs
 .text.macenvCalculateResponceWaitTimeInMs
                0x00006384       0x4c ./../../../../BitCloud/lib/libBc_All_Atmega1281_Rf230_Gcc.a(macenvPib.o)
                0x00006384                macenvCalculateResponceWaitTimeInMs
 .text.getSymbolsPerOctet
                0x000063d0       0x36 ./../../../../BitCloud/lib/libBc_All_Atmega1281_Rf230_Gcc.a(macenvPib.o)
 .text.calculateMaxFrameDuration
                0x00006406       0x22 ./../../../../BitCloud/lib/libBc_All_Atmega1281_Rf230_Gcc.a(macenvPib.o)
 .text.macenvCalculateMaxFrameTotalWaitTimeInMs
                0x00006428      0x130 ./../../../../BitCloud/lib/libBc_All_Atmega1281_Rf230_Gcc.a(macenvPib.o)
                0x00006428                macenvCalculateMaxFrameTotalWaitTimeInMs
 .text.updateMaxFrameTxTime
                0x00006558       0x3a ./../../../../BitCloud/lib/libBc_All_Atmega1281_Rf230_Gcc.a(macenvPib.o)
 .text.storeTransmitPower
                0x00006592       0x4a ./../../../../BitCloud/lib/libBc_All_Atmega1281_Rf230_Gcc.a(macenvPib.o)
 .text.MAC_GetExtAddr
                0x000065dc        0x6 ./../../../../BitCloud/lib/libBc_All_Atmega1281_Rf230_Gcc.a(macenvPib.o)
                0x000065dc                MAC_GetExtAddr
 .text.MAC_GetOctetsTransmissionTimeInMs
                0x000065e2       0x60 ./../../../../BitCloud/lib/libBc_All_Atmega1281_Rf230_Gcc.a(macenvPib.o)
                0x000065e2                MAC_GetOctetsTransmissionTimeInMs
 .text.MAC_IsOwnExtAddr
                0x00006642       0x1a ./../../../../BitCloud/lib/libBc_All_Atmega1281_Rf230_Gcc.a(macenvPib.o)
                0x00006642                MAC_IsOwnExtAddr
 .text.MAC_SetExtAddr
                0x0000665c       0x12 ./../../../../BitCloud/lib/libBc_All_Atmega1281_Rf230_Gcc.a(macenvPib.o)
                0x0000665c                MAC_SetExtAddr
 .text.macenvGetPibAttr
                0x0000666e      0x1d8 ./../../../../BitCloud/lib/libBc_All_Atmega1281_Rf230_Gcc.a(macenvPib.o)
                0x0000666e                macenvGetPibAttr
 .text.macenvSetPibAttr
                0x00006846      0x226 ./../../../../BitCloud/lib/libBc_All_Atmega1281_Rf230_Gcc.a(macenvPib.o)
                0x00006846                macenvSetPibAttr
 .text.SYS_GetRandomNumber
                0x00006a6c       0x2a ./../../../../BitCloud/lib/libBc_All_Atmega1281_Rf230_Gcc.a(macenvPib.o)
 .text.macenvResetPib
                0x00006a96      0x12a ./../../../../BitCloud/lib/libBc_All_Atmega1281_Rf230_Gcc.a(macenvPib.o)
                0x00006a96                macenvResetPib
 .text.NWK_GetShortAddr
                0x00006bc0        0xa ./../../../../BitCloud/lib/libBc_All_Atmega1281_Rf230_Gcc.a(nwk.o)
                0x00006bc0                NWK_GetShortAddr
 .text.NWK_IsStaticAddressingMode
                0x00006bca        0x6 ./../../../../BitCloud/lib/libBc_All_Atmega1281_Rf230_Gcc.a(nwk.o)
                0x00006bca                NWK_IsStaticAddressingMode
 .text.nwkAddressConflictIsIdle
                0x00006bd0       0x10 ./../../../../BitCloud/lib/libBc_All_Atmega1281_Rf230_Gcc.a(nwk.o)
 .text.nwkFindAddressMapEntryByShortAddr
                0x00006be0       0x32 ./../../../../BitCloud/lib/libBc_All_Atmega1281_Rf230_Gcc.a(nwk.o)
 .text.nwkDataReqIsIdle
                0x00006c12       0x10 ./../../../../BitCloud/lib/libBc_All_Atmega1281_Rf230_Gcc.a(nwk.o)
 .text.nwkDiscoveryIsIdle
                0x00006c22       0x10 ./../../../../BitCloud/lib/libBc_All_Atmega1281_Rf230_Gcc.a(nwk.o)
 .text.nwkEDScanIsIdle
                0x00006c32       0x10 ./../../../../BitCloud/lib/libBc_All_Atmega1281_Rf230_Gcc.a(nwk.o)
 .text.nwkFormationIsIdle
                0x00006c42       0x10 ./../../../../BitCloud/lib/libBc_All_Atmega1281_Rf230_Gcc.a(nwk.o)
 .text.NWK_IsGroupMember
                0x00006c52       0x3a ./../../../../BitCloud/lib/libBc_All_Atmega1281_Rf230_Gcc.a(nwk.o)
                0x00006c52                NWK_IsGroupMember
 .text.nwkSetDepth
                0x00006c8c       0x10 ./../../../../BitCloud/lib/libBc_All_Atmega1281_Rf230_Gcc.a(nwk.o)
 .text.NWK_GetParentShortAddr
                0x00006c9c        0xa ./../../../../BitCloud/lib/libBc_All_Atmega1281_Rf230_Gcc.a(nwk.o)
                0x00006c9c                NWK_GetParentShortAddr
 .text.NWK_GetPanId
                0x00006ca6        0xa ./../../../../BitCloud/lib/libBc_All_Atmega1281_Rf230_Gcc.a(nwk.o)
                0x00006ca6                NWK_GetPanId
 .text.NWK_GetExtPanId
                0x00006cb0       0x22 ./../../../../BitCloud/lib/libBc_All_Atmega1281_Rf230_Gcc.a(nwk.o)
                0x00006cb0                NWK_GetExtPanId
 .text.NWK_SetExtPanId
                0x00006cd2       0x34 ./../../../../BitCloud/lib/libBc_All_Atmega1281_Rf230_Gcc.a(nwk.o)
                0x00006cd2                NWK_SetExtPanId
 .text.NWK_GetDeviceType
                0x00006d06        0x6 ./../../../../BitCloud/lib/libBc_All_Atmega1281_Rf230_Gcc.a(nwk.o)
                0x00006d06                NWK_GetDeviceType
 .text.NWK_GetLogicalChannel
                0x00006d0c        0x6 ./../../../../BitCloud/lib/libBc_All_Atmega1281_Rf230_Gcc.a(nwk.o)
                0x00006d0c                NWK_GetLogicalChannel
 .text.NWK_SetLogicalChannel
                0x00006d12        0x6 ./../../../../BitCloud/lib/libBc_All_Atmega1281_Rf230_Gcc.a(nwk.o)
                0x00006d12                NWK_SetLogicalChannel
 .text.NWK_GetBroadcastDeliveryTime
                0x00006d18       0x12 ./../../../../BitCloud/lib/libBc_All_Atmega1281_Rf230_Gcc.a(nwk.o)
                0x00006d18                NWK_GetBroadcastDeliveryTime
 .text.NWK_GetManagerAddr
                0x00006d2a        0xa ./../../../../BitCloud/lib/libBc_All_Atmega1281_Rf230_Gcc.a(nwk.o)
                0x00006d2a                NWK_GetManagerAddr
 .text.NWK_SetManagerAddr
                0x00006d34        0xa ./../../../../BitCloud/lib/libBc_All_Atmega1281_Rf230_Gcc.a(nwk.o)
                0x00006d34                NWK_SetManagerAddr
 .text.NWK_GetTransmitCouner
                0x00006d3e        0xa ./../../../../BitCloud/lib/libBc_All_Atmega1281_Rf230_Gcc.a(nwk.o)
                0x00006d3e                NWK_GetTransmitCouner
 .text.NWK_GetTransmitFailureCounter
                0x00006d48        0xa ./../../../../BitCloud/lib/libBc_All_Atmega1281_Rf230_Gcc.a(nwk.o)
                0x00006d48                NWK_GetTransmitFailureCounter
 .text.nwkIsJoiningForbidden
                0x00006d52       0x4c ./../../../../BitCloud/lib/libBc_All_Atmega1281_Rf230_Gcc.a(nwk.o)
 .text.nwkJoinIndIsIdle
                0x00006d9e       0x30 ./../../../../BitCloud/lib/libBc_All_Atmega1281_Rf230_Gcc.a(nwk.o)
 .text.nwkJoinReqIsIdle
                0x00006dce       0x10 ./../../../../BitCloud/lib/libBc_All_Atmega1281_Rf230_Gcc.a(nwk.o)
 .text.nwkLeaveReqIsIdle
                0x00006dde       0x10 ./../../../../BitCloud/lib/libBc_All_Atmega1281_Rf230_Gcc.a(nwk.o)
 .text.nwkLinkStatusIsIdle
                0x00006dee       0x10 ./../../../../BitCloud/lib/libBc_All_Atmega1281_Rf230_Gcc.a(nwk.o)
 .text.nwkLoopbackIsIdle
                0x00006dfe       0x10 ./../../../../BitCloud/lib/libBc_All_Atmega1281_Rf230_Gcc.a(nwk.o)
 .text.nwkClearNeighborTable
                0x00006e0e       0x76 ./../../../../BitCloud/lib/libBc_All_Atmega1281_Rf230_Gcc.a(nwk.o)
 .text.NWK_FindNeighborByShortAddr
                0x00006e84       0x32 ./../../../../BitCloud/lib/libBc_All_Atmega1281_Rf230_Gcc.a(nwk.o)
                0x00006e84                NWK_FindNeighborByShortAddr
 .text.nwkUpdateCapacityBits
                0x00006eb6       0x66 ./../../../../BitCloud/lib/libBc_All_Atmega1281_Rf230_Gcc.a(nwk.o)
 .text.nwkUpdateBeaconPayload
                0x00006f1c       0xc8 ./../../../../BitCloud/lib/libBc_All_Atmega1281_Rf230_Gcc.a(nwk.o)
 .text.NWK_SetUpdateId
                0x00006fe4        0xa ./../../../../BitCloud/lib/libBc_All_Atmega1281_Rf230_Gcc.a(nwk.o)
                0x00006fe4                NWK_SetUpdateId
 .text.nwkFreeNeighbor
                0x00006fee       0x2a ./../../../../BitCloud/lib/libBc_All_Atmega1281_Rf230_Gcc.a(nwk.o)
 .text.nwkCostFromLqi
                0x00007018       0x1c ./../../../../BitCloud/lib/libBc_All_Atmega1281_Rf230_Gcc.a(nwk.o)
 .text.nwkUpdateLqiAndCostOfNeighbor
                0x00007034       0x74 ./../../../../BitCloud/lib/libBc_All_Atmega1281_Rf230_Gcc.a(nwk.o)
 .text.NWK_GetNeighborTable
                0x000070a8        0x6 ./../../../../BitCloud/lib/libBc_All_Atmega1281_Rf230_Gcc.a(nwk.o)
                0x000070a8                NWK_GetNeighborTable
 .text.NWK_GetNeighborsLqi
                0x000070ae       0x3e ./../../../../BitCloud/lib/libBc_All_Atmega1281_Rf230_Gcc.a(nwk.o)
                0x000070ae                NWK_GetNeighborsLqi
 .text.MAC_OrphanInd
                0x000070ec        0x2 ./../../../../BitCloud/lib/libBc_All_Atmega1281_Rf230_Gcc.a(nwk.o)
                0x000070ec                MAC_OrphanInd
 .text.nwkPermitJoiningIsIdle
                0x000070ee       0x10 ./../../../../BitCloud/lib/libBc_All_Atmega1281_Rf230_Gcc.a(nwk.o)
 .text.nwkResetIsIdle
                0x000070fe       0x10 ./../../../../BitCloud/lib/libBc_All_Atmega1281_Rf230_Gcc.a(nwk.o)
 .text.nwkRouteDiscoveryIsIdle
                0x0000710e       0x14 ./../../../../BitCloud/lib/libBc_All_Atmega1281_Rf230_Gcc.a(nwk.o)
 .text.nwkFindRouteDiscoveryEntry
                0x00007122       0x38 ./../../../../BitCloud/lib/libBc_All_Atmega1281_Rf230_Gcc.a(nwk.o)
 .text.nwkFreeRouteDiscoveryEntry
                0x0000715a       0x3c ./../../../../BitCloud/lib/libBc_All_Atmega1281_Rf230_Gcc.a(nwk.o)
 .text.nwkConfirmRouteRequestTx
                0x00007196       0x48 ./../../../../BitCloud/lib/libBc_All_Atmega1281_Rf230_Gcc.a(nwk.o)
 .text.nwkRouteDiscoveryTableIsIdle
                0x000071de       0x10 ./../../../../BitCloud/lib/libBc_All_Atmega1281_Rf230_Gcc.a(nwk.o)
 .text.nwkFindRoutingEntry
                0x000071ee       0x42 ./../../../../BitCloud/lib/libBc_All_Atmega1281_Rf230_Gcc.a(nwk.o)
 .text.nwkFreeRoutingEntry
                0x00007230       0x12 ./../../../../BitCloud/lib/libBc_All_Atmega1281_Rf230_Gcc.a(nwk.o)
 .text.nwkGetNextHop
                0x00007242      0x16a ./../../../../BitCloud/lib/libBc_All_Atmega1281_Rf230_Gcc.a(nwk.o)
 .text.nwkUpdateNextHop
                0x000073ac       0xd2 ./../../../../BitCloud/lib/libBc_All_Atmega1281_Rf230_Gcc.a(nwk.o)
 .text.nwkParseRxHeader
                0x0000747e       0xf4 ./../../../../BitCloud/lib/libBc_All_Atmega1281_Rf230_Gcc.a(nwk.o)
 .text.nwkIsTransit
                0x00007572       0x1c ./../../../../BitCloud/lib/libBc_All_Atmega1281_Rf230_Gcc.a(nwk.o)
 .text.nwkStartRouterIsIdle
                0x0000758e       0x10 ./../../../../BitCloud/lib/libBc_All_Atmega1281_Rf230_Gcc.a(nwk.o)
 .text.NWK_DeviceIsAbleToOperateInNetwork
                0x0000759e       0x38 ./../../../../BitCloud/lib/libBc_All_Atmega1281_Rf230_Gcc.a(nwk.o)
                0x0000759e                NWK_DeviceIsAbleToOperateInNetwork
 .text.nwkGetNetworkStatusTxId
                0x000075d6       0x1e ./../../../../BitCloud/lib/libBc_All_Atmega1281_Rf230_Gcc.a(nwk.o)
 .text.nwkSendRouteErrorConf
                0x000075f4        0x6 ./../../../../BitCloud/lib/libBc_All_Atmega1281_Rf230_Gcc.a(nwk.o)
 .text.nwkSyncIsIdle
                0x000075fa       0x10 ./../../../../BitCloud/lib/libBc_All_Atmega1281_Rf230_Gcc.a(nwk.o)
 .text.MAC_SyncLossInd
                0x0000760a        0x2 ./../../../../BitCloud/lib/libBc_All_Atmega1281_Rf230_Gcc.a(nwk.o)
                0x0000760a                MAC_SyncLossInd
 .text.nwkPostTask
                0x0000760c       0x58 ./../../../../BitCloud/lib/libBc_All_Atmega1281_Rf230_Gcc.a(nwk.o)
 .text.nwkEDScanMacEDScanConf
                0x00007664       0x46 ./../../../../BitCloud/lib/libBc_All_Atmega1281_Rf230_Gcc.a(nwk.o)
 .text.nwkFormationMacRxEnableConf
                0x000076aa       0x1e ./../../../../BitCloud/lib/libBc_All_Atmega1281_Rf230_Gcc.a(nwk.o)
 .text.nwkDiscoveryMacActiveScanConf
                0x000076c8       0x2c ./../../../../BitCloud/lib/libBc_All_Atmega1281_Rf230_Gcc.a(nwk.o)
 .text.nwkPermitJoiningMacSetConf
                0x000076f4       0x1e ./../../../../BitCloud/lib/libBc_All_Atmega1281_Rf230_Gcc.a(nwk.o)
 .text.nwkStartRouterMacStartConf
                0x00007712       0x1e ./../../../../BitCloud/lib/libBc_All_Atmega1281_Rf230_Gcc.a(nwk.o)
 .text.nwkSendRouteDiscoveryRequest
                0x00007730       0x26 ./../../../../BitCloud/lib/libBc_All_Atmega1281_Rf230_Gcc.a(nwk.o)
 .text.nwkStatusConf
                0x00007756        0xe ./../../../../BitCloud/lib/libBc_All_Atmega1281_Rf230_Gcc.a(nwk.o)
 .text.nwkResetConf
                0x00007764       0x24 ./../../../../BitCloud/lib/libBc_All_Atmega1281_Rf230_Gcc.a(nwk.o)
 .text.nwkResetMacRxEnableConf
                0x00007788        0xe ./../../../../BitCloud/lib/libBc_All_Atmega1281_Rf230_Gcc.a(nwk.o)
 .text.nwkSendRouteDiscoveryReply
                0x00007796       0x1e ./../../../../BitCloud/lib/libBc_All_Atmega1281_Rf230_Gcc.a(nwk.o)
 .text.nwkClearTaskBit
                0x000077b4       0x32 ./../../../../BitCloud/lib/libBc_All_Atmega1281_Rf230_Gcc.a(nwk.o)
 .text.nwkInitMacDataReq
                0x000077e6       0x28 ./../../../../BitCloud/lib/libBc_All_Atmega1281_Rf230_Gcc.a(nwk.o)
 .text.nwkTxDelayIsIdle
                0x0000780e       0x14 ./../../../../BitCloud/lib/libBc_All_Atmega1281_Rf230_Gcc.a(nwk.o)
 .text.NWK_GetUnicastDeliveryTime
                0x00007822       0x86 ./../../../../BitCloud/lib/libBc_All_Atmega1281_Rf230_Gcc.a(nwk.o)
                0x00007822                NWK_GetUnicastDeliveryTime
 .text.nwkReloadNibFromConfigServer
                0x000078a8       0x6c ./../../../../BitCloud/lib/libBc_All_Atmega1281_Rf230_Gcc.a(nwk.o)
 .text.nwkSetLifeTimeOfNeighbor
                0x00007914       0xf4 ./../../../../BitCloud/lib/libBc_All_Atmega1281_Rf230_Gcc.a(nwk.o)
 .text.nwkUpdateOutgoingCostAndLifeTime
                0x00007a08       0x4c ./../../../../BitCloud/lib/libBc_All_Atmega1281_Rf230_Gcc.a(nwk.o)
 .text.NWK_GatherPowerFailureInfo
                0x00007a54       0x36 ./../../../../BitCloud/lib/libBc_All_Atmega1281_Rf230_Gcc.a(nwk.o)
                0x00007a54                NWK_GatherPowerFailureInfo
 .text.NWK_TaskHandler
                0x00007a8a       0xde ./../../../../BitCloud/lib/libBc_All_Atmega1281_Rf230_Gcc.a(nwk.o)
                0x00007a8a                NWK_TaskHandler
 .text.nwkAllocPacket
                0x00007b68       0xcc ./../../../../BitCloud/lib/libBc_All_Atmega1281_Rf230_Gcc.a(nwk.o)
 .text.nwkAllocInputPacket
                0x00007c34       0x28 ./../../../../BitCloud/lib/libBc_All_Atmega1281_Rf230_Gcc.a(nwk.o)
 .text.nwkAllocOutputPacket
                0x00007c5c       0x2e ./../../../../BitCloud/lib/libBc_All_Atmega1281_Rf230_Gcc.a(nwk.o)
 .text.NWK_IsActiveTransaction
                0x00007c8a       0x54 ./../../../../BitCloud/lib/libBc_All_Atmega1281_Rf230_Gcc.a(nwk.o)
                0x00007c8a                NWK_IsActiveTransaction
 .text.nwkInitInputPacket
                0x00007cde       0x9e ./../../../../BitCloud/lib/libBc_All_Atmega1281_Rf230_Gcc.a(nwk.o)
 .text.nwkLoopbackTaskHandler
                0x00007d7c       0xd0 ./../../../../BitCloud/lib/libBc_All_Atmega1281_Rf230_Gcc.a(nwk.o)
 .text.nwkEDScanTaskHandler
                0x00007e4c       0xac ./../../../../BitCloud/lib/libBc_All_Atmega1281_Rf230_Gcc.a(nwk.o)
 .text.nwkDiscoveryTaskHandler
                0x00007ef8       0xae ./../../../../BitCloud/lib/libBc_All_Atmega1281_Rf230_Gcc.a(nwk.o)
 .text.nwkTryToProcessCommandReq
                0x00007fa6       0x3e ./../../../../BitCloud/lib/libBc_All_Atmega1281_Rf230_Gcc.a(nwk.o)
 .text.nwkCommandReq
                0x00007fe4       0x14 ./../../../../BitCloud/lib/libBc_All_Atmega1281_Rf230_Gcc.a(nwk.o)
 .text.nwkRemoveAuthenticatedChild
                0x00007ff8       0x54 ./../../../../BitCloud/lib/libBc_All_Atmega1281_Rf230_Gcc.a(nwk.o)
 .text.nwkConfirmNetworkStatusTx
                0x0000804c       0x44 ./../../../../BitCloud/lib/libBc_All_Atmega1281_Rf230_Gcc.a(nwk.o)
 .text.nwkFreePacket
                0x00008090       0x42 ./../../../../BitCloud/lib/libBc_All_Atmega1281_Rf230_Gcc.a(nwk.o)
 .text.nwkRetransmitInputPacket
                0x000080d2      0x130 ./../../../../BitCloud/lib/libBc_All_Atmega1281_Rf230_Gcc.a(nwk.o)
 .text.NWK_DataResp
                0x00008202       0x20 ./../../../../BitCloud/lib/libBc_All_Atmega1281_Rf230_Gcc.a(nwk.o)
                0x00008202                NWK_DataResp
 .text.nwkRxRetransmit
                0x00008222       0x50 ./../../../../BitCloud/lib/libBc_All_Atmega1281_Rf230_Gcc.a(nwk.o)
 .text.nwkDataConf
                0x00008272       0x46 ./../../../../BitCloud/lib/libBc_All_Atmega1281_Rf230_Gcc.a(nwk.o)
 .text.nwkConfirmDataTx
                0x000082b8       0x20 ./../../../../BitCloud/lib/libBc_All_Atmega1281_Rf230_Gcc.a(nwk.o)
 .text.nwkStatusReq
                0x000082d8       0x2e ./../../../../BitCloud/lib/libBc_All_Atmega1281_Rf230_Gcc.a(nwk.o)
 .text.nwkSendRouteErrorStatus
                0x00008306       0x3e ./../../../../BitCloud/lib/libBc_All_Atmega1281_Rf230_Gcc.a(nwk.o)
 .text.nwkSendAddressConflictNwkStatus
                0x00008344       0x34 ./../../../../BitCloud/lib/libBc_All_Atmega1281_Rf230_Gcc.a(nwk.o)
 .text.NWK_SyncReq
                0x00008378       0x20 ./../../../../BitCloud/lib/libBc_All_Atmega1281_Rf230_Gcc.a(nwk.o)
                0x00008378                NWK_SyncReq
 .text.NWK_StartRouterReq
                0x00008398       0x20 ./../../../../BitCloud/lib/libBc_All_Atmega1281_Rf230_Gcc.a(nwk.o)
                0x00008398                NWK_StartRouterReq
 .text.NWK_RouteDiscoveryReq
                0x000083b8       0x34 ./../../../../BitCloud/lib/libBc_All_Atmega1281_Rf230_Gcc.a(nwk.o)
                0x000083b8                NWK_RouteDiscoveryReq
 .text.NWK_ResetReq
                0x000083ec       0x20 ./../../../../BitCloud/lib/libBc_All_Atmega1281_Rf230_Gcc.a(nwk.o)
                0x000083ec                NWK_ResetReq
 .text.NWK_PermitJoiningReq
                0x0000840c       0x20 ./../../../../BitCloud/lib/libBc_All_Atmega1281_Rf230_Gcc.a(nwk.o)
                0x0000840c                NWK_PermitJoiningReq
 .text.NWK_LoopbackTxReq
                0x0000842c       0x20 ./../../../../BitCloud/lib/libBc_All_Atmega1281_Rf230_Gcc.a(nwk.o)
                0x0000842c                NWK_LoopbackTxReq
 .text.nwkDataConfTaskHandler
                0x0000844c       0x58 ./../../../../BitCloud/lib/libBc_All_Atmega1281_Rf230_Gcc.a(nwk.o)
 .text.NWK_LeaveReq
                0x000084a4       0x20 ./../../../../BitCloud/lib/libBc_All_Atmega1281_Rf230_Gcc.a(nwk.o)
                0x000084a4                NWK_LeaveReq
 .text.NWK_JoinReq
                0x000084c4       0x20 ./../../../../BitCloud/lib/libBc_All_Atmega1281_Rf230_Gcc.a(nwk.o)
                0x000084c4                NWK_JoinReq
 .text.NWK_NetworkFormationReq
                0x000084e4       0x20 ./../../../../BitCloud/lib/libBc_All_Atmega1281_Rf230_Gcc.a(nwk.o)
                0x000084e4                NWK_NetworkFormationReq
 .text.NWK_EDScanReq
                0x00008504       0x20 ./../../../../BitCloud/lib/libBc_All_Atmega1281_Rf230_Gcc.a(nwk.o)
                0x00008504                NWK_EDScanReq
 .text.NWK_NetworkDiscoveryReq
                0x00008524       0x20 ./../../../../BitCloud/lib/libBc_All_Atmega1281_Rf230_Gcc.a(nwk.o)
                0x00008524                NWK_NetworkDiscoveryReq
 .text.nwkRemoveAllChildren
                0x00008544       0x9e ./../../../../BitCloud/lib/libBc_All_Atmega1281_Rf230_Gcc.a(nwk.o)
 .text.findFreeJoinIndObjFor
                0x000085e2       0xa4 ./../../../../BitCloud/lib/libBc_All_Atmega1281_Rf230_Gcc.a(nwk.o)
 .text.nwkFindAddressMapEntryByExtAddr
                0x00008686       0x50 ./../../../../BitCloud/lib/libBc_All_Atmega1281_Rf230_Gcc.a(nwk.o)
 .text.nwkAddToAddressMap
                0x000086d6       0xc2 ./../../../../BitCloud/lib/libBc_All_Atmega1281_Rf230_Gcc.a(nwk.o)
 .text.NWK_RemoveFromAddressMap
                0x00008798       0x12 ./../../../../BitCloud/lib/libBc_All_Atmega1281_Rf230_Gcc.a(nwk.o)
                0x00008798                NWK_RemoveFromAddressMap
 .text.NWK_FindNeighborByExtAddr
                0x000087aa       0x68 ./../../../../BitCloud/lib/libBc_All_Atmega1281_Rf230_Gcc.a(nwk.o)
                0x000087aa                NWK_FindNeighborByExtAddr
 .text.nwkLeaveTaskHandler
                0x00008812      0x114 ./../../../../BitCloud/lib/libBc_All_Atmega1281_Rf230_Gcc.a(nwk.o)
 .text.MAC_PollInd
                0x00008926       0x4c ./../../../../BitCloud/lib/libBc_All_Atmega1281_Rf230_Gcc.a(nwk.o)
                0x00008926                MAC_PollInd
 .text.NWK_IsKnownChild
                0x00008972       0x24 ./../../../../BitCloud/lib/libBc_All_Atmega1281_Rf230_Gcc.a(nwk.o)
                0x00008972                NWK_IsKnownChild
 .text.MAC_BeaconNotifyInd
                0x00008996      0x486 ./../../../../BitCloud/lib/libBc_All_Atmega1281_Rf230_Gcc.a(nwk.o)
                0x00008996                MAC_BeaconNotifyInd
 .text.nwkJoinIndTaskHandler
                0x00008e1c       0xb6 ./../../../../BitCloud/lib/libBc_All_Atmega1281_Rf230_Gcc.a(nwk.o)
 .text.nwkConfirmJoinRespTx
                0x00008ed2       0x56 ./../../../../BitCloud/lib/libBc_All_Atmega1281_Rf230_Gcc.a(nwk.o)
 .text.nwkConfirmAddrConflictJoinRespTx
                0x00008f28       0x40 ./../../../../BitCloud/lib/libBc_All_Atmega1281_Rf230_Gcc.a(nwk.o)
 .text.nwkJoinIndMacCommStatusInd
                0x00008f68       0x5c ./../../../../BitCloud/lib/libBc_All_Atmega1281_Rf230_Gcc.a(nwk.o)
 .text.nwkPrepareCommonFrame
                0x00008fc4       0x54 ./../../../../BitCloud/lib/libBc_All_Atmega1281_Rf230_Gcc.a(nwk.o)
 .text.NWK_DataReq
                0x00009018      0x1b4 ./../../../../BitCloud/lib/libBc_All_Atmega1281_Rf230_Gcc.a(nwk.o)
                0x00009018                NWK_DataReq
 .text.NWK_Init
                0x000091cc       0x30 ./../../../../BitCloud/lib/libBc_All_Atmega1281_Rf230_Gcc.a(nwk.o)
                0x000091cc                NWK_Init
 .text.nwkLinkStatusInd
                0x000091fc      0x35c ./../../../../BitCloud/lib/libBc_All_Atmega1281_Rf230_Gcc.a(nwk.o)
 .text.nwkJoinReqTaskHandler
                0x00009558      0x180 ./../../../../BitCloud/lib/libBc_All_Atmega1281_Rf230_Gcc.a(nwk.o)
 .text.nwkPrepareLeaveChildTx
                0x000096d8       0xb2 ./../../../../BitCloud/lib/libBc_All_Atmega1281_Rf230_Gcc.a(nwk.o)
 .text.nwkPrepareLeaveItselfTx
                0x0000978a       0x92 ./../../../../BitCloud/lib/libBc_All_Atmega1281_Rf230_Gcc.a(nwk.o)
 .text.nwkPrepareJoinRespTx
                0x0000981c       0xec ./../../../../BitCloud/lib/libBc_All_Atmega1281_Rf230_Gcc.a(nwk.o)
 .text.nwkPrepareJoinReqTx
                0x00009908       0x90 ./../../../../BitCloud/lib/libBc_All_Atmega1281_Rf230_Gcc.a(nwk.o)
 .text.nwkPrepareLinkStatusTx
                0x00009998      0x1fc ./../../../../BitCloud/lib/libBc_All_Atmega1281_Rf230_Gcc.a(nwk.o)
 .text.NWK_GetExtByShortAddress
                0x00009b94       0x60 ./../../../../BitCloud/lib/libBc_All_Atmega1281_Rf230_Gcc.a(nwk.o)
                0x00009b94                NWK_GetExtByShortAddress
 .text.nwkPrepareRouteRequestTx
                0x00009bf4      0x114 ./../../../../BitCloud/lib/libBc_All_Atmega1281_Rf230_Gcc.a(nwk.o)
 .text.NWK_LinkShortAndExtAddress
                0x00009d08       0xd8 ./../../../../BitCloud/lib/libBc_All_Atmega1281_Rf230_Gcc.a(nwk.o)
                0x00009d08                NWK_LinkShortAndExtAddress
 .text.nwkPrepareNetworkStatusTx
                0x00009de0      0x100 ./../../../../BitCloud/lib/libBc_All_Atmega1281_Rf230_Gcc.a(nwk.o)
 .text.nwkPrepareRouteReplyTx
                0x00009ee0      0x1c0 ./../../../../BitCloud/lib/libBc_All_Atmega1281_Rf230_Gcc.a(nwk.o)
 .text.nwkRouteReplyFrameInd
                0x0000a0a0      0x172 ./../../../../BitCloud/lib/libBc_All_Atmega1281_Rf230_Gcc.a(nwk.o)
 .text.nwkPermitJoiningTaskHandler
                0x0000a212       0x88 ./../../../../BitCloud/lib/libBc_All_Atmega1281_Rf230_Gcc.a(nwk.o)
 .text.SYS_GetRandomNumber
                0x0000a29a       0x2a ./../../../../BitCloud/lib/libBc_All_Atmega1281_Rf230_Gcc.a(nwk.o)
 .text.nwkFindDeviceToJoin
                0x0000a2c4      0x15a ./../../../../BitCloud/lib/libBc_All_Atmega1281_Rf230_Gcc.a(nwk.o)
 .text.nwkAssociate
                0x0000a41e       0x9e ./../../../../BitCloud/lib/libBc_All_Atmega1281_Rf230_Gcc.a(nwk.o)
 .text.MAC_AssociateConf
                0x0000a4bc       0xdc ./../../../../BitCloud/lib/libBc_All_Atmega1281_Rf230_Gcc.a(nwk.o)
 .text.nwkGetSuitableParent
                0x0000a598       0x80 ./../../../../BitCloud/lib/libBc_All_Atmega1281_Rf230_Gcc.a(nwk.o)
 .text.nwkRejoinCmdPrepareAndSend
                0x0000a618       0x30 ./../../../../BitCloud/lib/libBc_All_Atmega1281_Rf230_Gcc.a(nwk.o)
 .text.nwkJoinReqMacGetConf
                0x0000a648       0x3e ./../../../../BitCloud/lib/libBc_All_Atmega1281_Rf230_Gcc.a(nwk.o)
 .text.nwkJoinReqMacPollConf
                0x0000a686       0x1c ./../../../../BitCloud/lib/libBc_All_Atmega1281_Rf230_Gcc.a(nwk.o)
 .text.nwkFormationMacActiveScanConf
                0x0000a6a2      0x274 ./../../../../BitCloud/lib/libBc_All_Atmega1281_Rf230_Gcc.a(nwk.o)
 .text.nwkFormationMacStartConf
                0x0000a916       0x50 ./../../../../BitCloud/lib/libBc_All_Atmega1281_Rf230_Gcc.a(nwk.o)
 .text.nwkResetMacStartConf
                0x0000a966       0x46 ./../../../../BitCloud/lib/libBc_All_Atmega1281_Rf230_Gcc.a(nwk.o)
 .text.nwkJoinReqMacSetConf
                0x0000a9ac      0x1a2 ./../../../../BitCloud/lib/libBc_All_Atmega1281_Rf230_Gcc.a(nwk.o)
 .text.nwkTxConf
                0x0000ab4e      0x1c6 ./../../../../BitCloud/lib/libBc_All_Atmega1281_Rf230_Gcc.a(nwk.o)
 .text.NWK_JoinConf
                0x0000ad14       0x54 ./../../../../BitCloud/lib/libBc_All_Atmega1281_Rf230_Gcc.a(nwk.o)
 .text.nwkAddressConflictMacSetConf
                0x0000ad68       0x5a ./../../../../BitCloud/lib/libBc_All_Atmega1281_Rf230_Gcc.a(nwk.o)
 .text.nwkJoinReqMacRxEnableConf
                0x0000adc2       0x7a ./../../../../BitCloud/lib/libBc_All_Atmega1281_Rf230_Gcc.a(nwk.o)
 .text.performActiveScan
                0x0000ae3c       0x60 ./../../../../BitCloud/lib/libBc_All_Atmega1281_Rf230_Gcc.a(nwk.o)
 .text.nwkFormationMacEDScanConf
                0x0000ae9c       0xea ./../../../../BitCloud/lib/libBc_All_Atmega1281_Rf230_Gcc.a(nwk.o)
 .text.NWK_ResetGroups
                0x0000af86       0x62 ./../../../../BitCloud/lib/libBc_All_Atmega1281_Rf230_Gcc.a(nwk.o)
                0x0000af86                NWK_ResetGroups
 .text.nwkFormationMacSetConf
                0x0000afe8      0x12e ./../../../../BitCloud/lib/libBc_All_Atmega1281_Rf230_Gcc.a(nwk.o)
 .text.nwkResetMacSetConf
                0x0000b116      0x190 ./../../../../BitCloud/lib/libBc_All_Atmega1281_Rf230_Gcc.a(nwk.o)
 .text.nwkStartAgeTimerOfNeighborTable
                0x0000b2a6       0x32 ./../../../../BitCloud/lib/libBc_All_Atmega1281_Rf230_Gcc.a(nwk.o)
 .text.nwkStartLinkStatusTimer
                0x0000b2d8       0x10 ./../../../../BitCloud/lib/libBc_All_Atmega1281_Rf230_Gcc.a(nwk.o)
 .text.nwkFormationTaskHandler
                0x0000b2e8      0x122 ./../../../../BitCloud/lib/libBc_All_Atmega1281_Rf230_Gcc.a(nwk.o)
 .text.nwkStartRouterTaskHandler
                0x0000b40a       0xc2 ./../../../../BitCloud/lib/libBc_All_Atmega1281_Rf230_Gcc.a(nwk.o)
 .text.nwkConfirmLinkStatusTx
                0x0000b4cc        0x6 ./../../../../BitCloud/lib/libBc_All_Atmega1281_Rf230_Gcc.a(nwk.o)
 .text.nwkLinkStatusTimerFired
                0x0000b4d2       0x1c ./../../../../BitCloud/lib/libBc_All_Atmega1281_Rf230_Gcc.a(nwk.o)
 .text.NWK_LaunchActivities
                0x0000b4ee       0x12 ./../../../../BitCloud/lib/libBc_All_Atmega1281_Rf230_Gcc.a(nwk.o)
                0x0000b4ee                NWK_LaunchActivities
 .text.nwkTxDelayReq
                0x0000b500      0x184 ./../../../../BitCloud/lib/libBc_All_Atmega1281_Rf230_Gcc.a(nwk.o)
 .text.nwkConfirmJoinReqTx
                0x0000b684       0x62 ./../../../../BitCloud/lib/libBc_All_Atmega1281_Rf230_Gcc.a(nwk.o)
 .text.nwkAllocRouteDiscoveryEntry
                0x0000b6e6       0xa2 ./../../../../BitCloud/lib/libBc_All_Atmega1281_Rf230_Gcc.a(nwk.o)
 .text.nwkRouteDiscoveryTaskHandler
                0x0000b788       0xb0 ./../../../../BitCloud/lib/libBc_All_Atmega1281_Rf230_Gcc.a(nwk.o)
 .text.nwkProcessRouteRequest
                0x0000b838      0x164 ./../../../../BitCloud/lib/libBc_All_Atmega1281_Rf230_Gcc.a(nwk.o)
 .text.nwkRouteRequestFrameInd
                0x0000b99c       0xc6 ./../../../../BitCloud/lib/libBc_All_Atmega1281_Rf230_Gcc.a(nwk.o)
 .text.nwkProcessDelayStatus
                0x0000ba62       0xb0 ./../../../../BitCloud/lib/libBc_All_Atmega1281_Rf230_Gcc.a(nwk.o)
 .text.MAC_DataConf
                0x0000bb12       0x2c ./../../../../BitCloud/lib/libBc_All_Atmega1281_Rf230_Gcc.a(nwk.o)
 .text.nwkTransmitOutputPacket
                0x0000bb3e       0x44 ./../../../../BitCloud/lib/libBc_All_Atmega1281_Rf230_Gcc.a(nwk.o)
 .text.nwkSendDiscoveryCommand
                0x0000bb82       0x4e ./../../../../BitCloud/lib/libBc_All_Atmega1281_Rf230_Gcc.a(nwk.o)
 .text.nwkRouteDiscoveryTableTaskHandler
                0x0000bbd0       0x96 ./../../../../BitCloud/lib/libBc_All_Atmega1281_Rf230_Gcc.a(nwk.o)
 .text.nwkTxTaskHandler
                0x0000bc66      0x168 ./../../../../BitCloud/lib/libBc_All_Atmega1281_Rf230_Gcc.a(nwk.o)
 .text.nwkMeshRouteDiscoveryConf
                0x0000bdce       0x64 ./../../../../BitCloud/lib/libBc_All_Atmega1281_Rf230_Gcc.a(nwk.o)
 .text.nwkConfirmLeaveItselfTx
                0x0000be32       0x42 ./../../../../BitCloud/lib/libBc_All_Atmega1281_Rf230_Gcc.a(nwk.o)
 .text.nwkResetTaskHandler
                0x0000be74       0x70 ./../../../../BitCloud/lib/libBc_All_Atmega1281_Rf230_Gcc.a(nwk.o)
 .text.nwkResetRouteDiscoveryTable
                0x0000bee4       0xa0 ./../../../../BitCloud/lib/libBc_All_Atmega1281_Rf230_Gcc.a(nwk.o)
 .text.nwkRouteDiscoveryTableTimerFired
                0x0000bf84       0x56 ./../../../../BitCloud/lib/libBc_All_Atmega1281_Rf230_Gcc.a(nwk.o)
 .text.nwkResetNeighborTable
                0x0000bfda       0x8c ./../../../../BitCloud/lib/libBc_All_Atmega1281_Rf230_Gcc.a(nwk.o)
 .text.nwkLeaveReqMacResetConf
                0x0000c066      0x104 ./../../../../BitCloud/lib/libBc_All_Atmega1281_Rf230_Gcc.a(nwk.o)
 .text.NWK_StopActivities
                0x0000c16a       0x1e ./../../../../BitCloud/lib/libBc_All_Atmega1281_Rf230_Gcc.a(nwk.o)
                0x0000c16a                NWK_StopActivities
 .text.nwkRejoinResponseFrameInd
                0x0000c188      0x142 ./../../../../BitCloud/lib/libBc_All_Atmega1281_Rf230_Gcc.a(nwk.o)
 .text.responseWaitTimerFired
                0x0000c2ca       0x50 ./../../../../BitCloud/lib/libBc_All_Atmega1281_Rf230_Gcc.a(nwk.o)
 .text.nwkSyncPollReq
                0x0000c31a       0x2e ./../../../../BitCloud/lib/libBc_All_Atmega1281_Rf230_Gcc.a(nwk.o)
 .text.nwkSyncTaskHandler
                0x0000c348       0x80 ./../../../../BitCloud/lib/libBc_All_Atmega1281_Rf230_Gcc.a(nwk.o)
 .text.nwkSyncMacPollConf
                0x0000c3c8       0x34 ./../../../../BitCloud/lib/libBc_All_Atmega1281_Rf230_Gcc.a(nwk.o)
 .text.nwkTxDelayTimerFired
                0x0000c3fc       0x84 ./../../../../BitCloud/lib/libBc_All_Atmega1281_Rf230_Gcc.a(nwk.o)
 .text.nwkResetMacResetConf
                0x0000c480      0x472 ./../../../../BitCloud/lib/libBc_All_Atmega1281_Rf230_Gcc.a(nwk.o)
 .text.nwkRxIndication
                0x0000c8f2      0x19e ./../../../../BitCloud/lib/libBc_All_Atmega1281_Rf230_Gcc.a(nwk.o)
 .text.MAC_DataInd
                0x0000ca90      0x35c ./../../../../BitCloud/lib/libBc_All_Atmega1281_Rf230_Gcc.a(nwk.o)
                0x0000ca90                MAC_DataInd
 .text.NWK_RemoveNeighbor
                0x0000cdec       0x6c ./../../../../BitCloud/lib/libBc_All_Atmega1281_Rf230_Gcc.a(nwk.o)
                0x0000cdec                NWK_RemoveNeighbor
 .text.neighborTimerFired
                0x0000ce58       0x92 ./../../../../BitCloud/lib/libBc_All_Atmega1281_Rf230_Gcc.a(nwk.o)
 .text.nwkConfirmLeaveChildTx
                0x0000ceea       0x8e ./../../../../BitCloud/lib/libBc_All_Atmega1281_Rf230_Gcc.a(nwk.o)
 .text.nwkLeaveFrameInd
                0x0000cf78       0xde ./../../../../BitCloud/lib/libBc_All_Atmega1281_Rf230_Gcc.a(nwk.o)
 .text.NWK_GetShortByExtAddress
                0x0000d056       0x5e ./../../../../BitCloud/lib/libBc_All_Atmega1281_Rf230_Gcc.a(nwk.o)
                0x0000d056                NWK_GetShortByExtAddress
 .text.nwkAllocNonConflAddr
                0x0000d0b4       0xba ./../../../../BitCloud/lib/libBc_All_Atmega1281_Rf230_Gcc.a(nwk.o)
                0x0000d0b4                nwkAllocNonConflAddr
 .text.NWK_NetworkDiscoveryConf
                0x0000d16e       0x88 ./../../../../BitCloud/lib/libBc_All_Atmega1281_Rf230_Gcc.a(nwk.o)
 .text.nwkAllocateShortAddr
                0x0000d1f6       0x58 ./../../../../BitCloud/lib/libBc_All_Atmega1281_Rf230_Gcc.a(nwk.o)
 .text.nwkResolveAddressConflict
                0x0000d24e      0x1fe ./../../../../BitCloud/lib/libBc_All_Atmega1281_Rf230_Gcc.a(nwk.o)
 .text.nwkAddressConflictTaskHandler
                0x0000d44c       0xa0 ./../../../../BitCloud/lib/libBc_All_Atmega1281_Rf230_Gcc.a(nwk.o)
 .text.nwkStatusFrameInd
                0x0000d4ec       0x46 ./../../../../BitCloud/lib/libBc_All_Atmega1281_Rf230_Gcc.a(nwk.o)
 .text.nwkAddChild
                0x0000d532      0x350 ./../../../../BitCloud/lib/libBc_All_Atmega1281_Rf230_Gcc.a(nwk.o)
 .text.nwkRejoinRequestFrameInd
                0x0000d882      0x10a ./../../../../BitCloud/lib/libBc_All_Atmega1281_Rf230_Gcc.a(nwk.o)
 .text.MAC_AssociateInd
                0x0000d98c       0xe0 ./../../../../BitCloud/lib/libBc_All_Atmega1281_Rf230_Gcc.a(nwk.o)
                0x0000d98c                MAC_AssociateInd
 .text.putQueueElem
                0x0000da6c       0x30 ./../../../../BitCloud/lib/libBc_All_Atmega1281_Rf230_Gcc.a(queue.o)
                0x0000da6c                putQueueElem
 .text.deleteHeadQueueElem
                0x0000da9c       0x20 ./../../../../BitCloud/lib/libBc_All_Atmega1281_Rf230_Gcc.a(queue.o)
                0x0000da9c                deleteHeadQueueElem
 .text.deleteQueueElem
                0x0000dabc       0x40 ./../../../../BitCloud/lib/libBc_All_Atmega1281_Rf230_Gcc.a(queue.o)
                0x0000dabc                deleteQueueElem
 .text.SYS_DuplicateTableReset
                0x0000dafc       0x52 ./../../../../BitCloud/lib/libBc_All_Atmega1281_Rf230_Gcc.a(sysDuplicateTable.o)
                0x0000dafc                SYS_DuplicateTableReset
 .text.duplicateTableUpdate
                0x0000db4e       0x9a ./../../../../BitCloud/lib/libBc_All_Atmega1281_Rf230_Gcc.a(sysDuplicateTable.o)
                0x0000db4e                duplicateTableUpdate
 .text.SYS_DuplicateTableCheck
                0x0000dbe8      0x102 ./../../../../BitCloud/lib/libBc_All_Atmega1281_Rf230_Gcc.a(sysDuplicateTable.o)
                0x0000dbe8                SYS_DuplicateTableCheck
 .text.SYS_StopTimer
                0x0000dcea       0x12 ./../../../../BitCloud/lib/libBc_All_Atmega1281_Rf230_Gcc.a(sysTimer.o)
                0x0000dcea                SYS_StopTimer
 .text.SYS_InitTimer
                0x0000dcfc       0x44 ./../../../../BitCloud/lib/libBc_All_Atmega1281_Rf230_Gcc.a(sysTimer.o)
                0x0000dcfc                SYS_InitTimer
 .text.SYS_StartTimer
                0x0000dd40       0x14 ./../../../../BitCloud/lib/libBc_All_Atmega1281_Rf230_Gcc.a(sysTimer.o)
                0x0000dd40                SYS_StartTimer
 .text.SYS_RunTask
                0x0000dd54       0x74 ./../../../../BitCloud/lib/libBc_All_Atmega1281_Rf230_Gcc.a(taskManager.o)
                0x0000dd54                SYS_RunTask
 .text.SYS_ForceRunTask
                0x0000ddc8        0x6 ./../../../../BitCloud/lib/libBc_All_Atmega1281_Rf230_Gcc.a(taskManager.o)
                0x0000ddc8                SYS_ForceRunTask
 .text.SYS_SysInit
                0x0000ddce       0x22 ./../../../../BitCloud/lib/libBc_All_Atmega1281_Rf230_Gcc.a(taskManager.o)
                0x0000ddce                SYS_SysInit
 .text.zdoNwkManagerReset
                0x0000ddf0       0x10 ./../../../../BitCloud/lib/libBc_All_Atmega1281_Rf230_Gcc.a(zdoNwkManager.o)
                0x0000ddf0                zdoNwkManagerReset
 .text.zdoSendDeviceAnnce
                0x0000de00       0x80 ./../../../../BitCloud/lib/libBc_All_Atmega1281_Rf230_Gcc.a(zdoNwkManager.o)
                0x0000de00                zdoSendDeviceAnnce
 .text.zdoSendDeviceAnnceConf
                0x0000de80       0x38 ./../../../../BitCloud/lib/libBc_All_Atmega1281_Rf230_Gcc.a(zdoNwkManager.o)
 .text.NWK_NwkStatusInd
                0x0000deb8       0xb2 ./../../../../BitCloud/lib/libBc_All_Atmega1281_Rf230_Gcc.a(zdoNwkManager.o)
                0x0000deb8                NWK_NwkStatusInd
 .text.NWK_LeaveInd
                0x0000df6a       0x6c ./../../../../BitCloud/lib/libBc_All_Atmega1281_Rf230_Gcc.a(zdoNwkManager.o)
                0x0000df6a                NWK_LeaveInd
 .text.NWK_JoinInd
                0x0000dfd6       0x4e ./../../../../BitCloud/lib/libBc_All_Atmega1281_Rf230_Gcc.a(zdoNwkManager.o)
                0x0000dfd6                NWK_JoinInd
 .text.confirm  0x0000e024       0x10 ./../../../../BitCloud/lib/libBc_All_Atmega1281_Rf230_Gcc.a(zdoStartNetwork.o)
 .text.zdoStartNetworkAlloc
                0x0000e034       0x1e ./../../../../BitCloud/lib/libBc_All_Atmega1281_Rf230_Gcc.a(zdoStartNetwork.o)
                0x0000e034                zdoStartNetworkAlloc
 .text.zdoStartNetworkReset
                0x0000e052        0xe ./../../../../BitCloud/lib/libBc_All_Atmega1281_Rf230_Gcc.a(zdoStartNetwork.o)
                0x0000e052                zdoStartNetworkReset
 .text.checkRequestsQueue
                0x0000e060       0x2c ./../../../../BitCloud/lib/libBc_All_Atmega1281_Rf230_Gcc.a(zdoStartNetwork.o)
 .text.zdoStartNetworkFree
                0x0000e08c        0xe ./../../../../BitCloud/lib/libBc_All_Atmega1281_Rf230_Gcc.a(zdoStartNetwork.o)
                0x0000e08c                zdoStartNetworkFree
 .text.startConfirm
                0x0000e09a       0x30 ./../../../../BitCloud/lib/libBc_All_Atmega1281_Rf230_Gcc.a(zdoStartNetwork.o)
 .text.deviceAnnceConf
                0x0000e0ca       0x16 ./../../../../BitCloud/lib/libBc_All_Atmega1281_Rf230_Gcc.a(zdoStartNetwork.o)
 .text.APS_StartConf
                0x0000e0e0       0x48 ./../../../../BitCloud/lib/libBc_All_Atmega1281_Rf230_Gcc.a(zdoStartNetwork.o)
 .text.startAps
                0x0000e128       0x32 ./../../../../BitCloud/lib/libBc_All_Atmega1281_Rf230_Gcc.a(zdoStartNetwork.o)
 .text.NWK_StartRouterConf
                0x0000e15a       0x14 ./../../../../BitCloud/lib/libBc_All_Atmega1281_Rf230_Gcc.a(zdoStartNetwork.o)
 .text.permitJoin
                0x0000e16e       0x24 ./../../../../BitCloud/lib/libBc_All_Atmega1281_Rf230_Gcc.a(zdoStartNetwork.o)
 .text.NWK_PermitJoinConf
                0x0000e192       0x62 ./../../../../BitCloud/lib/libBc_All_Atmega1281_Rf230_Gcc.a(zdoStartNetwork.o)
 .text.zdoSetOutOfNetworkFlag
                0x0000e1f4       0x36 ./../../../../BitCloud/lib/libBc_All_Atmega1281_Rf230_Gcc.a(zdoStartNetwork.o)
 .text.zdoAuthenticationConf
                0x0000e22a       0x30 ./../../../../BitCloud/lib/libBc_All_Atmega1281_Rf230_Gcc.a(zdoStartNetwork.o)
                0x0000e22a                zdoAuthenticationConf
 .text.zdoNetworkFormationReq
                0x0000e25a       0x44 ./../../../../BitCloud/lib/libBc_All_Atmega1281_Rf230_Gcc.a(zdoStartNetwork.o)
                0x0000e25a                zdoNetworkFormationReq
 .text.NWK_NetworkFormationConf
                0x0000e29e       0x18 ./../../../../BitCloud/lib/libBc_All_Atmega1281_Rf230_Gcc.a(zdoStartNetwork.o)
 .text.joinNetwork
                0x0000e2b6       0x8c ./../../../../BitCloud/lib/libBc_All_Atmega1281_Rf230_Gcc.a(zdoStartNetwork.o)
 .text.zdoRejoinNetwork
                0x0000e342       0x12 ./../../../../BitCloud/lib/libBc_All_Atmega1281_Rf230_Gcc.a(zdoStartNetwork.o)
                0x0000e342                zdoRejoinNetwork
 .text.joinTimerFired
                0x0000e354        0x6 ./../../../../BitCloud/lib/libBc_All_Atmega1281_Rf230_Gcc.a(zdoStartNetwork.o)
 .text.joined   0x0000e35a        0xc ./../../../../BitCloud/lib/libBc_All_Atmega1281_Rf230_Gcc.a(zdoStartNetwork.o)
 .text.NWK_JoinConf
                0x0000e366       0x54 ./../../../../BitCloud/lib/libBc_All_Atmega1281_Rf230_Gcc.a(zdoStartNetwork.o)
 .text.zdoStartNetworkTaskHandler
                0x0000e3ba      0x11e ./../../../../BitCloud/lib/libBc_All_Atmega1281_Rf230_Gcc.a(zdoStartNetwork.o)
                0x0000e3ba                zdoStartNetworkTaskHandler
 .text.zdoStartNetworkStackResetConf
                0x0000e4d8       0x5e ./../../../../BitCloud/lib/libBc_All_Atmega1281_Rf230_Gcc.a(zdoStartNetwork.o)
 .text.ZDO_StartNetworkReq
                0x0000e536       0x10 ./../../../../BitCloud/lib/libBc_All_Atmega1281_Rf230_Gcc.a(zdoStartNetwork.o)
                0x0000e536                ZDO_StartNetworkReq
 .text.zdoPostTask
                0x0000e546       0x3c ./../../../../BitCloud/lib/libBc_All_Atmega1281_Rf230_Gcc.a(zdoTaskManager.o)
                0x0000e546                zdoPostTask
 .text.zdoUnpostTask
                0x0000e582       0x28 ./../../../../BitCloud/lib/libBc_All_Atmega1281_Rf230_Gcc.a(zdoTaskManager.o)
                0x0000e582                zdoUnpostTask
 .text.ZDO_TaskHandler
                0x0000e5aa       0x7a ./../../../../BitCloud/lib/libBc_All_Atmega1281_Rf230_Gcc.a(zdoTaskManager.o)
                0x0000e5aa                ZDO_TaskHandler
 .text.zdoSetZdpIndState
                0x0000e624       0x10 ./../../../../BitCloud/lib/libBc_All_Atmega1281_Rf230_Gcc.a(zdoZdpFrameProcessor.o)
                0x0000e624                zdoSetZdpIndState
 .text.zdoSetZdpDataReqState
                0x0000e634       0x22 ./../../../../BitCloud/lib/libBc_All_Atmega1281_Rf230_Gcc.a(zdoZdpFrameProcessor.o)
                0x0000e634                zdoSetZdpDataReqState
 .text.zdoZdpSendRequest
                0x0000e656       0x10 ./../../../../BitCloud/lib/libBc_All_Atmega1281_Rf230_Gcc.a(zdoZdpFrameProcessor.o)
                0x0000e656                zdoZdpSendRequest
 .text.zdoZdpFrameProcessorHandler
                0x0000e666      0x1b0 ./../../../../BitCloud/lib/libBc_All_Atmega1281_Rf230_Gcc.a(zdoZdpFrameProcessor.o)
                0x0000e666                zdoZdpFrameProcessorHandler
 .text.zdoZdpApsConfCallback
                0x0000e816       0x8a ./../../../../BitCloud/lib/libBc_All_Atmega1281_Rf230_Gcc.a(zdoZdpFrameProcessor.o)
 .text.APS_ZdoDataInd
                0x0000e8a0      0x14a ./../../../../BitCloud/lib/libBc_All_Atmega1281_Rf230_Gcc.a(zdoZdpFrameProcessor.o)
                0x0000e8a0                APS_ZdoDataInd
 .text.zdoZdpFrameProcessorReset
                0x0000e9ea       0x3c ./../../../../BitCloud/lib/libBc_All_Atmega1281_Rf230_Gcc.a(zdoZdpFrameProcessor.o)
                0x0000e9ea                zdoZdpFrameProcessorReset
 .text.zdoInitZdpRequestTTL
                0x0000ea26       0x16 ./../../../../BitCloud/lib/libBc_All_Atmega1281_Rf230_Gcc.a(zdoZdpManager.o)
                0x0000ea26                zdoInitZdpRequestTTL
 .text.ttlUpdateTimerFired
                0x0000ea3c       0x66 ./../../../../BitCloud/lib/libBc_All_Atmega1281_Rf230_Gcc.a(zdoZdpManager.o)
 .text.zdoZdpManagerHandler
                0x0000eaa2      0x12c ./../../../../BitCloud/lib/libBc_All_Atmega1281_Rf230_Gcc.a(zdoZdpManager.o)
                0x0000eaa2                zdoZdpManagerHandler
 .text.ZDO_ZdpReq
                0x0000ebce       0x5c ./../../../../BitCloud/lib/libBc_All_Atmega1281_Rf230_Gcc.a(zdoZdpManager.o)
                0x0000ebce                ZDO_ZdpReq
 .text.zdoZdpResetReq
                0x0000ec2a       0x58 ./../../../../BitCloud/lib/libBc_All_Atmega1281_Rf230_Gcc.a(zdoZdpManager.o)
                0x0000ec2a                zdoZdpResetReq
 .text.setNetworkParametersToZib
                0x0000ec82       0x48 ./../../../../BitCloud/lib/libBc_All_Atmega1281_Rf230_Gcc.a(zdoZib.o)
                0x0000ec82                setNetworkParametersToZib
 .text.zdoReloadZibFromConfigServer
                0x0000ecca      0x13c ./../../../../BitCloud/lib/libBc_All_Atmega1281_Rf230_Gcc.a(zdoZib.o)
                0x0000ecca                zdoReloadZibFromConfigServer
 .text.postNewMacRequest
                0x0000ee06       0x46 ./../../../../BitCloud/lib/libBc_All_Atmega1281_Rf230_Gcc.a(machwdManager.o)
 .text.MAC_PHY_HWD_TaskHandler
                0x0000ee4c      0x1b0 ./../../../../BitCloud/lib/libBc_All_Atmega1281_Rf230_Gcc.a(machwdManager.o)
                0x0000ee4c                MAC_PHY_HWD_TaskHandler
 .text.MACHWD_Reset
                0x0000effc       0x46 ./../../../../BitCloud/lib/libBc_All_Atmega1281_Rf230_Gcc.a(machwdManager.o)
                0x0000effc                MACHWD_Reset
 .text.putReqInQueue
                0x0000f042       0x18 ./../../../../BitCloud/lib/libBc_All_Atmega1281_Rf230_Gcc.a(machwdManager.o)
 .text.RF_RandomReq
                0x0000f05a       0x16 ./../../../../BitCloud/lib/libBc_All_Atmega1281_Rf230_Gcc.a(machwdManager.o)
                0x0000f05a                RF_RandomReq
 .text.MACHWD_EdReq
                0x0000f070        0xe ./../../../../BitCloud/lib/libBc_All_Atmega1281_Rf230_Gcc.a(machwdManager.o)
                0x0000f070                MACHWD_EdReq
 .text.MACHWD_SetReq
                0x0000f07e        0xe ./../../../../BitCloud/lib/libBc_All_Atmega1281_Rf230_Gcc.a(machwdManager.o)
                0x0000f07e                MACHWD_SetReq
 .text.MACHWD_SetTrxStateReq
                0x0000f08c        0xe ./../../../../BitCloud/lib/libBc_All_Atmega1281_Rf230_Gcc.a(machwdManager.o)
                0x0000f08c                MACHWD_SetTrxStateReq
 .text.MACHWD_DataReq
                0x0000f09a        0xa ./../../../../BitCloud/lib/libBc_All_Atmega1281_Rf230_Gcc.a(machwdManager.o)
                0x0000f09a                MACHWD_DataReq
 .text.machwdReset
                0x0000f0a4       0xaa ./../../../../BitCloud/lib/libBc_All_Atmega1281_Rf230_Gcc.a(machwdResetHandler.o)
                0x0000f0a4                machwdReset
 .text.machwdRndReqHandler
                0x0000f14e       0x14 ./../../../../BitCloud/lib/libBc_All_Atmega1281_Rf230_Gcc.a(machwdRndHandler.o)
                0x0000f14e                machwdRndReqHandler
 .text.machwdNextBuffer
                0x0000f162       0x10 ./../../../../BitCloud/lib/libBc_All_Atmega1281_Rf230_Gcc.a(machwdRxBuffer.o)
                0x0000f162                machwdNextBuffer
 .text.machwdReleaseBuffer
                0x0000f172       0x62 ./../../../../BitCloud/lib/libBc_All_Atmega1281_Rf230_Gcc.a(machwdRxBuffer.o)
                0x0000f172                machwdReleaseBuffer
 .text.machwdNextBufferPresent
                0x0000f1d4       0x22 ./../../../../BitCloud/lib/libBc_All_Atmega1281_Rf230_Gcc.a(machwdRxBuffer.o)
                0x0000f1d4                machwdNextBufferPresent
 .text.machwdResetRxBuffer
                0x0000f1f6       0x62 ./../../../../BitCloud/lib/libBc_All_Atmega1281_Rf230_Gcc.a(machwdRxBuffer.o)
                0x0000f1f6                machwdResetRxBuffer
 .text.machwdRxFrameIndTaskHandler
                0x0000f258      0x11e ./../../../../BitCloud/lib/libBc_All_Atmega1281_Rf230_Gcc.a(machwdRxFrameHandler.o)
                0x0000f258                machwdRxFrameIndTaskHandler
 .text.machwdRxFrameTaskHandler
                0x0000f376       0x46 ./../../../../BitCloud/lib/libBc_All_Atmega1281_Rf230_Gcc.a(machwdRxFrameHandler.o)
                0x0000f376                machwdRxFrameTaskHandler
 .text.machwdIsBeaconRxMode
                0x0000f3bc        0x6 ./../../../../BitCloud/lib/libBc_All_Atmega1281_Rf230_Gcc.a(machwdSetHandler.o)
                0x0000f3bc                machwdIsBeaconRxMode
 .text.machwdResetSetHandler
                0x0000f3c2        0xe ./../../../../BitCloud/lib/libBc_All_Atmega1281_Rf230_Gcc.a(machwdSetHandler.o)
                0x0000f3c2                machwdResetSetHandler
 .text.executeSetReq
                0x0000f3d0       0x98 ./../../../../BitCloud/lib/libBc_All_Atmega1281_Rf230_Gcc.a(machwdSetHandler.o)
 .text.machwdSetTaskHandler
                0x0000f468       0x2e ./../../../../BitCloud/lib/libBc_All_Atmega1281_Rf230_Gcc.a(machwdSetHandler.o)
                0x0000f468                machwdSetTaskHandler
 .text.machwdSetReqHandler
                0x0000f496      0x116 ./../../../../BitCloud/lib/libBc_All_Atmega1281_Rf230_Gcc.a(machwdSetHandler.o)
                0x0000f496                machwdSetReqHandler
 .text.machwdConvertTrxCmdToTrxState
                0x0000f5ac       0x16 ./../../../../BitCloud/lib/libBc_All_Atmega1281_Rf230_Gcc.a(machwdTrxCtrl.o)
                0x0000f5ac                machwdConvertTrxCmdToTrxState
 .text.machwdConvertTrxStateToTrxCmd
                0x0000f5c2       0x1e ./../../../../BitCloud/lib/libBc_All_Atmega1281_Rf230_Gcc.a(machwdTrxCtrl.o)
                0x0000f5c2                machwdConvertTrxStateToTrxCmd
 .text.machwdGetPhyTrxCmd
                0x0000f5e0       0x22 ./../../../../BitCloud/lib/libBc_All_Atmega1281_Rf230_Gcc.a(machwdTrxCtrl.o)
                0x0000f5e0                machwdGetPhyTrxCmd
 .text.machwdSendTrxCmd
                0x0000f602        0xe ./../../../../BitCloud/lib/libBc_All_Atmega1281_Rf230_Gcc.a(machwdTrxCtrl.o)