Archive member included because of file (symbol)

./../../../../BitCloud/lib/libHAL_ZigBit_Atmega1281_8Mhz_Gcc.a(halRfCtrl.o)
                              All_ZigBit_Atmega1281_Rf230_8Mhz_Gcc/Obj/pwrCtrl.o (HAL_IsAmplifierUsed)
./../../../../BitCloud/lib/libHAL_ZigBit_Atmega1281_8Mhz_Gcc.a(halW1.o)
                              ./../../../../BitCloud/lib/libHAL_ZigBit_Atmega1281_8Mhz_Gcc.a(halRfCtrl.o) (__delay_us)
./../../../../BitCloud/lib/libHAL_ZigBit_Atmega1281_8Mhz_Gcc.a(pwm.o)
                              All_ZigBit_Atmega1281_Rf230_8Mhz_Gcc/Obj/CommandModule.o (HAL_SetPwmCompareValue)
./../../../../BitCloud/lib/libHAL_ZigBit_Atmega1281_8Mhz_Gcc.a(appTimer.o)
                              All_ZigBit_Atmega1281_Rf230_8Mhz_Gcc/Obj/pdsDataServer.o (HAL_StopAppTimer)
./../../../../BitCloud/lib/libHAL_ZigBit_Atmega1281_8Mhz_Gcc.a(irq.o)
                              All_ZigBit_Atmega1281_Rf230_8Mhz_Gcc/Obj/buttons.o (HAL_EnableIrq)
./../../../../BitCloud/lib/libHAL_ZigBit_Atmega1281_8Mhz_Gcc.a(i2cPacket.o)
                              All_ZigBit_Atmega1281_Rf230_8Mhz_Gcc/Obj/lm73.o (HAL_CloseI2cPacket)
./../../../../BitCloud/lib/libHAL_ZigBit_Atmega1281_8Mhz_Gcc.a(eeprom.o)
                              All_ZigBit_Atmega1281_Rf230_8Mhz_Gcc/Obj/pdsWriteData.o (HAL_ReadEeprom)
./../../../../BitCloud/lib/libHAL_ZigBit_Atmega1281_8Mhz_Gcc.a(timer.o)
                              ./../../../../BitCloud/lib/libHAL_ZigBit_Atmega1281_8Mhz_Gcc.a(appTimer.o) (halAddTimer)
./../../../../BitCloud/lib/libHAL_ZigBit_Atmega1281_8Mhz_Gcc.a(adc.o)
                              All_ZigBit_Atmega1281_Rf230_8Mhz_Gcc/Obj/battery.o (HAL_CloseAdc)
./../../../../BitCloud/lib/libHAL_ZigBit_Atmega1281_8Mhz_Gcc.a(halPwm.o)
                              ./../../../../BitCloud/lib/libHAL_ZigBit_Atmega1281_8Mhz_Gcc.a(pwm.o) (halPreparePwmChannelAccess)
./../../../../BitCloud/lib/libHAL_ZigBit_Atmega1281_8Mhz_Gcc.a(halSleepTimerClock.o)
                              ./../../../../BitCloud/lib/libHAL_ZigBit_Atmega1281_8Mhz_Gcc.a(appTimer.o) (halGetTimeOfSleepTimer)
./../../../../BitCloud/lib/libHAL_ZigBit_Atmega1281_8Mhz_Gcc.a(halAppClock.o)
                              ./../../../../BitCloud/lib/libHAL_ZigBit_Atmega1281_8Mhz_Gcc.a(appTimer.o) (halGetTimeOfAppTimer)
./../../../../BitCloud/lib/libHAL_ZigBit_Atmega1281_8Mhz_Gcc.a(halIrq.o)
                              ./../../../../BitCloud/lib/libHAL_ZigBit_Atmega1281_8Mhz_Gcc.a(irq.o) (halSetIrqConfig)
./../../../../BitCloud/lib/libHAL_ZigBit_Atmega1281_8Mhz_Gcc.a(i2c.o)
                              ./../../../../BitCloud/lib/libHAL_ZigBit_Atmega1281_8Mhz_Gcc.a(i2cPacket.o) (halInitI2c)
./../../../../BitCloud/lib/libHAL_ZigBit_Atmega1281_8Mhz_Gcc.a(halEeprom.o)
                              ./../../../../BitCloud/lib/libHAL_ZigBit_Atmega1281_8Mhz_Gcc.a(eeprom.o) (halEepromWrite)
./../../../../BitCloud/lib/libHAL_ZigBit_Atmega1281_8Mhz_Gcc.a(halSleep.o)
                              ./../../../../BitCloud/lib/libHAL_ZigBit_Atmega1281_8Mhz_Gcc.a(halSleepTimerClock.o) (HAL_Sleep)
./../../../../BitCloud/lib/libHAL_ZigBit_Atmega1281_8Mhz_Gcc.a(halAdc.o)
                              ./../../../../BitCloud/lib/libHAL_ZigBit_Atmega1281_8Mhz_Gcc.a(adc.o) (halCloseAdc)
./../../../../BitCloud/lib/libHAL_ZigBit_Atmega1281_8Mhz_Gcc.a(calibration.o)
                              ./../../../../BitCloud/lib/libHAL_ZigBit_Atmega1281_8Mhz_Gcc.a(halSleep.o) (halStartingCalibrate)
./../../../../BitCloud/lib/libHAL_ZigBit_Atmega1281_8Mhz_Gcc.a(halRfSpi.o)
                              ./../../../../BitCloud/lib/libHAL_ZigBit_Atmega1281_8Mhz_Gcc.a(halRfCtrl.o) (HAL_WriteByteRfSpi)
./../../../../BitCloud/lib/libHAL_ZigBit_Atmega1281_8Mhz_Gcc.a(halCalibration.o)
                              ./../../../../BitCloud/lib/libHAL_ZigBit_Atmega1281_8Mhz_Gcc.a(calibration.o) (halMeasurement)
./../../../../BitCloud/lib/libHAL_ZigBit_Atmega1281_8Mhz_Gcc.a(halTaskManager.o)
                              ./../../../../BitCloud/lib/libHAL_ZigBit_Atmega1281_8Mhz_Gcc.a(halSleepTimerClock.o) (halTaskFlags0)
./../../../../BitCloud/lib/libHAL_ZigBit_Atmega1281_8Mhz_Gcc.a(usart.o)
                              ./../../../../BitCloud/lib/libHAL_ZigBit_Atmega1281_8Mhz_Gcc.a(halSleep.o) (halEnableDtrWakeUp)
./../../../../BitCloud/lib/libHAL_ZigBit_Atmega1281_8Mhz_Gcc.a(sleep.o)
                              ./../../../../BitCloud/lib/libHAL_ZigBit_Atmega1281_8Mhz_Gcc.a(halSleepTimerClock.o) (halSleepControl)
./../../../../BitCloud/lib/libHAL_ZigBit_Atmega1281_8Mhz_Gcc.a(halClkCtrl.o)
                              ./../../../../BitCloud/lib/libHAL_ZigBit_Atmega1281_8Mhz_Gcc.a(halSleep.o) (halGetClockSource)
./../../../../BitCloud/lib/libHAL_ZigBit_Atmega1281_8Mhz_Gcc.a(halUsart.o)
                              ./../../../../BitCloud/lib/libHAL_ZigBit_Atmega1281_8Mhz_Gcc.a(usart.o) (halSetUsartConfig)
[...]
Memory Configuration

Name             Origin             Length             Attributes
text             0x00000000         0x00020000         xr
data             0x00800200         0x00001e0c         rw !x
eeprom           0x00810000         0x00001000         rw !x
*default*        0x00000000         0xffffffff

Linker script and memory map

Address of section .data set to 0x800200
LOAD c:/program files (x86)/atmel/avr studio 5.0/avr toolchain/bin/../lib/gcc/avr/4.5.1/../../../../avr/lib/avr51/crtm1281.o

.text           0x00000000    0x15aa8
                0x00000000                PROVIDE (__text_start, .)
 *(.vectors)
 .vectors       0x00000000       0xcc c:/program files (x86)/atmel/avr studio 5.0/avr toolchain/bin/../lib/gcc/avr/4.5.1/../../../../avr/lib/avr51/crtm1281.o
                0x00000000                __vector_default
                0x00000000                __vectors
 *(.vectors)
 *(.progmem.gcc*)
 .progmem.gcc_sw_table
                0x000000cc      0x110 ./../../../../BitCloud/lib/libBc_All_Atmega1281_Rf230_Gcc.a(macenvPib.o)
 .progmem.gcc_sw_table
                0x000001dc       0x54 ./../../../../BitCloud/lib/libBc_All_Atmega1281_Rf230_Gcc.a(nwk.o)
 .progmem.gcc_sw_table
                0x00000230       0x3c ./../../../../BitCloud/lib/libBc_All_Atmega1281_Rf230_Gcc.a(machwiManager.o)
 .progmem.gcc_sw_table
                0x0000026c       0x16 ./../../../../BitCloud/lib/libBc_All_Atmega1281_Rf230_Gcc.a(machwiPanServer.o)
 .progmem.gcc_sw_table
                0x00000282       0x20 ./../../../../BitCloud/lib/libBc_All_Atmega1281_Rf230_Gcc.a(machwiScanHandler.o)
 .progmem.gcc_sw_table
                0x000002a2       0x58 ./../../../../BitCloud/lib/libBc_All_Atmega1281_Rf230_Gcc.a(zdoDiscoveryManager.o)
 .progmem.gcc_sw_table
                0x000002fa       0x26 ./../../../../BitCloud/lib/libBc_All_Atmega1281_Rf230_Gcc.a(machwdFrameRoutine.o)
 *(.progmem*)
 .progmem.data  0x00000320      0x181 All_ZigBit_Atmega1281_Rf230_8Mhz_Gcc/Obj/tsl2550.o
                0x00000320                tsl2550Ratio
                0x000003a1                tsl2550Count
 .progmem.data  0x000004a1       0x5c All_ZigBit_Atmega1281_Rf230_8Mhz_Gcc/Obj/csPersistentMem.o
                0x000004a1                csPersistentMemTable
 .progmem.data  0x000004fd      0x256 All_ZigBit_Atmega1281_Rf230_8Mhz_Gcc/Obj/csMem.o
                0x000004fd                defaultNIB
                0x0000057f                defaultZIB
                0x000005ae                defaultAIB
                0x000005b0                defaultSIB
                0x000005f1                csReadOnlyItems
                0x0000060f                csMemoryItems
 .progmem.data  0x00000753        0xc ./../../../../BitCloud/lib/libHAL_ZigBit_Atmega1281_8Mhz_Gcc.a(usart.o)
 .progmem.data  0x0000075f       0x10 ./../../../../BitCloud/lib/libBc_All_Atmega1281_Rf230_Gcc.a(aps.o)
 .progmem.data  0x0000076f      0x132 ./../../../../BitCloud/lib/libBc_All_Atmega1281_Rf230_Gcc.a(nwk.o)
                0x000008a2                . = ALIGN (0x2)
 *fill*         0x000008a1        0x1 00
 *(.trampolines*)
 .trampolines   0x000008a2        0x0 linker stubs
 *(.jumptables*)
 *(.lowtext*)
 *(.init0)
 .init0         0x000008a2        0x0 c:/program files (x86)/atmel/avr studio 5.0/avr toolchain/bin/../lib/gcc/avr/4.5.1/../../../../avr/lib/avr51/crtm1281.o
                0x000008a2                __init
 .init0         0x000008a2       0x30 ./../../../../BitCloud/lib/WdtInitatmega1281_Gcc.o
                0x000008a2                halWdtInit
 *(.init0)
 *(.init1)
 *(.init1)
 *(.init2)
 .init2         0x000008d2        0xc c:/program files (x86)/atmel/avr studio 5.0/avr toolchain/bin/../lib/gcc/avr/4.5.1/../../../../avr/lib/avr51/crtm1281.o
 *(.init2)
 *(.init3)
 *(.init3)
 *(.init4)
 .init4         0x000008de       0x1a c:/program files (x86)/atmel/avr studio 5.0/avr toolchain/bin/../lib/gcc/avr/4.5.1/avr51\libgcc.a(_copy_data.o)
                0x000008de                __do_copy_data
 .init4         0x000008f8       0x10 c:/program files (x86)/atmel/avr studio 5.0/avr toolchain/bin/../lib/gcc/avr/4.5.1/avr51\libgcc.a(_clear_bss.o)
                0x000008f8                __do_clear_bss
 *(.init4)
 *(.init5)
 *(.init5)
 *(.init6)
 *(.init6)
 *(.init7)
 *(.init7)
 *(.init8)
 *(.init8)
 *(.text.main)
 .text.main     0x00000908        0xa All_ZigBit_Atmega1281_Rf230_8Mhz_Gcc/Obj/CommandModule.o
                0x00000908                main
 *(.text.main)
 *(.text)
 .text          0x00000912        0x4 c:/program files (x86)/atmel/avr studio 5.0/avr toolchain/bin/../lib/gcc/avr/4.5.1/../../../../avr/lib/avr51/crtm1281.o
                0x00000912                __vector_22
                0x00000912                __vector_28
                0x00000912                __vector_1
                0x00000912                __vector_32
                0x00000912                __vector_34
                0x00000912                __vector_24
                0x00000912                __vector_12
                0x00000912                __vector_46
                0x00000912                __bad_interrupt
                0x00000912                __vector_31
                0x00000912                __vector_35
                0x00000912                __vector_3
                0x00000912                __vector_23
                0x00000912                __vector_45
                0x00000912                __vector_11
                0x00000912                __vector_17
                0x00000912                __vector_19
                0x00000912                __vector_49
                0x00000912                __vector_41
                0x00000912                __vector_33
                0x00000912                __vector_47
                0x00000912                __vector_4
                0x00000912                __vector_44
                0x00000912                __vector_9
                0x00000912                __vector_2
                0x00000912                __vector_21
                0x00000912                __vector_40
                0x00000912                __vector_48
                0x00000912                __vector_14
                0x00000912                __vector_10
                0x00000912                __vector_50
                0x00000912                __vector_16
                0x00000912                __vector_18
                0x00000912                __vector_20
 .text          0x00000916       0xce ./../../../../BitCloud/lib/libHAL_ZigBit_Atmega1281_8Mhz_Gcc.a(halW1.o)
                0x00000916                halResetW1
                0x0000094a                halReadW1Bit
                0x0000097a                halReadW1
                0x00000996                halWriteW1bit
                0x000009c2                halWriteW1
                0x000009d4                __delay_us
 .text          0x000009e4       0x3a ./../../../../BitCloud/lib/libHAL_ZigBit_Atmega1281_8Mhz_Gcc.a(halCalibration.o)
                0x000009e4                halMeasurement
 .text          0x00000a1e       0xe2 c:/program files (x86)/atmel/avr studio 5.0/avr toolchain/bin/../lib/gcc/avr/4.5.1/avr51\libgcc.a(_lshrdi3.o)
                0x00000a1e                __lshrdi3
 .text          0x00000b00       0xe2 c:/program files (x86)/atmel/avr studio 5.0/avr toolchain/bin/../lib/gcc/avr/4.5.1/avr51\libgcc.a(_ashldi3.o)
                0x00000b00                __ashldi3
 *(.text.*)
 .text.pdsDummyCallback
                0x00000be2        0x2 All_ZigBit_Atmega1281_Rf230_8Mhz_Gcc/Obj/pdsWriteData.o
                0x00000be2                pdsDummyCallback
 .text.pdsStartPdsTimer
                0x00000be4       0x5c All_ZigBit_Atmega1281_Rf230_8Mhz_Gcc/Obj/pdsWriteData.o
                0x00000be4                pdsStartPdsTimer
 .text.pdsStartPersistServer
                0x00000c40        0xc All_ZigBit_Atmega1281_Rf230_8Mhz_Gcc/Obj/pdsWriteData.o
                0x00000c40                pdsStartPersistServer
 .text.pdsPrepareMemoryAccess
                0x00000c4c       0x8e All_ZigBit_Atmega1281_Rf230_8Mhz_Gcc/Obj/pdsWriteData.o
                0x00000c4c                pdsPrepareMemoryAccess
 .text.pdsWaitMemoryFree
                0x00000cda       0x10 All_ZigBit_Atmega1281_Rf230_8Mhz_Gcc/Obj/pdsWriteData.o
                0x00000cda                pdsWaitMemoryFree
 .text.pdsRead  0x00000cea       0x3e All_ZigBit_Atmega1281_Rf230_8Mhz_Gcc/Obj/pdsWriteData.o
                0x00000cea                pdsRead
 .text.pdsUpdate
                0x00000d28       0x40 All_ZigBit_Atmega1281_Rf230_8Mhz_Gcc/Obj/pdsWriteData.o
                0x00000d28                pdsUpdate
 .text.pdsWrite
                0x00000d68       0x3e All_ZigBit_Atmega1281_Rf230_8Mhz_Gcc/Obj/pdsWriteData.o
                0x00000d68                pdsWrite
 .text.pdsOnTimerSave
                0x00000da6       0xe2 All_ZigBit_Atmega1281_Rf230_8Mhz_Gcc/Obj/pdsWriteData.o
                0x00000da6                pdsOnTimerSave
 .text.PDS_Init
                0x00000e88       0x20 All_ZigBit_Atmega1281_Rf230_8Mhz_Gcc/Obj/pdsDataServer.o
                0x00000e88                PDS_Init
 .text.pdsCalculateCrc
                0x00000ea8       0x94 All_ZigBit_Atmega1281_Rf230_8Mhz_Gcc/Obj/pdsCrcService.o
                0x00000ea8                pdsCalculateCrc
 .text.pdsReadCrc
                0x00000f3c       0x92 All_ZigBit_Atmega1281_Rf230_8Mhz_Gcc/Obj/pdsCrcService.o
                0x00000f3c                pdsReadCrc
 .text.pdsWriteCrc
                0x00000fce       0xa6 All_ZigBit_Atmega1281_Rf230_8Mhz_Gcc/Obj/pdsCrcService.o
                0x00000fce                pdsWriteCrc
 .text.pdsCheckPersistMemory
                0x00001074       0x40 All_ZigBit_Atmega1281_Rf230_8Mhz_Gcc/Obj/pdsCrcService.o
                0x00001074                pdsCheckPersistMemory
 .text.bspButtonsHandler
                0x000010b4      0x10e All_ZigBit_Atmega1281_Rf230_8Mhz_Gcc/Obj/buttons.o
                0x000010b4                bspButtonsHandler
 .text.bspOnPeriphery
                0x000011c2       0x3c All_ZigBit_Atmega1281_Rf230_8Mhz_Gcc/Obj/pwrCtrl.o
                0x000011c2                bspOnPeriphery
 .text.BSP_OpenLeds
                0x000011fe       0x10 All_ZigBit_Atmega1281_Rf230_8Mhz_Gcc/Obj/leds.o
                0x000011fe                BSP_OpenLeds
 .text.bspBatteryHandler
                0x0000120e       0x30 All_ZigBit_Atmega1281_Rf230_8Mhz_Gcc/Obj/battery.o
                0x0000120e                bspBatteryHandler
 .text.bspLM73Handler
                0x0000123e       0x20 All_ZigBit_Atmega1281_Rf230_8Mhz_Gcc/Obj/lm73.o
                0x0000123e                bspLM73Handler
 .text.bspTsl2550Handler
                0x0000125e      0x12c All_ZigBit_Atmega1281_Rf230_8Mhz_Gcc/Obj/tsl2550.o
                0x0000125e                bspTsl2550Handler
 .text.BSP_TaskHandler
                0x0000138a       0x7a All_ZigBit_Atmega1281_Rf230_8Mhz_Gcc/Obj/bspTaskManager.o
                0x0000138a                BSP_TaskHandler
 .text.csSetToDefault
                0x00001404       0x80 All_ZigBit_Atmega1281_Rf230_8Mhz_Gcc/Obj/csMem.o
                0x00001404                csSetToDefault
 .text.csGetItem
                0x00001484       0x38 All_ZigBit_Atmega1281_Rf230_8Mhz_Gcc/Obj/configServer.o
 .text.CS_Init  0x000014bc        0xa All_ZigBit_Atmega1281_Rf230_8Mhz_Gcc/Obj/configServer.o
                0x000014bc                CS_Init
 .text.CS_ReadParameter
                0x000014c6       0x36 All_ZigBit_Atmega1281_Rf230_8Mhz_Gcc/Obj/configServer.o
                0x000014c6                CS_ReadParameter
 .text.CS_WriteParameter
                0x000014fc       0x34 All_ZigBit_Atmega1281_Rf230_8Mhz_Gcc/Obj/configServer.o
                0x000014fc                CS_WriteParameter
 .text.CS_GetMemory
                0x00001530       0x18 All_ZigBit_Atmega1281_Rf230_8Mhz_Gcc/Obj/configServer.o
                0x00001530                CS_GetMemory
 .text.shadeCommandReceived
                0x00001548        0x2 All_ZigBit_Atmega1281_Rf230_8Mhz_Gcc/Obj/CommandModule.o
                0x00001548                shadeCommandReceived
 .text.dimmerCommandReceived
                0x0000154a        0x6 All_ZigBit_Atmega1281_Rf230_8Mhz_Gcc/Obj/CommandModule.o
                0x0000154a                dimmerCommandReceived
 .text.networkTransmissionConfirm
                0x00001550        0x2 All_ZigBit_Atmega1281_Rf230_8Mhz_Gcc/Obj/CommandModule.o
 .text.networkStartConfirm
                0x00001552       0x34 All_ZigBit_Atmega1281_Rf230_8Mhz_Gcc/Obj/CommandModule.o
 .text.statusMessageReceived
                0x00001586       0x30 All_ZigBit_Atmega1281_Rf230_8Mhz_Gcc/Obj/CommandModule.o
                0x00001586                statusMessageReceived
 .text.sendDimmerPacket
                0x000015b6       0x7c All_ZigBit_Atmega1281_Rf230_8Mhz_Gcc/Obj/CommandModule.o
                0x000015b6                sendDimmerPacket
 .text.ZDO_MgmtNwkUpdateNotf
                0x00001632       0x34 All_ZigBit_Atmega1281_Rf230_8Mhz_Gcc/Obj/CommandModule.o
                0x00001632                ZDO_MgmtNwkUpdateNotf
 .text.ZDO_WakeUpInd
                0x00001666        0x2 All_ZigBit_Atmega1281_Rf230_8Mhz_Gcc/Obj/CommandModule.o
                0x00001666                ZDO_WakeUpInd
 .text.ZDO_BindIndication
                0x00001668        0x2 All_ZigBit_Atmega1281_Rf230_8Mhz_Gcc/Obj/CommandModule.o
                0x00001668                ZDO_BindIndication
 .text.ZDO_UnbindIndication
                0x0000166a        0x2 All_ZigBit_Atmega1281_Rf230_8Mhz_Gcc/Obj/CommandModule.o
                0x0000166a                ZDO_UnbindIndication
 .text.initializePWM
                0x0000166c       0x40 All_ZigBit_Atmega1281_Rf230_8Mhz_Gcc/Obj/CommandModule.o
                0x0000166c                initializePWM
 .text.initializeConfigurationServer
                0x000016ac       0x20 All_ZigBit_Atmega1281_Rf230_8Mhz_Gcc/Obj/CommandModule.o
                0x000016ac                initializeConfigurationServer
 .text.registerEndpoints
                0x000016cc       0x62 All_ZigBit_Atmega1281_Rf230_8Mhz_Gcc/Obj/CommandModule.o
                0x000016cc                registerEndpoints
 .text.initializeDevice
                0x0000172e       0x2a All_ZigBit_Atmega1281_Rf230_8Mhz_Gcc/Obj/CommandModule.o
                0x0000172e                initializeDevice
 .text.APL_TaskHandler
                0x00001758       0x2a All_ZigBit_Atmega1281_Rf230_8Mhz_Gcc/Obj/CommandModule.o
                0x00001758                APL_TaskHandler
 .text.HAL_ClearRfIrqFlag
                0x00001782        0x6 ./../../../../BitCloud/lib/libHAL_ZigBit_Atmega1281_8Mhz_Gcc.a(halRfCtrl.o)
                0x00001782                HAL_ClearRfIrqFlag
 .text.HAL_EnableRfIrq
                0x00001788        0x4 ./../../../../BitCloud/lib/libHAL_ZigBit_Atmega1281_8Mhz_Gcc.a(halRfCtrl.o)
                0x00001788                HAL_EnableRfIrq
 .text.HAL_DisableRfIrq
                0x0000178c        0x8 ./../../../../BitCloud/lib/libHAL_ZigBit_Atmega1281_8Mhz_Gcc.a(halRfCtrl.o)
                0x0000178c                HAL_DisableRfIrq
 .text.HAL_SetRfSlpTr
                0x00001794        0x4 ./../../../../BitCloud/lib/libHAL_ZigBit_Atmega1281_8Mhz_Gcc.a(halRfCtrl.o)
                0x00001794                HAL_SetRfSlpTr
 .text.HAL_ClearRfSlpTr
                0x00001798        0x4 ./../../../../BitCloud/lib/libHAL_ZigBit_Atmega1281_8Mhz_Gcc.a(halRfCtrl.o)
                0x00001798                HAL_ClearRfSlpTr
 .text.HAL_SetRfRst
                0x0000179c        0x4 ./../../../../BitCloud/lib/libHAL_ZigBit_Atmega1281_8Mhz_Gcc.a(halRfCtrl.o)
                0x0000179c                HAL_SetRfRst
 .text.HAL_ClearRfRst
                0x000017a0        0x4 ./../../../../BitCloud/lib/libHAL_ZigBit_Atmega1281_8Mhz_Gcc.a(halRfCtrl.o)
                0x000017a0                HAL_ClearRfRst
 .text.HAL_InitRfPins
                0x000017a4        0xe ./../../../../BitCloud/lib/libHAL_ZigBit_Atmega1281_8Mhz_Gcc.a(halRfCtrl.o)
                0x000017a4                HAL_InitRfPins
 .text.HAL_InitRfIrq
                0x000017b2        0xc ./../../../../BitCloud/lib/libHAL_ZigBit_Atmega1281_8Mhz_Gcc.a(halRfCtrl.o)
                0x000017b2                HAL_InitRfIrq
 .text.HAL_GetRfFreq
                0x000017be        0x4 ./../../../../BitCloud/lib/libHAL_ZigBit_Atmega1281_8Mhz_Gcc.a(halRfCtrl.o)
                0x000017be                HAL_GetRfFreq
 .text.HAL_IsAmplifierUsed
                0x000017c2        0x4 ./../../../../BitCloud/lib/libHAL_ZigBit_Atmega1281_8Mhz_Gcc.a(halRfCtrl.o)
                0x000017c2                HAL_IsAmplifierUsed
 .text.halWaitRadio
                0x000017c6       0x22 ./../../../../BitCloud/lib/libHAL_ZigBit_Atmega1281_8Mhz_Gcc.a(halRfCtrl.o)
                0x000017c6                halWaitRadio
 .text.HAL_Delay
                0x000017e8        0x6 ./../../../../BitCloud/lib/libHAL_ZigBit_Atmega1281_8Mhz_Gcc.a(halRfCtrl.o)
                0x000017e8                HAL_Delay
 .text.HAL_SetPwmCompareValue
                0x000017ee       0x2c ./../../../../BitCloud/lib/libHAL_ZigBit_Atmega1281_8Mhz_Gcc.a(pwm.o)
                0x000017ee                HAL_SetPwmCompareValue
 .text.HAL_SetPwmFrequency
                0x0000181a       0x16 ./../../../../BitCloud/lib/libHAL_ZigBit_Atmega1281_8Mhz_Gcc.a(pwm.o)
                0x0000181a                HAL_SetPwmFrequency
 .text.HAL_StartPwm
                0x00001830       0x3a ./../../../../BitCloud/lib/libHAL_ZigBit_Atmega1281_8Mhz_Gcc.a(pwm.o)
                0x00001830                HAL_StartPwm
 .text.HAL_OpenPwm
                0x0000186a       0x1a ./../../../../BitCloud/lib/libHAL_ZigBit_Atmega1281_8Mhz_Gcc.a(pwm.o)
                0x0000186a                HAL_OpenPwm
 .text.HAL_GetSystemTime
                0x00001884       0x4e ./../../../../BitCloud/lib/libHAL_ZigBit_Atmega1281_8Mhz_Gcc.a(appTimer.o)
                0x00001884                HAL_GetSystemTime
 .text.HAL_StopAppTimer
                0x000018d2       0x4a ./../../../../BitCloud/lib/libHAL_ZigBit_Atmega1281_8Mhz_Gcc.a(appTimer.o)
                0x000018d2                HAL_StopAppTimer
 .text.HAL_StartAppTimer
                0x0000191c       0x56 ./../../../../BitCloud/lib/libHAL_ZigBit_Atmega1281_8Mhz_Gcc.a(appTimer.o)
                0x0000191c                HAL_StartAppTimer
 .text.halAppTimerHandler
                0x00001972       0x8a ./../../../../BitCloud/lib/libHAL_ZigBit_Atmega1281_8Mhz_Gcc.a(appTimer.o)
                0x00001972                halAppTimerHandler
 .text.HAL_EnableIrq
                0x000019fc       0x3e ./../../../../BitCloud/lib/libHAL_ZigBit_Atmega1281_8Mhz_Gcc.a(irq.o)
                0x000019fc                HAL_EnableIrq
 .text.halI2cBusReset
                0x00001a3a       0x30 ./../../../../BitCloud/lib/libHAL_ZigBit_Atmega1281_8Mhz_Gcc.a(i2cPacket.o)
                0x00001a3a                halI2cBusReset
 .text.HAL_CloseI2cPacket
                0x00001a6a       0x22 ./../../../../BitCloud/lib/libHAL_ZigBit_Atmega1281_8Mhz_Gcc.a(i2cPacket.o)
                0x00001a6a                HAL_CloseI2cPacket
 .text.halSendStartDoneI2c
                0x00001a8c       0x42 ./../../../../BitCloud/lib/libHAL_ZigBit_Atmega1281_8Mhz_Gcc.a(i2cPacket.o)
                0x00001a8c                halSendStartDoneI2c
 .text.halWriteData
                0x00001ace       0x60 ./../../../../BitCloud/lib/libHAL_ZigBit_Atmega1281_8Mhz_Gcc.a(i2cPacket.o)
                0x00001ace                halWriteData
 .text.halWriteInternalAddress
                0x00001b2e       0x5c ./../../../../BitCloud/lib/libHAL_ZigBit_Atmega1281_8Mhz_Gcc.a(i2cPacket.o)
                0x00001b2e                halWriteInternalAddress
 .text.halWriteDoneI2c
                0x00001b8a       0x3a ./../../../../BitCloud/lib/libHAL_ZigBit_Atmega1281_8Mhz_Gcc.a(i2cPacket.o)
                0x00001b8a                halWriteDoneI2c
 .text.halMasterReadWriteAddressAckI2c
                0x00001bc4       0x34 ./../../../../BitCloud/lib/libHAL_ZigBit_Atmega1281_8Mhz_Gcc.a(i2cPacket.o)
                0x00001bc4                halMasterReadWriteAddressAckI2c
 .text.halReadDoneI2c
                0x00001bf8       0x5a ./../../../../BitCloud/lib/libHAL_ZigBit_Atmega1281_8Mhz_Gcc.a(i2cPacket.o)
                0x00001bf8                halReadDoneI2c
 .text.halReadLastByteDoneI2c
                0x00001c52       0x58 ./../../../../BitCloud/lib/libHAL_ZigBit_Atmega1281_8Mhz_Gcc.a(i2cPacket.o)
                0x00001c52                halReadLastByteDoneI2c
 .text.halSig2WireSerialHandler
                0x00001caa       0x38 ./../../../../BitCloud/lib/libHAL_ZigBit_Atmega1281_8Mhz_Gcc.a(i2cPacket.o)
                0x00001caa                halSig2WireSerialHandler
 .text.HAL_ReadEeprom
                0x00001ce2       0xc4 ./../../../../BitCloud/lib/libHAL_ZigBit_Atmega1281_8Mhz_Gcc.a(eeprom.o)
                0x00001ce2                HAL_ReadEeprom
 .text.HAL_IsEepromBusy
                0x00001da6       0x10 ./../../../../BitCloud/lib/libHAL_ZigBit_Atmega1281_8Mhz_Gcc.a(eeprom.o)
                0x00001da6                HAL_IsEepromBusy
 .text.halSigEepromReadyHandler
                0x00001db6       0x64 ./../../../../BitCloud/lib/libHAL_ZigBit_Atmega1281_8Mhz_Gcc.a(eeprom.o)
                0x00001db6                halSigEepromReadyHandler
 .text.HAL_WriteEeprom
                0x00001e1a       0xf2 ./../../../../BitCloud/lib/libHAL_ZigBit_Atmega1281_8Mhz_Gcc.a(eeprom.o)
                0x00001e1a                HAL_WriteEeprom
 .text.halAddTimer
                0x00001f0c       0x9e ./../../../../BitCloud/lib/libHAL_ZigBit_Atmega1281_8Mhz_Gcc.a(timer.o)
                0x00001f0c                halAddTimer
 .text.halRemoveTimer
                0x00001faa       0x3c ./../../../../BitCloud/lib/libHAL_ZigBit_Atmega1281_8Mhz_Gcc.a(timer.o)
                0x00001faa                halRemoveTimer
 .text.halFindPrevTimer
                0x00001fe6       0x1e ./../../../../BitCloud/lib/libHAL_ZigBit_Atmega1281_8Mhz_Gcc.a(timer.o)
                0x00001fe6                halFindPrevTimer
 .text.halSigAdcHandler
                0x00002004       0x1e ./../../../../BitCloud/lib/libHAL_ZigBit_Atmega1281_8Mhz_Gcc.a(adc.o)
                0x00002004                halSigAdcHandler
 .text.halMoveWordToRegister
                0x00002022        0xe ./../../../../BitCloud/lib/libHAL_ZigBit_Atmega1281_8Mhz_Gcc.a(halPwm.o)
 .text.halPreparePwmChannelAccess
                0x00002030       0x4c ./../../../../BitCloud/lib/libHAL_ZigBit_Atmega1281_8Mhz_Gcc.a(halPwm.o)
                0x00002030                halPreparePwmChannelAccess
 .text.halOpenPwm
                0x0000207c       0x2e ./../../../../BitCloud/lib/libHAL_ZigBit_Atmega1281_8Mhz_Gcc.a(halPwm.o)
                0x0000207c                halOpenPwm
 .text.halStartPwm
                0x000020aa       0xba ./../../../../BitCloud/lib/libHAL_ZigBit_Atmega1281_8Mhz_Gcc.a(halPwm.o)
                0x000020aa                halStartPwm
 .text.halSetPwmFrequency
                0x00002164       0x64 ./../../../../BitCloud/lib/libHAL_ZigBit_Atmega1281_8Mhz_Gcc.a(halPwm.o)
                0x00002164                halSetPwmFrequency
 .text.halSetPwmCompareValue
                0x000021c8        0xc ./../../../../BitCloud/lib/libHAL_ZigBit_Atmega1281_8Mhz_Gcc.a(halPwm.o)
                0x000021c8                halSetPwmCompareValue
 .text.halClearTimeControl
                0x000021d4       0x14 ./../../../../BitCloud/lib/libHAL_ZigBit_Atmega1281_8Mhz_Gcc.a(halSleepTimerClock.o)
                0x000021d4                halClearTimeControl
 .text.halStartSleepTimerClock
                0x000021e8       0x48 ./../../../../BitCloud/lib/libHAL_ZigBit_Atmega1281_8Mhz_Gcc.a(halSleepTimerClock.o)
                0x000021e8                halStartSleepTimerClock
 .text.halStopSleepTimerClock
                0x00002230       0x42 ./../../../../BitCloud/lib/libHAL_ZigBit_Atmega1281_8Mhz_Gcc.a(halSleepTimerClock.o)
                0x00002230                halStopSleepTimerClock
 .text.halSetSleepTimerInterval
                0x00002272       0x84 ./../../../../BitCloud/lib/libHAL_ZigBit_Atmega1281_8Mhz_Gcc.a(halSleepTimerClock.o)
                0x00002272                halSetSleepTimerInterval
 .text.halGetTimeOfSleepTimer
                0x000022f6       0xbc ./../../../../BitCloud/lib/libHAL_ZigBit_Atmega1281_8Mhz_Gcc.a(halSleepTimerClock.o)
                0x000022f6                halGetTimeOfSleepTimer
 .text.halSleepTimerFrequency
                0x000023b2        0xa ./../../../../BitCloud/lib/libHAL_ZigBit_Atmega1281_8Mhz_Gcc.a(halSleepTimerClock.o)
                0x000023b2                halSleepTimerFrequency
 .text.halSleepSystemTimeSynchronize
                0x000023bc       0x5e ./../../../../BitCloud/lib/libHAL_ZigBit_Atmega1281_8Mhz_Gcc.a(halSleepTimerClock.o)
                0x000023bc                halSleepSystemTimeSynchronize
 .text.__vector_13
                0x0000241a       0x92 ./../../../../BitCloud/lib/libHAL_ZigBit_Atmega1281_8Mhz_Gcc.a(halSleepTimerClock.o)
                0x0000241a                __vector_13
 .text.halWakeupFromIrq
                0x000024ac       0x28 ./../../../../BitCloud/lib/libHAL_ZigBit_Atmega1281_8Mhz_Gcc.a(halSleepTimerClock.o)
                0x000024ac                halWakeupFromIrq
 .text.__vector_15
                0x000024d4      0x10a ./../../../../BitCloud/lib/libHAL_ZigBit_Atmega1281_8Mhz_Gcc.a(halSleepTimerClock.o)
                0x000024d4                __vector_15
 .text.halInitAppClock
                0x000025de       0x26 ./../../../../BitCloud/lib/libHAL_ZigBit_Atmega1281_8Mhz_Gcc.a(halAppClock.o)
                0x000025de                halInitAppClock
 .text.halAdjustSleepInterval
                0x00002604       0x4c ./../../../../BitCloud/lib/libHAL_ZigBit_Atmega1281_8Mhz_Gcc.a(halAppClock.o)
                0x00002604                halAdjustSleepInterval
 .text.halAppSystemTimeSynchronize
                0x00002650       0x5e ./../../../../BitCloud/lib/libHAL_ZigBit_Atmega1281_8Mhz_Gcc.a(halAppClock.o)
                0x00002650                halAppSystemTimeSynchronize
 .text.halGetTimeOfAppTimer
                0x000026ae       0x16 ./../../../../BitCloud/lib/libHAL_ZigBit_Atmega1281_8Mhz_Gcc.a(halAppClock.o)
                0x000026ae                halGetTimeOfAppTimer
 .text.__vector_42
                0x000026c4       0x4c ./../../../../BitCloud/lib/libHAL_ZigBit_Atmega1281_8Mhz_Gcc.a(halAppClock.o)
                0x000026c4                __vector_42
 .text.halSetIrqConfig
                0x00002710       0x5e ./../../../../BitCloud/lib/libHAL_ZigBit_Atmega1281_8Mhz_Gcc.a(halIrq.o)
                0x00002710                halSetIrqConfig
 .text.__vector_8
                0x0000276e       0x5e ./../../../../BitCloud/lib/libHAL_ZigBit_Atmega1281_8Mhz_Gcc.a(halIrq.o)
                0x0000276e                __vector_8
 .text.__vector_7
                0x000027cc       0x5e ./../../../../BitCloud/lib/libHAL_ZigBit_Atmega1281_8Mhz_Gcc.a(halIrq.o)
                0x000027cc                __vector_7
 .text.__vector_39
                0x0000282a       0xd6 ./../../../../BitCloud/lib/libHAL_ZigBit_Atmega1281_8Mhz_Gcc.a(i2c.o)
                0x0000282a                __vector_39
 .text.halEepromWrite
                0x00002900       0x1e ./../../../../BitCloud/lib/libHAL_ZigBit_Atmega1281_8Mhz_Gcc.a(halEeprom.o)
                0x00002900                halEepromWrite
 .text.__vector_30
                0x0000291e       0x44 ./../../../../BitCloud/lib/libHAL_ZigBit_Atmega1281_8Mhz_Gcc.a(halEeprom.o)
                0x0000291e                __vector_30
 .text.halWakeupHandler
                0x00002962       0x56 ./../../../../BitCloud/lib/libHAL_ZigBit_Atmega1281_8Mhz_Gcc.a(halSleep.o)
                0x00002962                halWakeupHandler
 .text.HAL_Sleep
                0x000029b8       0xe8 ./../../../../BitCloud/lib/libHAL_ZigBit_Atmega1281_8Mhz_Gcc.a(halSleep.o)
                0x000029b8                HAL_Sleep
 .text.halPowerOn
                0x00002aa0       0x5e ./../../../../BitCloud/lib/libHAL_ZigBit_Atmega1281_8Mhz_Gcc.a(halSleep.o)
                0x00002aa0                halPowerOn
 .text.halPowerOff
                0x00002afe       0xc2 ./../../../../BitCloud/lib/libHAL_ZigBit_Atmega1281_8Mhz_Gcc.a(halSleep.o)
                0x00002afe                halPowerOff
 .text.__vector_29
                0x00002bc0       0xca ./../../../../BitCloud/lib/libHAL_ZigBit_Atmega1281_8Mhz_Gcc.a(halAdc.o)
                0x00002bc0                __vector_29
 .text.halCalibrateInternalRc
                0x00002c8a       0xdc ./../../../../BitCloud/lib/libHAL_ZigBit_Atmega1281_8Mhz_Gcc.a(calibration.o)
                0x00002c8a                halCalibrateInternalRc
 .text.HAL_CalibrateMainClock
                0x00002d66        0xe ./../../../../BitCloud/lib/libHAL_ZigBit_Atmega1281_8Mhz_Gcc.a(calibration.o)
                0x00002d66                HAL_CalibrateMainClock
 .text.halStartingCalibrate
                0x00002d74       0x22 ./../../../../BitCloud/lib/libHAL_ZigBit_Atmega1281_8Mhz_Gcc.a(calibration.o)
                0x00002d74                halStartingCalibrate
 .text.HAL_InitRfSpi
                0x00002d96       0x16 ./../../../../BitCloud/lib/libHAL_ZigBit_Atmega1281_8Mhz_Gcc.a(halRfSpi.o)
                0x00002d96                HAL_InitRfSpi
 .text.HAL_WriteByteRfSpi
                0x00002dac       0x2a ./../../../../BitCloud/lib/libHAL_ZigBit_Atmega1281_8Mhz_Gcc.a(halRfSpi.o)
                0x00002dac                HAL_WriteByteRfSpi
 .text.HAL_DeselectRfSpi
                0x00002dd6        0x4 ./../../../../BitCloud/lib/libHAL_ZigBit_Atmega1281_8Mhz_Gcc.a(halRfSpi.o)
                0x00002dd6                HAL_DeselectRfSpi
 .text.HAL_SelectRfSpi
                0x00002dda        0x4 ./../../../../BitCloud/lib/libHAL_ZigBit_Atmega1281_8Mhz_Gcc.a(halRfSpi.o)
                0x00002dda                HAL_SelectRfSpi
 .text.HAL_TaskHandler
                0x00002dde      0x156 ./../../../../BitCloud/lib/libHAL_ZigBit_Atmega1281_8Mhz_Gcc.a(halTaskManager.o)
                0x00002dde                HAL_TaskHandler
 .text.halPostUsartTask
                0x00002f34       0x3c ./../../../../BitCloud/lib/libHAL_ZigBit_Atmega1281_8Mhz_Gcc.a(usart.o)
                0x00002f34                halPostUsartTask
 .text.halUsartRxBufferFiller
                0x00002f70      0x114 ./../../../../BitCloud/lib/libHAL_ZigBit_Atmega1281_8Mhz_Gcc.a(usart.o)
                0x00002f70                halUsartRxBufferFiller
 .text.halSigUsartTransmissionComplete
                0x00003084       0x58 ./../../../../BitCloud/lib/libHAL_ZigBit_Atmega1281_8Mhz_Gcc.a(usart.o)
                0x00003084                halSigUsartTransmissionComplete
 .text.halSigUsartReceptionComplete
                0x000030dc       0x4c ./../../../../BitCloud/lib/libHAL_ZigBit_Atmega1281_8Mhz_Gcc.a(usart.o)
 .text.halUsartTaskUsart0Txc
                0x00003128        0x8 ./../../../../BitCloud/lib/libHAL_ZigBit_Atmega1281_8Mhz_Gcc.a(usart.o)
 .text.halUsartTaskUsart0Rxc
                0x00003130        0x8 ./../../../../BitCloud/lib/libHAL_ZigBit_Atmega1281_8Mhz_Gcc.a(usart.o)
 .text.halUsartTaskUsart1Txc
                0x00003138        0x8 ./../../../../BitCloud/lib/libHAL_ZigBit_Atmega1281_8Mhz_Gcc.a(usart.o)
 .text.halUsartTaskUsart1Rxc
                0x00003140        0x8 ./../../../../BitCloud/lib/libHAL_ZigBit_Atmega1281_8Mhz_Gcc.a(usart.o)
 .text.halUsartHwController
                0x00003148      0x126 ./../../../../BitCloud/lib/libHAL_ZigBit_Atmega1281_8Mhz_Gcc.a(usart.o)
 .text.hwControlPinsPollCallback
                0x0000326e        0x8 ./../../../../BitCloud/lib/libHAL_ZigBit_Atmega1281_8Mhz_Gcc.a(usart.o)
                0x0000326e                hwControlPinsPollCallback
 .text.halUsartTaskUsart1Dre
                0x00003276        0x8 ./../../../../BitCloud/lib/libHAL_ZigBit_Atmega1281_8Mhz_Gcc.a(usart.o)
 .text.halUsartTaskUsart0Dre
                0x0000327e        0x8 ./../../../../BitCloud/lib/libHAL_ZigBit_Atmega1281_8Mhz_Gcc.a(usart.o)
 .text.halSigUsartHandler
                0x00003286       0x8a ./../../../../BitCloud/lib/libHAL_ZigBit_Atmega1281_8Mhz_Gcc.a(usart.o)
                0x00003286                halSigUsartHandler
 .text.HAL_StartSystemSleep
                0x00003310       0x76 ./../../../../BitCloud/lib/libHAL_ZigBit_Atmega1281_8Mhz_Gcc.a(sleep.o)
                0x00003310                HAL_StartSystemSleep
 .text.halGetClockSource
                0x00003386        0x6 ./../../../../BitCloud/lib/libHAL_ZigBit_Atmega1281_8Mhz_Gcc.a(halClkCtrl.o)
                0x00003386                halGetClockSource
 .text.halInitFreq
                0x0000338c       0x4c ./../../../../BitCloud/lib/libHAL_ZigBit_Atmega1281_8Mhz_Gcc.a(halClkCtrl.o)
                0x0000338c                halInitFreq
 .text.__vector_5
                0x000033d8       0x66 ./../../../../BitCloud/lib/libHAL_ZigBit_Atmega1281_8Mhz_Gcc.a(halUsart.o)
                0x000033d8                __vector_5
 .text.__vector_36
                0x0000343e       0x64 ./../../../../BitCloud/lib/libHAL_ZigBit_Atmega1281_8Mhz_Gcc.a(halUsart.o)
                0x0000343e                __vector_36
 .text.__vector_38
                0x000034a2       0x5c ./../../../../BitCloud/lib/libHAL_ZigBit_Atmega1281_8Mhz_Gcc.a(halUsart.o)
                0x000034a2                __vector_38
 .text.__vector_37
                0x000034fe       0x5c ./../../../../BitCloud/lib/libHAL_ZigBit_Atmega1281_8Mhz_Gcc.a(halUsart.o)
                0x000034fe                __vector_37
 .text.__vector_25
                0x0000355a       0x64 ./../../../../BitCloud/lib/libHAL_ZigBit_Atmega1281_8Mhz_Gcc.a(halUsart.o)
                0x0000355a                __vector_25
 .text.__vector_27
                0x000035be       0x5c ./../../../../BitCloud/lib/libHAL_ZigBit_Atmega1281_8Mhz_Gcc.a(halUsart.o)
                0x000035be                __vector_27
 .text.__vector_26
                0x0000361a       0x5c ./../../../../BitCloud/lib/libHAL_ZigBit_Atmega1281_8Mhz_Gcc.a(halUsart.o)
                0x0000361a                __vector_26
 .text.halAsyncTimerHandler
                0x00003676       0x52 ./../../../../BitCloud/lib/libHAL_ZigBit_Atmega1281_8Mhz_Gcc.a(sleepTimer.o)
                0x00003676                halAsyncTimerHandler
 .text.HAL_StartSleepTimer
                0x000036c8       0x74 ./../../../../BitCloud/lib/libHAL_ZigBit_Atmega1281_8Mhz_Gcc.a(sleepTimer.o)
                0x000036c8                HAL_StartSleepTimer
 .text.apsIsValidBindingParameters
                0x0000373c       0x34 ./../../../../BitCloud/lib/libBc_All_Atmega1281_Rf230_Gcc.a(aps.o)
 .text.apsGetApsCounter
                0x00003770        0xe ./../../../../BitCloud/lib/libBc_All_Atmega1281_Rf230_Gcc.a(aps.o)
 .text.apsAckForFragmentedReceiveConfirmHandler
                0x0000377e       0x20 ./../../../../BitCloud/lib/libBc_All_Atmega1281_Rf230_Gcc.a(aps.o)
 .text.apsPrepareFragmentedTransmission
                0x0000379e       0x72 ./../../../../BitCloud/lib/libBc_All_Atmega1281_Rf230_Gcc.a(aps.o)
 .text.apsIsFragmentationDataReq
                0x00003810       0x24 ./../../../../BitCloud/lib/libBc_All_Atmega1281_Rf230_Gcc.a(aps.o)
 .text.apsGetAckByDataBuffer
                0x00003834       0x2e ./../../../../BitCloud/lib/libBc_All_Atmega1281_Rf230_Gcc.a(aps.o)
 .text.APS_NextEndpoint
                0x00003862       0x16 ./../../../../BitCloud/lib/libBc_All_Atmega1281_Rf230_Gcc.a(aps.o)
                0x00003862                APS_NextEndpoint
 .text.apsFindEndpoint
                0x00003878       0x2a ./../../../../BitCloud/lib/libBc_All_Atmega1281_Rf230_Gcc.a(aps.o)
 .text.apsGetBuffer
                0x000038a2      0x132 ./../../../../BitCloud/lib/libBc_All_Atmega1281_Rf230_Gcc.a(aps.o)
 .text.apsFreeBuffer
                0x000039d4       0xa0 ./../../../../BitCloud/lib/libBc_All_Atmega1281_Rf230_Gcc.a(aps.o)
 .text.APS_IsActiveTransaction
                0x00003a74       0x4e ./../../../../BitCloud/lib/libBc_All_Atmega1281_Rf230_Gcc.a(aps.o)
                0x00003a74                APS_IsActiveTransaction
 .text.apsPostTask
                0x00003ac2       0x32 ./../../../../BitCloud/lib/libBc_All_Atmega1281_Rf230_Gcc.a(aps.o)
 .text.apsMakeApsDataConf
                0x00003af4       0x5a ./../../../../BitCloud/lib/libBc_All_Atmega1281_Rf230_Gcc.a(aps.o)
 .text.APS_TaskHandler
                0x00003b4e       0x9c ./../../../../BitCloud/lib/libBc_All_Atmega1281_Rf230_Gcc.a(aps.o)
                0x00003b4e                APS_TaskHandler
 .text.apsStopConf
                0x00003bea       0x42 ./../../../../BitCloud/lib/libBc_All_Atmega1281_Rf230_Gcc.a(aps.o)
 .text.apsSendNwkDataReq
                0x00003c2c       0x10 ./../../../../BitCloud/lib/libBc_All_Atmega1281_Rf230_Gcc.a(aps.o)
 .text.apsProcessShortAddrModeDataReq
                0x00003c3c      0x1ea ./../../../../BitCloud/lib/libBc_All_Atmega1281_Rf230_Gcc.a(aps.o)
 .text.apsSendNextBlock
                0x00003e26       0x14 ./../../../../BitCloud/lib/libBc_All_Atmega1281_Rf230_Gcc.a(aps.o)
 .text.apsSendAckForFragmentedReceive
                0x00003e3a       0xac ./../../../../BitCloud/lib/libBc_All_Atmega1281_Rf230_Gcc.a(aps.o)
 .text.apsDataManagerNwkDataConf
                0x00003ee6       0x1c ./../../../../BitCloud/lib/libBc_All_Atmega1281_Rf230_Gcc.a(aps.o)
 .text.apsProcessEvent
                0x00003f02       0x26 ./../../../../BitCloud/lib/libBc_All_Atmega1281_Rf230_Gcc.a(aps.o)
 .text.APS_StopReq
                0x00003f28        0xe ./../../../../BitCloud/lib/libBc_All_Atmega1281_Rf230_Gcc.a(aps.o)
                0x00003f28                APS_StopReq
 .text.APS_StartReq
                0x00003f36        0xe ./../../../../BitCloud/lib/libBc_All_Atmega1281_Rf230_Gcc.a(aps.o)
                0x00003f36                APS_StartReq
 .text.APS_ResetReq
                0x00003f44        0xe ./../../../../BitCloud/lib/libBc_All_Atmega1281_Rf230_Gcc.a(aps.o)
                0x00003f44                APS_ResetReq
 .text.APS_RegisterEndpointReq
                0x00003f52       0x4a ./../../../../BitCloud/lib/libBc_All_Atmega1281_Rf230_Gcc.a(aps.o)
                0x00003f52                APS_RegisterEndpointReq
 .text.NWK_DataInd
                0x00003f9c       0x12 ./../../../../BitCloud/lib/libBc_All_Atmega1281_Rf230_Gcc.a(aps.o)
                0x00003f9c                NWK_DataInd
 .text.APS_DataReq
                0x00003fae       0x12 ./../../../../BitCloud/lib/libBc_All_Atmega1281_Rf230_Gcc.a(aps.o)
                0x00003fae                APS_DataReq
 .text.apsProcessGroupAddrModeDataReq
                0x00003fc0      0x170 ./../../../../BitCloud/lib/libBc_All_Atmega1281_Rf230_Gcc.a(aps.o)
 .text.apsGroupNwkDataConf
                0x00004130       0x4a ./../../../../BitCloud/lib/libBc_All_Atmega1281_Rf230_Gcc.a(aps.o)
 .text.apsIsSourceOfBindLink
                0x0000417a       0x38 ./../../../../BitCloud/lib/libBc_All_Atmega1281_Rf230_Gcc.a(aps.o)
 .text.apsNextBind
                0x000041b2       0x66 ./../../../../BitCloud/lib/libBc_All_Atmega1281_Rf230_Gcc.a(aps.o)
 .text.apsSendToNextBoundDevice
                0x00004218       0xbc ./../../../../BitCloud/lib/libBc_All_Atmega1281_Rf230_Gcc.a(aps.o)
 .text.apsHandleTransmittedData
                0x000042d4       0x7e ./../../../../BitCloud/lib/libBc_All_Atmega1281_Rf230_Gcc.a(aps.o)
 .text.apsProcessIndirectDataReq
                0x00004352       0x30 ./../../../../BitCloud/lib/libBc_All_Atmega1281_Rf230_Gcc.a(aps.o)
 .text.apsFindBindingEntry
                0x00004382       0xa2 ./../../../../BitCloud/lib/libBc_All_Atmega1281_Rf230_Gcc.a(aps.o)
 .text.APS_UnbindReq
                0x00004424       0x26 ./../../../../BitCloud/lib/libBc_All_Atmega1281_Rf230_Gcc.a(aps.o)
                0x00004424                APS_UnbindReq
 .text.APS_BindReq
                0x0000444a       0x78 ./../../../../BitCloud/lib/libBc_All_Atmega1281_Rf230_Gcc.a(aps.o)
                0x0000444a                APS_BindReq
 .text.SYS_GetRandomNumber
                0x000044c2       0x2a ./../../../../BitCloud/lib/libBc_All_Atmega1281_Rf230_Gcc.a(aps.o)
 .text.apsGroupIndication
                0x000044ec       0x88 ./../../../../BitCloud/lib/libBc_All_Atmega1281_Rf230_Gcc.a(aps.o)
 .text.apsUnicastDataInd
                0x00004574      0x2b4 ./../../../../BitCloud/lib/libBc_All_Atmega1281_Rf230_Gcc.a(aps.o)
 .text.apsApduUnicastHandler
                0x00004828      0x560 ./../../../../BitCloud/lib/libBc_All_Atmega1281_Rf230_Gcc.a(aps.o)
 .text.apsResetMemoryManager
                0x00004d88      0x116 ./../../../../BitCloud/lib/libBc_All_Atmega1281_Rf230_Gcc.a(aps.o)
 .text.apsAckOnTimerFired
                0x00004e9e      0x118 ./../../../../BitCloud/lib/libBc_All_Atmega1281_Rf230_Gcc.a(aps.o)
 .text.APS_Init
                0x00004fb6       0x2e ./../../../../BitCloud/lib/libBc_All_Atmega1281_Rf230_Gcc.a(aps.o)
                0x00004fb6                APS_Init
 .text.APS_CalculateTimes
                0x00004fe4      0x166 ./../../../../BitCloud/lib/libBc_All_Atmega1281_Rf230_Gcc.a(aps.o)
                0x00004fe4                APS_CalculateTimes
 .text.apsResetDataManager
                0x0000514a      0x118 ./../../../../BitCloud/lib/libBc_All_Atmega1281_Rf230_Gcc.a(aps.o)
 .text.apsDataTaskHandler
                0x00005262      0xb84 ./../../../../BitCloud/lib/libBc_All_Atmega1281_Rf230_Gcc.a(aps.o)
 .text.apsNwkResetConf
                0x00005de6      0x1a2 ./../../../../BitCloud/lib/libBc_All_Atmega1281_Rf230_Gcc.a(aps.o)
 .text.apsStateMachineTaskHandler
                0x00005f88       0xe8 ./../../../../BitCloud/lib/libBc_All_Atmega1281_Rf230_Gcc.a(aps.o)
 .text.macenvGetPhySymbolDuration
                0x00006070       0x46 ./../../../../BitCloud/lib/libBc_All_Atmega1281_Rf230_Gcc.a(macenvPib.o)
                0x00006070                macenvGetPhySymbolDuration
 .text.macenvConvertTransPersistTimeFromUnitsToMs
                0x000060b6       0x4a ./../../../../BitCloud/lib/libBc_All_Atmega1281_Rf230_Gcc.a(macenvPib.o)
                0x000060b6                macenvConvertTransPersistTimeFromUnitsToMs
 .text.macenvCalculateResponceWaitTimeInMs
                0x00006100       0x4c ./../../../../BitCloud/lib/libBc_All_Atmega1281_Rf230_Gcc.a(macenvPib.o)
                0x00006100                macenvCalculateResponceWaitTimeInMs
 .text.getSymbolsPerOctet
                0x0000614c       0x36 ./../../../../BitCloud/lib/libBc_All_Atmega1281_Rf230_Gcc.a(macenvPib.o)
 .text.calculateMaxFrameDuration
                0x00006182       0x22 ./../../../../BitCloud/lib/libBc_All_Atmega1281_Rf230_Gcc.a(macenvPib.o)
 .text.macenvCalculateMaxFrameTotalWaitTimeInMs
                0x000061a4      0x130 ./../../../../BitCloud/lib/libBc_All_Atmega1281_Rf230_Gcc.a(macenvPib.o)
                0x000061a4                macenvCalculateMaxFrameTotalWaitTimeInMs
 .text.updateMaxFrameTxTime
                0x000062d4       0x3a ./../../../../BitCloud/lib/libBc_All_Atmega1281_Rf230_Gcc.a(macenvPib.o)
 .text.storeTransmitPower
                0x0000630e       0x4a ./../../../../BitCloud/lib/libBc_All_Atmega1281_Rf230_Gcc.a(macenvPib.o)
 .text.MAC_GetExtAddr
                0x00006358        0x6 ./../../../../BitCloud/lib/libBc_All_Atmega1281_Rf230_Gcc.a(macenvPib.o)
                0x00006358                MAC_GetExtAddr
 .text.MAC_GetOctetsTransmissionTimeInMs
                0x0000635e       0x60 ./../../../../BitCloud/lib/libBc_All_Atmega1281_Rf230_Gcc.a(macenvPib.o)
                0x0000635e                MAC_GetOctetsTransmissionTimeInMs
 .text.MAC_IsOwnExtAddr
                0x000063be       0x1a ./../../../../BitCloud/lib/libBc_All_Atmega1281_Rf230_Gcc.a(macenvPib.o)
                0x000063be                MAC_IsOwnExtAddr
 .text.MAC_SetExtAddr
                0x000063d8       0x12 ./../../../../BitCloud/lib/libBc_All_Atmega1281_Rf230_Gcc.a(macenvPib.o)
                0x000063d8                MAC_SetExtAddr
 .text.macenvGetPibAttr
                0x000063ea      0x1d8 ./../../../../BitCloud/lib/libBc_All_Atmega1281_Rf230_Gcc.a(macenvPib.o)
                0x000063ea                macenvGetPibAttr
 .text.macenvSetPibAttr
                0x000065c2      0x226 ./../../../../BitCloud/lib/libBc_All_Atmega1281_Rf230_Gcc.a(macenvPib.o)
                0x000065c2                macenvSetPibAttr
 .text.SYS_GetRandomNumber
                0x000067e8       0x2a ./../../../../BitCloud/lib/libBc_All_Atmega1281_Rf230_Gcc.a(macenvPib.o)
 .text.macenvResetPib
                0x00006812      0x12a ./../../../../BitCloud/lib/libBc_All_Atmega1281_Rf230_Gcc.a(macenvPib.o)
                0x00006812                macenvResetPib
 .text.NWK_GetShortAddr
                0x0000693c        0xa ./../../../../BitCloud/lib/libBc_All_Atmega1281_Rf230_Gcc.a(nwk.o)
                0x0000693c                NWK_GetShortAddr
 .text.NWK_IsStaticAddressingMode
                0x00006946        0x6 ./../../../../BitCloud/lib/libBc_All_Atmega1281_Rf230_Gcc.a(nwk.o)
                0x00006946                NWK_IsStaticAddressingMode
 .text.nwkAddressConflictIsIdle
                0x0000694c       0x10 ./../../../../BitCloud/lib/libBc_All_Atmega1281_Rf230_Gcc.a(nwk.o)
 .text.nwkFindAddressMapEntryByShortAddr
                0x0000695c       0x32 ./../../../../BitCloud/lib/libBc_All_Atmega1281_Rf230_Gcc.a(nwk.o)
 .text.nwkDataReqIsIdle
                0x0000698e       0x10 ./../../../../BitCloud/lib/libBc_All_Atmega1281_Rf230_Gcc.a(nwk.o)
 .text.nwkDiscoveryIsIdle
                0x0000699e       0x10 ./../../../../BitCloud/lib/libBc_All_Atmega1281_Rf230_Gcc.a(nwk.o)
 .text.nwkEDScanIsIdle
                0x000069ae       0x10 ./../../../../BitCloud/lib/libBc_All_Atmega1281_Rf230_Gcc.a(nwk.o)
 .text.nwkFormationIsIdle
                0x000069be       0x10 ./../../../../BitCloud/lib/libBc_All_Atmega1281_Rf230_Gcc.a(nwk.o)
 .text.NWK_IsGroupMember
                0x000069ce       0x3a ./../../../../BitCloud/lib/libBc_All_Atmega1281_Rf230_Gcc.a(nwk.o)
                0x000069ce                NWK_IsGroupMember
 .text.nwkSetDepth
                0x00006a08       0x10 ./../../../../BitCloud/lib/libBc_All_Atmega1281_Rf230_Gcc.a(nwk.o)
 .text.NWK_GetParentShortAddr
                0x00006a18        0xa ./../../../../BitCloud/lib/libBc_All_Atmega1281_Rf230_Gcc.a(nwk.o)
                0x00006a18                NWK_GetParentShortAddr
 .text.NWK_GetPanId
                0x00006a22        0xa ./../../../../BitCloud/lib/libBc_All_Atmega1281_Rf230_Gcc.a(nwk.o)
                0x00006a22                NWK_GetPanId
 .text.NWK_GetExtPanId
                0x00006a2c       0x22 ./../../../../BitCloud/lib/libBc_All_Atmega1281_Rf230_Gcc.a(nwk.o)
                0x00006a2c                NWK_GetExtPanId
 .text.NWK_SetExtPanId
                0x00006a4e       0x34 ./../../../../BitCloud/lib/libBc_All_Atmega1281_Rf230_Gcc.a(nwk.o)
                0x00006a4e                NWK_SetExtPanId
 .text.NWK_GetDeviceType
                0x00006a82        0x6 ./../../../../BitCloud/lib/libBc_All_Atmega1281_Rf230_Gcc.a(nwk.o)
                0x00006a82                NWK_GetDeviceType
 .text.NWK_GetLogicalChannel
                0x00006a88        0x6 ./../../../../BitCloud/lib/libBc_All_Atmega1281_Rf230_Gcc.a(nwk.o)
                0x00006a88                NWK_GetLogicalChannel
 .text.NWK_SetLogicalChannel
                0x00006a8e        0x6 ./../../../../BitCloud/lib/libBc_All_Atmega1281_Rf230_Gcc.a(nwk.o)
                0x00006a8e                NWK_SetLogicalChannel
 .text.NWK_GetBroadcastDeliveryTime
                0x00006a94       0x12 ./../../../../BitCloud/lib/libBc_All_Atmega1281_Rf230_Gcc.a(nwk.o)
                0x00006a94                NWK_GetBroadcastDeliveryTime
 .text.NWK_GetManagerAddr
                0x00006aa6        0xa ./../../../../BitCloud/lib/libBc_All_Atmega1281_Rf230_Gcc.a(nwk.o)
                0x00006aa6                NWK_GetManagerAddr
 .text.NWK_SetManagerAddr
                0x00006ab0        0xa ./../../../../BitCloud/lib/libBc_All_Atmega1281_Rf230_Gcc.a(nwk.o)
                0x00006ab0                NWK_SetManagerAddr
 .text.NWK_GetTransmitCouner
                0x00006aba        0xa ./../../../../BitCloud/lib/libBc_All_Atmega1281_Rf230_Gcc.a(nwk.o)
                0x00006aba                NWK_GetTransmitCouner
 .text.NWK_GetTransmitFailureCounter
                0x00006ac4        0xa ./../../../../BitCloud/lib/libBc_All_Atmega1281_Rf230_Gcc.a(nwk.o)
                0x00006ac4                NWK_GetTransmitFailureCounter
 .text.nwkIsJoiningForbidden
                0x00006ace       0x4c ./../../../../BitCloud/lib/libBc_All_Atmega1281_Rf230_Gcc.a(nwk.o)
 .text.nwkJoinIndIsIdle
                0x00006b1a       0x30 ./../../../../BitCloud/lib/libBc_All_Atmega1281_Rf230_Gcc.a(nwk.o)
 .text.nwkJoinReqIsIdle
                0x00006b4a       0x10 ./../../../../BitCloud/lib/libBc_All_Atmega1281_Rf230_Gcc.a(nwk.o)
 .text.nwkLeaveReqIsIdle
                0x00006b5a       0x10 ./../../../../BitCloud/lib/libBc_All_Atmega1281_Rf230_Gcc.a(nwk.o)
 .text.nwkLinkStatusIsIdle
                0x00006b6a       0x10 ./../../../../BitCloud/lib/libBc_All_Atmega1281_Rf230_Gcc.a(nwk.o)
 .text.nwkLoopbackIsIdle
                0x00006b7a       0x10 ./../../../../BitCloud/lib/libBc_All_Atmega1281_Rf230_Gcc.a(nwk.o)
 .text.nwkClearNeighborTable
                0x00006b8a       0x76 ./../../../../BitCloud/lib/libBc_All_Atmega1281_Rf230_Gcc.a(nwk.o)
 .text.NWK_FindNeighborByShortAddr
                0x00006c00       0x32 ./../../../../BitCloud/lib/libBc_All_Atmega1281_Rf230_Gcc.a(nwk.o)
                0x00006c00                NWK_FindNeighborByShortAddr
 .text.nwkUpdateCapacityBits
                0x00006c32       0x66 ./../../../../BitCloud/lib/libBc_All_Atmega1281_Rf230_Gcc.a(nwk.o)
 .text.nwkUpdateBeaconPayload
                0x00006c98       0xc8 ./../../../../BitCloud/lib/libBc_All_Atmega1281_Rf230_Gcc.a(nwk.o)
 .text.NWK_SetUpdateId
                0x00006d60        0xa ./../../../../BitCloud/lib/libBc_All_Atmega1281_Rf230_Gcc.a(nwk.o)
                0x00006d60                NWK_SetUpdateId
 .text.nwkFreeNeighbor
                0x00006d6a       0x2a ./../../../../BitCloud/lib/libBc_All_Atmega1281_Rf230_Gcc.a(nwk.o)
 .text.nwkCostFromLqi
                0x00006d94       0x1c ./../../../../BitCloud/lib/libBc_All_Atmega1281_Rf230_Gcc.a(nwk.o)
 .text.nwkUpdateLqiAndCostOfNeighbor
                0x00006db0       0x74 ./../../../../BitCloud/lib/libBc_All_Atmega1281_Rf230_Gcc.a(nwk.o)
 .text.NWK_GetNeighborTable
                0x00006e24        0x6 ./../../../../BitCloud/lib/libBc_All_Atmega1281_Rf230_Gcc.a(nwk.o)
                0x00006e24                NWK_GetNeighborTable
 .text.NWK_GetNeighborsLqi
                0x00006e2a       0x3e ./../../../../BitCloud/lib/libBc_All_Atmega1281_Rf230_Gcc.a(nwk.o)
                0x00006e2a                NWK_GetNeighborsLqi
 .text.MAC_OrphanInd
                0x00006e68        0x2 ./../../../../BitCloud/lib/libBc_All_Atmega1281_Rf230_Gcc.a(nwk.o)
                0x00006e68                MAC_OrphanInd
 .text.nwkPermitJoiningIsIdle
                0x00006e6a       0x10 ./../../../../BitCloud/lib/libBc_All_Atmega1281_Rf230_Gcc.a(nwk.o)
 .text.nwkResetIsIdle
                0x00006e7a       0x10 ./../../../../BitCloud/lib/libBc_All_Atmega1281_Rf230_Gcc.a(nwk.o)
 .text.nwkRouteDiscoveryIsIdle
                0x00006e8a       0x14 ./../../../../BitCloud/lib/libBc_All_Atmega1281_Rf230_Gcc.a(nwk.o)
 .text.nwkFindRouteDiscoveryEntry
                0x00006e9e       0x38 ./../../../../BitCloud/lib/libBc_All_Atmega1281_Rf230_Gcc.a(nwk.o)
 .text.nwkFreeRouteDiscoveryEntry
                0x00006ed6       0x3c ./../../../../BitCloud/lib/libBc_All_Atmega1281_Rf230_Gcc.a(nwk.o)
 .text.nwkConfirmRouteRequestTx
                0x00006f12       0x48 ./../../../../BitCloud/lib/libBc_All_Atmega1281_Rf230_Gcc.a(nwk.o)
 .text.nwkRouteDiscoveryTableIsIdle
                0x00006f5a       0x10 ./../../../../BitCloud/lib/libBc_All_Atmega1281_Rf230_Gcc.a(nwk.o)
 .text.nwkFindRoutingEntry
                0x00006f6a       0x42 ./../../../../BitCloud/lib/libBc_All_Atmega1281_Rf230_Gcc.a(nwk.o)
 .text.nwkFreeRoutingEntry
                0x00006fac       0x12 ./../../../../BitCloud/lib/libBc_All_Atmega1281_Rf230_Gcc.a(nwk.o)
 .text.nwkGetNextHop
                0x00006fbe      0x16a ./../../../../BitCloud/lib/libBc_All_Atmega1281_Rf230_Gcc.a(nwk.o)
 .text.nwkUpdateNextHop
                0x00007128       0xd2 ./../../../../BitCloud/lib/libBc_All_Atmega1281_Rf230_Gcc.a(nwk.o)
 .text.nwkParseRxHeader
                0x000071fa       0xf4 ./../../../../BitCloud/lib/libBc_All_Atmega1281_Rf230_Gcc.a(nwk.o)
 .text.nwkIsTransit
                0x000072ee       0x1c ./../../../../BitCloud/lib/libBc_All_Atmega1281_Rf230_Gcc.a(nwk.o)
 .text.nwkStartRouterIsIdle
                0x0000730a       0x10 ./../../../../BitCloud/lib/libBc_All_Atmega1281_Rf230_Gcc.a(nwk.o)
 .text.NWK_DeviceIsAbleToOperateInNetwork
                0x0000731a       0x38 ./../../../../BitCloud/lib/libBc_All_Atmega1281_Rf230_Gcc.a(nwk.o)
                0x0000731a                NWK_DeviceIsAbleToOperateInNetwork
 .text.nwkGetNetworkStatusTxId
                0x00007352       0x1e ./../../../../BitCloud/lib/libBc_All_Atmega1281_Rf230_Gcc.a(nwk.o)
 .text.nwkSendRouteErrorConf
                0x00007370        0x6 ./../../../../BitCloud/lib/libBc_All_Atmega1281_Rf230_Gcc.a(nwk.o)
 .text.nwkSyncIsIdle
                0x00007376       0x10 ./../../../../BitCloud/lib/libBc_All_Atmega1281_Rf230_Gcc.a(nwk.o)
 .text.MAC_SyncLossInd
                0x00007386        0x2 ./../../../../BitCloud/lib/libBc_All_Atmega1281_Rf230_Gcc.a(nwk.o)
                0x00007386                MAC_SyncLossInd
 .text.nwkPostTask
                0x00007388       0x58 ./../../../../BitCloud/lib/libBc_All_Atmega1281_Rf230_Gcc.a(nwk.o)
 .text.nwkEDScanMacEDScanConf
                0x000073e0       0x46 ./../../../../BitCloud/lib/libBc_All_Atmega1281_Rf230_Gcc.a(nwk.o)
 .text.nwkFormationMacRxEnableConf
                0x00007426       0x1e ./../../../../BitCloud/lib/libBc_All_Atmega1281_Rf230_Gcc.a(nwk.o)
 .text.nwkDiscoveryMacActiveScanConf
                0x00007444       0x2c ./../../../../BitCloud/lib/libBc_All_Atmega1281_Rf230_Gcc.a(nwk.o)
 .text.nwkPermitJoiningMacSetConf
                0x00007470       0x1e ./../../../../BitCloud/lib/libBc_All_Atmega1281_Rf230_Gcc.a(nwk.o)
 .text.nwkStartRouterMacStartConf
                0x0000748e       0x1e ./../../../../BitCloud/lib/libBc_All_Atmega1281_Rf230_Gcc.a(nwk.o)
 .text.nwkSendRouteDiscoveryRequest
                0x000074ac       0x26 ./../../../../BitCloud/lib/libBc_All_Atmega1281_Rf230_Gcc.a(nwk.o)
 .text.nwkStatusConf
                0x000074d2        0xe ./../../../../BitCloud/lib/libBc_All_Atmega1281_Rf230_Gcc.a(nwk.o)
 .text.nwkResetConf
                0x000074e0       0x24 ./../../../../BitCloud/lib/libBc_All_Atmega1281_Rf230_Gcc.a(nwk.o)
 .text.nwkResetMacRxEnableConf
                0x00007504        0xe ./../../../../BitCloud/lib/libBc_All_Atmega1281_Rf230_Gcc.a(nwk.o)
 .text.nwkSendRouteDiscoveryReply
                0x00007512       0x1e ./../../../../BitCloud/lib/libBc_All_Atmega1281_Rf230_Gcc.a(nwk.o)
 .text.nwkClearTaskBit
                0x00007530       0x32 ./../../../../BitCloud/lib/libBc_All_Atmega1281_Rf230_Gcc.a(nwk.o)
 .text.nwkInitMacDataReq
                0x00007562       0x28 ./../../../../BitCloud/lib/libBc_All_Atmega1281_Rf230_Gcc.a(nwk.o)
 .text.nwkTxDelayIsIdle
                0x0000758a       0x14 ./../../../../BitCloud/lib/libBc_All_Atmega1281_Rf230_Gcc.a(nwk.o)
 .text.NWK_GetUnicastDeliveryTime
                0x0000759e       0x86 ./../../../../BitCloud/lib/libBc_All_Atmega1281_Rf230_Gcc.a(nwk.o)
                0x0000759e                NWK_GetUnicastDeliveryTime
 .text.nwkReloadNibFromConfigServer
                0x00007624       0x6c ./../../../../BitCloud/lib/libBc_All_Atmega1281_Rf230_Gcc.a(nwk.o)
 .text.nwkSetLifeTimeOfNeighbor
                0x00007690       0xf4 ./../../../../BitCloud/lib/libBc_All_Atmega1281_Rf230_Gcc.a(nwk.o)
 .text.nwkUpdateOutgoingCostAndLifeTime
                0x00007784       0x4c ./../../../../BitCloud/lib/libBc_All_Atmega1281_Rf230_Gcc.a(nwk.o)
 .text.NWK_GatherPowerFailureInfo
                0x000077d0       0x36 ./../../../../BitCloud/lib/libBc_All_Atmega1281_Rf230_Gcc.a(nwk.o)
                0x000077d0                NWK_GatherPowerFailureInfo
 .text.NWK_TaskHandler
                0x00007806       0xde ./../../../../BitCloud/lib/libBc_All_Atmega1281_Rf230_Gcc.a(nwk.o)
                0x00007806                NWK_TaskHandler
 .text.nwkAllocPacket
                0x000078e4       0xcc ./../../../../BitCloud/lib/libBc_All_Atmega1281_Rf230_Gcc.a(nwk.o)
 .text.nwkAllocInputPacket
                0x000079b0       0x28 ./../../../../BitCloud/lib/libBc_All_Atmega1281_Rf230_Gcc.a(nwk.o)
 .text.nwkAllocOutputPacket
                0x000079d8       0x2e ./../../../../BitCloud/lib/libBc_All_Atmega1281_Rf230_Gcc.a(nwk.o)
 .text.NWK_IsActiveTransaction
                0x00007a06       0x54 ./../../../../BitCloud/lib/libBc_All_Atmega1281_Rf230_Gcc.a(nwk.o)
                0x00007a06                NWK_IsActiveTransaction
 .text.nwkInitInputPacket
                0x00007a5a       0x9e ./../../../../BitCloud/lib/libBc_All_Atmega1281_Rf230_Gcc.a(nwk.o)
 .text.nwkLoopbackTaskHandler
                0x00007af8       0xd0 ./../../../../BitCloud/lib/libBc_All_Atmega1281_Rf230_Gcc.a(nwk.o)
 .text.nwkEDScanTaskHandler
                0x00007bc8       0xac ./../../../../BitCloud/lib/libBc_All_Atmega1281_Rf230_Gcc.a(nwk.o)
 .text.nwkDiscoveryTaskHandler
                0x00007c74       0xae ./../../../../BitCloud/lib/libBc_All_Atmega1281_Rf230_Gcc.a(nwk.o)
 .text.nwkTryToProcessCommandReq
                0x00007d22       0x3e ./../../../../BitCloud/lib/libBc_All_Atmega1281_Rf230_Gcc.a(nwk.o)
 .text.nwkCommandReq
                0x00007d60       0x14 ./../../../../BitCloud/lib/libBc_All_Atmega1281_Rf230_Gcc.a(nwk.o)
 .text.nwkRemoveAuthenticatedChild
                0x00007d74       0x54 ./../../../../BitCloud/lib/libBc_All_Atmega1281_Rf230_Gcc.a(nwk.o)
 .text.nwkConfirmNetworkStatusTx
                0x00007dc8       0x44 ./../../../../BitCloud/lib/libBc_All_Atmega1281_Rf230_Gcc.a(nwk.o)
 .text.nwkFreePacket
                0x00007e0c       0x42 ./../../../../BitCloud/lib/libBc_All_Atmega1281_Rf230_Gcc.a(nwk.o)
 .text.nwkRetransmitInputPacket
                0x00007e4e      0x130 ./../../../../BitCloud/lib/libBc_All_Atmega1281_Rf230_Gcc.a(nwk.o)
 .text.NWK_DataResp
                0x00007f7e       0x20 ./../../../../BitCloud/lib/libBc_All_Atmega1281_Rf230_Gcc.a(nwk.o)
                0x00007f7e                NWK_DataResp
 .text.nwkRxRetransmit
                0x00007f9e       0x50 ./../../../../BitCloud/lib/libBc_All_Atmega1281_Rf230_Gcc.a(nwk.o)
 .text.nwkDataConf
                0x00007fee       0x46 ./../../../../BitCloud/lib/libBc_All_Atmega1281_Rf230_Gcc.a(nwk.o)
 .text.nwkConfirmDataTx
                0x00008034       0x20 ./../../../../BitCloud/lib/libBc_All_Atmega1281_Rf230_Gcc.a(nwk.o)
 .text.nwkStatusReq
                0x00008054       0x2e ./../../../../BitCloud/lib/libBc_All_Atmega1281_Rf230_Gcc.a(nwk.o)
 .text.nwkSendRouteErrorStatus
                0x00008082       0x3e ./../../../../BitCloud/lib/libBc_All_Atmega1281_Rf230_Gcc.a(nwk.o)
 .text.nwkSendAddressConflictNwkStatus
                0x000080c0       0x34 ./../../../../BitCloud/lib/libBc_All_Atmega1281_Rf230_Gcc.a(nwk.o)
 .text.NWK_SyncReq
                0x000080f4       0x20 ./../../../../BitCloud/lib/libBc_All_Atmega1281_Rf230_Gcc.a(nwk.o)
                0x000080f4                NWK_SyncReq
 .text.NWK_StartRouterReq
                0x00008114       0x20 ./../../../../BitCloud/lib/libBc_All_Atmega1281_Rf230_Gcc.a(nwk.o)
                0x00008114                NWK_StartRouterReq
 .text.NWK_RouteDiscoveryReq
                0x00008134       0x34 ./../../../../BitCloud/lib/libBc_All_Atmega1281_Rf230_Gcc.a(nwk.o)
                0x00008134                NWK_RouteDiscoveryReq
 .text.NWK_ResetReq
                0x00008168       0x20 ./../../../../BitCloud/lib/libBc_All_Atmega1281_Rf230_Gcc.a(nwk.o)
                0x00008168                NWK_ResetReq
 .text.NWK_PermitJoiningReq
                0x00008188       0x20 ./../../../../BitCloud/lib/libBc_All_Atmega1281_Rf230_Gcc.a(nwk.o)
                0x00008188                NWK_PermitJoiningReq
 .text.NWK_LoopbackTxReq
                0x000081a8       0x20 ./../../../../BitCloud/lib/libBc_All_Atmega1281_Rf230_Gcc.a(nwk.o)
                0x000081a8                NWK_LoopbackTxReq
 .text.nwkDataConfTaskHandler
                0x000081c8       0x58 ./../../../../BitCloud/lib/libBc_All_Atmega1281_Rf230_Gcc.a(nwk.o)
 .text.NWK_LeaveReq
                0x00008220       0x20 ./../../../../BitCloud/lib/libBc_All_Atmega1281_Rf230_Gcc.a(nwk.o)
                0x00008220                NWK_LeaveReq
 .text.NWK_JoinReq
                0x00008240       0x20 ./../../../../BitCloud/lib/libBc_All_Atmega1281_Rf230_Gcc.a(nwk.o)
                0x00008240                NWK_JoinReq
 .text.NWK_NetworkFormationReq
                0x00008260       0x20 ./../../../../BitCloud/lib/libBc_All_Atmega1281_Rf230_Gcc.a(nwk.o)
                0x00008260                NWK_NetworkFormationReq
 .text.NWK_EDScanReq
                0x00008280       0x20 ./../../../../BitCloud/lib/libBc_All_Atmega1281_Rf230_Gcc.a(nwk.o)
                0x00008280                NWK_EDScanReq
 .text.NWK_NetworkDiscoveryReq
                0x000082a0       0x20 ./../../../../BitCloud/lib/libBc_All_Atmega1281_Rf230_Gcc.a(nwk.o)
                0x000082a0                NWK_NetworkDiscoveryReq
 .text.nwkRemoveAllChildren
                0x000082c0       0x9e ./../../../../BitCloud/lib/libBc_All_Atmega1281_Rf230_Gcc.a(nwk.o)
 .text.findFreeJoinIndObjFor
                0x0000835e       0xa4 ./../../../../BitCloud/lib/libBc_All_Atmega1281_Rf230_Gcc.a(nwk.o)
 .text.nwkFindAddressMapEntryByExtAddr
                0x00008402       0x50 ./../../../../BitCloud/lib/libBc_All_Atmega1281_Rf230_Gcc.a(nwk.o)
 .text.nwkAddToAddressMap
                0x00008452       0xc2 ./../../../../BitCloud/lib/libBc_All_Atmega1281_Rf230_Gcc.a(nwk.o)
 .text.NWK_RemoveFromAddressMap
                0x00008514       0x12 ./../../../../BitCloud/lib/libBc_All_Atmega1281_Rf230_Gcc.a(nwk.o)
                0x00008514                NWK_RemoveFromAddressMap
 .text.NWK_FindNeighborByExtAddr
                0x00008526       0x68 ./../../../../BitCloud/lib/libBc_All_Atmega1281_Rf230_Gcc.a(nwk.o)
                0x00008526                NWK_FindNeighborByExtAddr
 .text.nwkLeaveTaskHandler
                0x0000858e      0x114 ./../../../../BitCloud/lib/libBc_All_Atmega1281_Rf230_Gcc.a(nwk.o)
 .text.MAC_PollInd
                0x000086a2       0x4c ./../../../../BitCloud/lib/libBc_All_Atmega1281_Rf230_Gcc.a(nwk.o)
                0x000086a2                MAC_PollInd
 .text.NWK_IsKnownChild
                0x000086ee       0x24 ./../../../../BitCloud/lib/libBc_All_Atmega1281_Rf230_Gcc.a(nwk.o)
                0x000086ee                NWK_IsKnownChild
 .text.MAC_BeaconNotifyInd
                0x00008712      0x486 ./../../../../BitCloud/lib/libBc_All_Atmega1281_Rf230_Gcc.a(nwk.o)
                0x00008712                MAC_BeaconNotifyInd
 .text.nwkJoinIndTaskHandler
                0x00008b98       0xb6 ./../../../../BitCloud/lib/libBc_All_Atmega1281_Rf230_Gcc.a(nwk.o)
 .text.nwkConfirmJoinRespTx
                0x00008c4e       0x56 ./../../../../BitCloud/lib/libBc_All_Atmega1281_Rf230_Gcc.a(nwk.o)
 .text.nwkConfirmAddrConflictJoinRespTx
                0x00008ca4       0x40 ./../../../../BitCloud/lib/libBc_All_Atmega1281_Rf230_Gcc.a(nwk.o)
 .text.nwkJoinIndMacCommStatusInd
                0x00008ce4       0x5c ./../../../../BitCloud/lib/libBc_All_Atmega1281_Rf230_Gcc.a(nwk.o)
 .text.nwkPrepareCommonFrame
                0x00008d40       0x54 ./../../../../BitCloud/lib/libBc_All_Atmega1281_Rf230_Gcc.a(nwk.o)
 .text.NWK_DataReq
                0x00008d94      0x1b4 ./../../../../BitCloud/lib/libBc_All_Atmega1281_Rf230_Gcc.a(nwk.o)
                0x00008d94                NWK_DataReq
 .text.NWK_Init
                0x00008f48       0x30 ./../../../../BitCloud/lib/libBc_All_Atmega1281_Rf230_Gcc.a(nwk.o)
                0x00008f48                NWK_Init
 .text.nwkLinkStatusInd
                0x00008f78      0x35c ./../../../../BitCloud/lib/libBc_All_Atmega1281_Rf230_Gcc.a(nwk.o)
 .text.nwkJoinReqTaskHandler
                0x000092d4      0x180 ./../../../../BitCloud/lib/libBc_All_Atmega1281_Rf230_Gcc.a(nwk.o)
 .text.nwkPrepareLeaveChildTx
                0x00009454       0xb2 ./../../../../BitCloud/lib/libBc_All_Atmega1281_Rf230_Gcc.a(nwk.o)
 .text.nwkPrepareLeaveItselfTx
                0x00009506       0x92 ./../../../../BitCloud/lib/libBc_All_Atmega1281_Rf230_Gcc.a(nwk.o)
 .text.nwkPrepareJoinRespTx
                0x00009598       0xec ./../../../../BitCloud/lib/libBc_All_Atmega1281_Rf230_Gcc.a(nwk.o)
 .text.nwkPrepareJoinReqTx
                0x00009684       0x90 ./../../../../BitCloud/lib/libBc_All_Atmega1281_Rf230_Gcc.a(nwk.o)
 .text.nwkPrepareLinkStatusTx
                0x00009714      0x1fc ./../../../../BitCloud/lib/libBc_All_Atmega1281_Rf230_Gcc.a(nwk.o)
 .text.NWK_GetExtByShortAddress
                0x00009910       0x60 ./../../../../BitCloud/lib/libBc_All_Atmega1281_Rf230_Gcc.a(nwk.o)
                0x00009910                NWK_GetExtByShortAddress
 .text.nwkPrepareRouteRequestTx
                0x00009970      0x114 ./../../../../BitCloud/lib/libBc_All_Atmega1281_Rf230_Gcc.a(nwk.o)
 .text.NWK_LinkShortAndExtAddress
                0x00009a84       0xd8 ./../../../../BitCloud/lib/libBc_All_Atmega1281_Rf230_Gcc.a(nwk.o)
                0x00009a84                NWK_LinkShortAndExtAddress
 .text.nwkPrepareNetworkStatusTx
                0x00009b5c      0x100 ./../../../../BitCloud/lib/libBc_All_Atmega1281_Rf230_Gcc.a(nwk.o)
 .text.nwkPrepareRouteReplyTx
                0x00009c5c      0x1c0 ./../../../../BitCloud/lib/libBc_All_Atmega1281_Rf230_Gcc.a(nwk.o)
 .text.nwkRouteReplyFrameInd
                0x00009e1c      0x172 ./../../../../BitCloud/lib/libBc_All_Atmega1281_Rf230_Gcc.a(nwk.o)
 .text.nwkPermitJoiningTaskHandler
                0x00009f8e       0x88 ./../../../../BitCloud/lib/libBc_All_Atmega1281_Rf230_Gcc.a(nwk.o)
 .text.SYS_GetRandomNumber
                0x0000a016       0x2a ./../../../../BitCloud/lib/libBc_All_Atmega1281_Rf230_Gcc.a(nwk.o)
 .text.nwkFindDeviceToJoin
                0x0000a040      0x15a ./../../../../BitCloud/lib/libBc_All_Atmega1281_Rf230_Gcc.a(nwk.o)
 .text.nwkAssociate
                0x0000a19a       0x9e ./../../../../BitCloud/lib/libBc_All_Atmega1281_Rf230_Gcc.a(nwk.o)
 .text.MAC_AssociateConf
                0x0000a238       0xdc ./../../../../BitCloud/lib/libBc_All_Atmega1281_Rf230_Gcc.a(nwk.o)
 .text.nwkGetSuitableParent
                0x0000a314       0x80 ./../../../../BitCloud/lib/libBc_All_Atmega1281_Rf230_Gcc.a(nwk.o)
 .text.nwkRejoinCmdPrepareAndSend
                0x0000a394       0x30 ./../../../../BitCloud/lib/libBc_All_Atmega1281_Rf230_Gcc.a(nwk.o)
 .text.nwkJoinReqMacGetConf
                0x0000a3c4       0x3e ./../../../../BitCloud/lib/libBc_All_Atmega1281_Rf230_Gcc.a(nwk.o)
 .text.nwkJoinReqMacPollConf
                0x0000a402       0x1c ./../../../../BitCloud/lib/libBc_All_Atmega1281_Rf230_Gcc.a(nwk.o)
 .text.nwkFormationMacActiveScanConf
                0x0000a41e      0x274 ./../../../../BitCloud/lib/libBc_All_Atmega1281_Rf230_Gcc.a(nwk.o)
 .text.nwkFormationMacStartConf
                0x0000a692       0x50 ./../../../../BitCloud/lib/libBc_All_Atmega1281_Rf230_Gcc.a(nwk.o)
 .text.nwkResetMacStartConf
                0x0000a6e2       0x46 ./../../../../BitCloud/lib/libBc_All_Atmega1281_Rf230_Gcc.a(nwk.o)
 .text.nwkJoinReqMacSetConf
                0x0000a728      0x1a2 ./../../../../BitCloud/lib/libBc_All_Atmega1281_Rf230_Gcc.a(nwk.o)
 .text.nwkTxConf
                0x0000a8ca      0x1c6 ./../../../../BitCloud/lib/libBc_All_Atmega1281_Rf230_Gcc.a(nwk.o)
 .text.NWK_JoinConf
                0x0000aa90       0x54 ./../../../../BitCloud/lib/libBc_All_Atmega1281_Rf230_Gcc.a(nwk.o)
 .text.nwkAddressConflictMacSetConf
                0x0000aae4       0x5a ./../../../../BitCloud/lib/libBc_All_Atmega1281_Rf230_Gcc.a(nwk.o)
 .text.nwkJoinReqMacRxEnableConf
                0x0000ab3e       0x7a ./../../../../BitCloud/lib/libBc_All_Atmega1281_Rf230_Gcc.a(nwk.o)
 .text.performActiveScan
                0x0000abb8       0x60 ./../../../../BitCloud/lib/libBc_All_Atmega1281_Rf230_Gcc.a(nwk.o)
 .text.nwkFormationMacEDScanConf
                0x0000ac18       0xea ./../../../../BitCloud/lib/libBc_All_Atmega1281_Rf230_Gcc.a(nwk.o)
 .text.NWK_ResetGroups
                0x0000ad02       0x62 ./../../../../BitCloud/lib/libBc_All_Atmega1281_Rf230_Gcc.a(nwk.o)
                0x0000ad02                NWK_ResetGroups
 .text.nwkFormationMacSetConf
                0x0000ad64      0x12e ./../../../../BitCloud/lib/libBc_All_Atmega1281_Rf230_Gcc.a(nwk.o)
 .text.nwkResetMacSetConf
                0x0000ae92      0x190 ./../../../../BitCloud/lib/libBc_All_Atmega1281_Rf230_Gcc.a(nwk.o)
 .text.nwkStartAgeTimerOfNeighborTable
                0x0000b022       0x32 ./../../../../BitCloud/lib/libBc_All_Atmega1281_Rf230_Gcc.a(nwk.o)
 .text.nwkStartLinkStatusTimer
                0x0000b054       0x10 ./../../../../BitCloud/lib/libBc_All_Atmega1281_Rf230_Gcc.a(nwk.o)
 .text.nwkFormationTaskHandler
                0x0000b064      0x122 ./../../../../BitCloud/lib/libBc_All_Atmega1281_Rf230_Gcc.a(nwk.o)
 .text.nwkStartRouterTaskHandler
                0x0000b186       0xc2 ./../../../../BitCloud/lib/libBc_All_Atmega1281_Rf230_Gcc.a(nwk.o)
 .text.nwkConfirmLinkStatusTx
                0x0000b248        0x6 ./../../../../BitCloud/lib/libBc_All_Atmega1281_Rf230_Gcc.a(nwk.o)
 .text.nwkLinkStatusTimerFired
                0x0000b24e       0x1c ./../../../../BitCloud/lib/libBc_All_Atmega1281_Rf230_Gcc.a(nwk.o)
 .text.NWK_LaunchActivities
                0x0000b26a       0x12 ./../../../../BitCloud/lib/libBc_All_Atmega1281_Rf230_Gcc.a(nwk.o)
                0x0000b26a                NWK_LaunchActivities
 .text.nwkTxDelayReq
                0x0000b27c      0x184 ./../../../../BitCloud/lib/libBc_All_Atmega1281_Rf230_Gcc.a(nwk.o)
 .text.nwkConfirmJoinReqTx
                0x0000b400       0x62 ./../../../../BitCloud/lib/libBc_All_Atmega1281_Rf230_Gcc.a(nwk.o)
 .text.nwkAllocRouteDiscoveryEntry
                0x0000b462       0xa2 ./../../../../BitCloud/lib/libBc_All_Atmega1281_Rf230_Gcc.a(nwk.o)
 .text.nwkRouteDiscoveryTaskHandler
                0x0000b504       0xb0 ./../../../../BitCloud/lib/libBc_All_Atmega1281_Rf230_Gcc.a(nwk.o)
 .text.nwkProcessRouteRequest
                0x0000b5b4      0x164 ./../../../../BitCloud/lib/libBc_All_Atmega1281_Rf230_Gcc.a(nwk.o)
 .text.nwkRouteRequestFrameInd
                0x0000b718       0xc6 ./../../../../BitCloud/lib/libBc_All_Atmega1281_Rf230_Gcc.a(nwk.o)
 .text.nwkProcessDelayStatus
                0x0000b7de       0xb0 ./../../../../BitCloud/lib/libBc_All_Atmega1281_Rf230_Gcc.a(nwk.o)
 .text.MAC_DataConf
                0x0000b88e       0x2c ./../../../../BitCloud/lib/libBc_All_Atmega1281_Rf230_Gcc.a(nwk.o)
 .text.nwkTransmitOutputPacket
                0x0000b8ba       0x44 ./../../../../BitCloud/lib/libBc_All_Atmega1281_Rf230_Gcc.a(nwk.o)
 .text.nwkSendDiscoveryCommand
                0x0000b8fe       0x4e ./../../../../BitCloud/lib/libBc_All_Atmega1281_Rf230_Gcc.a(nwk.o)
 .text.nwkRouteDiscoveryTableTaskHandler
                0x0000b94c       0x96 ./../../../../BitCloud/lib/libBc_All_Atmega1281_Rf230_Gcc.a(nwk.o)
 .text.nwkTxTaskHandler
                0x0000b9e2      0x168 ./../../../../BitCloud/lib/libBc_All_Atmega1281_Rf230_Gcc.a(nwk.o)
 .text.nwkMeshRouteDiscoveryConf
                0x0000bb4a       0x64 ./../../../../BitCloud/lib/libBc_All_Atmega1281_Rf230_Gcc.a(nwk.o)
 .text.nwkConfirmLeaveItselfTx
                0x0000bbae       0x42 ./../../../../BitCloud/lib/libBc_All_Atmega1281_Rf230_Gcc.a(nwk.o)
 .text.nwkResetTaskHandler
                0x0000bbf0       0x70 ./../../../../BitCloud/lib/libBc_All_Atmega1281_Rf230_Gcc.a(nwk.o)
 .text.nwkResetRouteDiscoveryTable
                0x0000bc60       0xa0 ./../../../../BitCloud/lib/libBc_All_Atmega1281_Rf230_Gcc.a(nwk.o)
 .text.nwkRouteDiscoveryTableTimerFired
                0x0000bd00       0x56 ./../../../../BitCloud/lib/libBc_All_Atmega1281_Rf230_Gcc.a(nwk.o)
 .text.nwkResetNeighborTable
                0x0000bd56       0x8c ./../../../../BitCloud/lib/libBc_All_Atmega1281_Rf230_Gcc.a(nwk.o)
 .text.nwkLeaveReqMacResetConf
                0x0000bde2      0x104 ./../../../../BitCloud/lib/libBc_All_Atmega1281_Rf230_Gcc.a(nwk.o)
 .text.NWK_StopActivities
                0x0000bee6       0x1e ./../../../../BitCloud/lib/libBc_All_Atmega1281_Rf230_Gcc.a(nwk.o)
                0x0000bee6                NWK_StopActivities
 .text.nwkRejoinResponseFrameInd
                0x0000bf04      0x142 ./../../../../BitCloud/lib/libBc_All_Atmega1281_Rf230_Gcc.a(nwk.o)
 .text.responseWaitTimerFired
                0x0000c046       0x50 ./../../../../BitCloud/lib/libBc_All_Atmega1281_Rf230_Gcc.a(nwk.o)
 .text.nwkSyncPollReq
                0x0000c096       0x2e ./../../../../BitCloud/lib/libBc_All_Atmega1281_Rf230_Gcc.a(nwk.o)
 .text.nwkSyncTaskHandler
                0x0000c0c4       0x80 ./../../../../BitCloud/lib/libBc_All_Atmega1281_Rf230_Gcc.a(nwk.o)
 .text.nwkSyncMacPollConf
                0x0000c144       0x34 ./../../../../BitCloud/lib/libBc_All_Atmega1281_Rf230_Gcc.a(nwk.o)
 .text.nwkTxDelayTimerFired
                0x0000c178       0x84 ./../../../../BitCloud/lib/libBc_All_Atmega1281_Rf230_Gcc.a(nwk.o)
 .text.nwkResetMacResetConf
                0x0000c1fc      0x472 ./../../../../BitCloud/lib/libBc_All_Atmega1281_Rf230_Gcc.a(nwk.o)
 .text.nwkRxIndication
                0x0000c66e      0x19e ./../../../../BitCloud/lib/libBc_All_Atmega1281_Rf230_Gcc.a(nwk.o)
 .text.MAC_DataInd
                0x0000c80c      0x35c ./../../../../BitCloud/lib/libBc_All_Atmega1281_Rf230_Gcc.a(nwk.o)
                0x0000c80c                MAC_DataInd
 .text.NWK_RemoveNeighbor
                0x0000cb68       0x6c ./../../../../BitCloud/lib/libBc_All_Atmega1281_Rf230_Gcc.a(nwk.o)
                0x0000cb68                NWK_RemoveNeighbor
 .text.neighborTimerFired
                0x0000cbd4       0x92 ./../../../../BitCloud/lib/libBc_All_Atmega1281_Rf230_Gcc.a(nwk.o)
 .text.nwkConfirmLeaveChildTx
                0x0000cc66       0x8e ./../../../../BitCloud/lib/libBc_All_Atmega1281_Rf230_Gcc.a(nwk.o)
 .text.nwkLeaveFrameInd
                0x0000ccf4       0xde ./../../../../BitCloud/lib/libBc_All_Atmega1281_Rf230_Gcc.a(nwk.o)
 .text.NWK_GetShortByExtAddress
                0x0000cdd2       0x5e ./../../../../BitCloud/lib/libBc_All_Atmega1281_Rf230_Gcc.a(nwk.o)
                0x0000cdd2                NWK_GetShortByExtAddress
 .text.nwkAllocNonConflAddr
                0x0000ce30       0xba ./../../../../BitCloud/lib/libBc_All_Atmega1281_Rf230_Gcc.a(nwk.o)
                0x0000ce30                nwkAllocNonConflAddr
 .text.NWK_NetworkDiscoveryConf
                0x0000ceea       0x88 ./../../../../BitCloud/lib/libBc_All_Atmega1281_Rf230_Gcc.a(nwk.o)
 .text.nwkAllocateShortAddr
                0x0000cf72       0x58 ./../../../../BitCloud/lib/libBc_All_Atmega1281_Rf230_Gcc.a(nwk.o)
 .text.nwkResolveAddressConflict
                0x0000cfca      0x1fe ./../../../../BitCloud/lib/libBc_All_Atmega1281_Rf230_Gcc.a(nwk.o)
 .text.nwkAddressConflictTaskHandler
                0x0000d1c8       0xa0 ./../../../../BitCloud/lib/libBc_All_Atmega1281_Rf230_Gcc.a(nwk.o)
 .text.nwkStatusFrameInd
                0x0000d268       0x46 ./../../../../BitCloud/lib/libBc_All_Atmega1281_Rf230_Gcc.a(nwk.o)
 .text.nwkAddChild
                0x0000d2ae      0x350 ./../../../../BitCloud/lib/libBc_All_Atmega1281_Rf230_Gcc.a(nwk.o)
 .text.nwkRejoinRequestFrameInd
                0x0000d5fe      0x10a ./../../../../BitCloud/lib/libBc_All_Atmega1281_Rf230_Gcc.a(nwk.o)
 .text.MAC_AssociateInd
                0x0000d708       0xe0 ./../../../../BitCloud/lib/libBc_All_Atmega1281_Rf230_Gcc.a(nwk.o)
                0x0000d708                MAC_AssociateInd
 .text.putQueueElem
                0x0000d7e8       0x30 ./../../../../BitCloud/lib/libBc_All_Atmega1281_Rf230_Gcc.a(queue.o)
                0x0000d7e8                putQueueElem
 .text.deleteHeadQueueElem
                0x0000d818       0x20 ./../../../../BitCloud/lib/libBc_All_Atmega1281_Rf230_Gcc.a(queue.o)
                0x0000d818                deleteHeadQueueElem
 .text.deleteQueueElem
                0x0000d838       0x40 ./../../../../BitCloud/lib/libBc_All_Atmega1281_Rf230_Gcc.a(queue.o)
                0x0000d838                deleteQueueElem
 .text.SYS_DuplicateTableReset
                0x0000d878       0x52 ./../../../../BitCloud/lib/libBc_All_Atmega1281_Rf230_Gcc.a(sysDuplicateTable.o)
                0x0000d878                SYS_DuplicateTableReset
 .text.duplicateTableUpdate
                0x0000d8ca       0x9a ./../../../../BitCloud/lib/libBc_All_Atmega1281_Rf230_Gcc.a(sysDuplicateTable.o)
                0x0000d8ca                duplicateTableUpdate
 .text.SYS_DuplicateTableCheck
                0x0000d964      0x102 ./../../../../BitCloud/lib/libBc_All_Atmega1281_Rf230_Gcc.a(sysDuplicateTable.o)
                0x0000d964                SYS_DuplicateTableCheck
 .text.SYS_StopTimer
                0x0000da66       0x12 ./../../../../BitCloud/lib/libBc_All_Atmega1281_Rf230_Gcc.a(sysTimer.o)
                0x0000da66                SYS_StopTimer
 .text.SYS_InitTimer
                0x0000da78       0x44 ./../../../../BitCloud/lib/libBc_All_Atmega1281_Rf230_Gcc.a(sysTimer.o)
                0x0000da78                SYS_InitTimer
 .text.SYS_StartTimer
                0x0000dabc       0x14 ./../../../../BitCloud/lib/libBc_All_Atmega1281_Rf230_Gcc.a(sysTimer.o)
                0x0000dabc                SYS_StartTimer
 .text.SYS_RunTask
                0x0000dad0       0x74 ./../../../../BitCloud/lib/libBc_All_Atmega1281_Rf230_Gcc.a(taskManager.o)
                0x0000dad0                SYS_RunTask
 .text.SYS_ForceRunTask
                0x0000db44        0x6 ./../../../../BitCloud/lib/libBc_All_Atmega1281_Rf230_Gcc.a(taskManager.o)
                0x0000db44                SYS_ForceRunTask
 .text.SYS_SysInit
                0x0000db4a       0x22 ./../../../../BitCloud/lib/libBc_All_Atmega1281_Rf230_Gcc.a(taskManager.o)
                0x0000db4a                SYS_SysInit
 .text.zdoNwkManagerReset
                0x0000db6c       0x10 ./../../../../BitCloud/lib/libBc_All_Atmega1281_Rf230_Gcc.a(zdoNwkManager.o)
                0x0000db6c                zdoNwkManagerReset
 .text.zdoSendDeviceAnnce
                0x0000db7c       0x80 ./../../../../BitCloud/lib/libBc_All_Atmega1281_Rf230_Gcc.a(zdoNwkManager.o)
                0x0000db7c                zdoSendDeviceAnnce
 .text.zdoSendDeviceAnnceConf
                0x0000dbfc       0x38 ./../../../../BitCloud/lib/libBc_All_Atmega1281_Rf230_Gcc.a(zdoNwkManager.o)
 .text.NWK_NwkStatusInd
                0x0000dc34       0xb2 ./../../../../BitCloud/lib/libBc_All_Atmega1281_Rf230_Gcc.a(zdoNwkManager.o)
                0x0000dc34                NWK_NwkStatusInd
 .text.NWK_LeaveInd
                0x0000dce6       0x6c ./../../../../BitCloud/lib/libBc_All_Atmega1281_Rf230_Gcc.a(zdoNwkManager.o)
                0x0000dce6                NWK_LeaveInd
 .text.NWK_JoinInd
                0x0000dd52       0x4e ./../../../../BitCloud/lib/libBc_All_Atmega1281_Rf230_Gcc.a(zdoNwkManager.o)
                0x0000dd52                NWK_JoinInd
 .text.confirm  0x0000dda0       0x10 ./../../../../BitCloud/lib/libBc_All_Atmega1281_Rf230_Gcc.a(zdoStartNetwork.o)
 .text.zdoStartNetworkAlloc
                0x0000ddb0       0x1e ./../../../../BitCloud/lib/libBc_All_Atmega1281_Rf230_Gcc.a(zdoStartNetwork.o)
                0x0000ddb0                zdoStartNetworkAlloc
 .text.zdoStartNetworkReset
                0x0000ddce        0xe ./../../../../BitCloud/lib/libBc_All_Atmega1281_Rf230_Gcc.a(zdoStartNetwork.o)
                0x0000ddce                zdoStartNetworkReset
 .text.checkRequestsQueue
                0x0000dddc       0x2c ./../../../../BitCloud/lib/libBc_All_Atmega1281_Rf230_Gcc.a(zdoStartNetwork.o)
 .text.zdoStartNetworkFree
                0x0000de08        0xe ./../../../../BitCloud/lib/libBc_All_Atmega1281_Rf230_Gcc.a(zdoStartNetwork.o)
                0x0000de08                zdoStartNetworkFree
 .text.startConfirm
                0x0000de16       0x30 ./../../../../BitCloud/lib/libBc_All_Atmega1281_Rf230_Gcc.a(zdoStartNetwork.o)
 .text.deviceAnnceConf
                0x0000de46       0x16 ./../../../../BitCloud/lib/libBc_All_Atmega1281_Rf230_Gcc.a(zdoStartNetwork.o)
 .text.APS_StartConf
                0x0000de5c       0x48 ./../../../../BitCloud/lib/libBc_All_Atmega1281_Rf230_Gcc.a(zdoStartNetwork.o)
 .text.startAps
                0x0000dea4       0x32 ./../../../../BitCloud/lib/libBc_All_Atmega1281_Rf230_Gcc.a(zdoStartNetwork.o)
 .text.NWK_StartRouterConf
                0x0000ded6       0x14 ./../../../../BitCloud/lib/libBc_All_Atmega1281_Rf230_Gcc.a(zdoStartNetwork.o)
 .text.permitJoin
                0x0000deea       0x24 ./../../../../BitCloud/lib/libBc_All_Atmega1281_Rf230_Gcc.a(zdoStartNetwork.o)
 .text.NWK_PermitJoinConf
                0x0000df0e       0x62 ./../../../../BitCloud/lib/libBc_All_Atmega1281_Rf230_Gcc.a(zdoStartNetwork.o)
 .text.zdoSetOutOfNetworkFlag
                0x0000df70       0x36 ./../../../../BitCloud/lib/libBc_All_Atmega1281_Rf230_Gcc.a(zdoStartNetwork.o)
 .text.zdoAuthenticationConf
                0x0000dfa6       0x30 ./../../../../BitCloud/lib/libBc_All_Atmega1281_Rf230_Gcc.a(zdoStartNetwork.o)
                0x0000dfa6                zdoAuthenticationConf
 .text.zdoNetworkFormationReq
                0x0000dfd6       0x44 ./../../../../BitCloud/lib/libBc_All_Atmega1281_Rf230_Gcc.a(zdoStartNetwork.o)
                0x0000dfd6                zdoNetworkFormationReq
 .text.NWK_NetworkFormationConf
                0x0000e01a       0x18 ./../../../../BitCloud/lib/libBc_All_Atmega1281_Rf230_Gcc.a(zdoStartNetwork.o)
 .text.joinNetwork
                0x0000e032       0x8c ./../../../../BitCloud/lib/libBc_All_Atmega1281_Rf230_Gcc.a(zdoStartNetwork.o)
 .text.zdoRejoinNetwork
                0x0000e0be       0x12 ./../../../../BitCloud/lib/libBc_All_Atmega1281_Rf230_Gcc.a(zdoStartNetwork.o)
                0x0000e0be                zdoRejoinNetwork
 .text.joinTimerFired
                0x0000e0d0        0x6 ./../../../../BitCloud/lib/libBc_All_Atmega1281_Rf230_Gcc.a(zdoStartNetwork.o)
 .text.joined   0x0000e0d6        0xc ./../../../../BitCloud/lib/libBc_All_Atmega1281_Rf230_Gcc.a(zdoStartNetwork.o)
 .text.NWK_JoinConf
                0x0000e0e2       0x54 ./../../../../BitCloud/lib/libBc_All_Atmega1281_Rf230_Gcc.a(zdoStartNetwork.o)
 .text.zdoStartNetworkTaskHandler
                0x0000e136      0x11e ./../../../../BitCloud/lib/libBc_All_Atmega1281_Rf230_Gcc.a(zdoStartNetwork.o)
                0x0000e136                zdoStartNetworkTaskHandler
 .text.zdoStartNetworkStackResetConf
                0x0000e254       0x5e ./../../../../BitCloud/lib/libBc_All_Atmega1281_Rf230_Gcc.a(zdoStartNetwork.o)
 .text.ZDO_StartNetworkReq
                0x0000e2b2       0x10 ./../../../../BitCloud/lib/libBc_All_Atmega1281_Rf230_Gcc.a(zdoStartNetwork.o)
                0x0000e2b2                ZDO_StartNetworkReq
 .text.zdoPostTask
                0x0000e2c2       0x3c ./../../../../BitCloud/lib/libBc_All_Atmega1281_Rf230_Gcc.a(zdoTaskManager.o)
                0x0000e2c2                zdoPostTask
 .text.zdoUnpostTask
                0x0000e2fe       0x28 ./../../../../BitCloud/lib/libBc_All_Atmega1281_Rf230_Gcc.a(zdoTaskManager.o)
                0x0000e2fe                zdoUnpostTask
 .text.ZDO_TaskHandler
                0x0000e326       0x7a ./../../../../BitCloud/lib/libBc_All_Atmega1281_Rf230_Gcc.a(zdoTaskManager.o)
                0x0000e326                ZDO_TaskHandler
 .text.zdoSetZdpIndState
                0x0000e3a0       0x10 ./../../../../BitCloud/lib/libBc_All_Atmega1281_Rf230_Gcc.a(zdoZdpFrameProcessor.o)
                0x0000e3a0                zdoSetZdpIndState
 .text.zdoSetZdpDataReqState
                0x0000e3b0       0x22 ./../../../../BitCloud/lib/libBc_All_Atmega1281_Rf230_Gcc.a(zdoZdpFrameProcessor.o)
                0x0000e3b0                zdoSetZdpDataReqState
 .text.zdoZdpSendRequest
                0x0000e3d2       0x10 ./../../../../BitCloud/lib/libBc_All_Atmega1281_Rf230_Gcc.a(zdoZdpFrameProcessor.o)
                0x0000e3d2                zdoZdpSendRequest
 .text.zdoZdpFrameProcessorHandler
                0x0000e3e2      0x1b0 ./../../../../BitCloud/lib/libBc_All_Atmega1281_Rf230_Gcc.a(zdoZdpFrameProcessor.o)
                0x0000e3e2                zdoZdpFrameProcessorHandler
 .text.zdoZdpApsConfCallback
                0x0000e592       0x8a ./../../../../BitCloud/lib/libBc_All_Atmega1281_Rf230_Gcc.a(zdoZdpFrameProcessor.o)
 .text.APS_ZdoDataInd
                0x0000e61c      0x14a ./../../../../BitCloud/lib/libBc_All_Atmega1281_Rf230_Gcc.a(zdoZdpFrameProcessor.o)
                0x0000e61c                APS_ZdoDataInd
 .text.zdoZdpFrameProcessorReset
                0x0000e766       0x3c ./../../../../BitCloud/lib/libBc_All_Atmega1281_Rf230_Gcc.a(zdoZdpFrameProcessor.o)
                0x0000e766                zdoZdpFrameProcessorReset
 .text.zdoInitZdpRequestTTL
                0x0000e7a2       0x16 ./../../../../BitCloud/lib/libBc_All_Atmega1281_Rf230_Gcc.a(zdoZdpManager.o)
                0x0000e7a2                zdoInitZdpRequestTTL
 .text.ttlUpdateTimerFired
                0x0000e7b8       0x66 ./../../../../BitCloud/lib/libBc_All_Atmega1281_Rf230_Gcc.a(zdoZdpManager.o)
 .text.zdoZdpManagerHandler
                0x0000e81e      0x12c ./../../../../BitCloud/lib/libBc_All_Atmega1281_Rf230_Gcc.a(zdoZdpManager.o)
                0x0000e81e                zdoZdpManagerHandler
 .text.ZDO_ZdpReq
                0x0000e94a       0x5c ./../../../../BitCloud/lib/libBc_All_Atmega1281_Rf230_Gcc.a(zdoZdpManager.o)
                0x0000e94a                ZDO_ZdpReq
 .text.zdoZdpResetReq
                0x0000e9a6       0x58 ./../../../../BitCloud/lib/libBc_All_Atmega1281_Rf230_Gcc.a(zdoZdpManager.o)
                0x0000e9a6                zdoZdpResetReq
 .text.setNetworkParametersToZib
                0x0000e9fe       0x48 ./../../../../BitCloud/lib/libBc_All_Atmega1281_Rf230_Gcc.a(zdoZib.o)
                0x0000e9fe                setNetworkParametersToZib
 .text.zdoReloadZibFromConfigServer
                0x0000ea46      0x13c ./../../../../BitCloud/lib/libBc_All_Atmega1281_Rf230_Gcc.a(zdoZib.o)
                0x0000ea46                zdoReloadZibFromConfigServer
 .text.postNewMacRequest
                0x0000eb82       0x46 ./../../../../BitCloud/lib/libBc_All_Atmega1281_Rf230_Gcc.a(machwdManager.o)
 .text.MAC_PHY_HWD_TaskHandler
                0x0000ebc8      0x1b0 ./../../../../BitCloud/lib/libBc_All_Atmega1281_Rf230_Gcc.a(machwdManager.o)
                0x0000ebc8                MAC_PHY_HWD_TaskHandler
 .text.MACHWD_Reset
                0x0000ed78       0x46 ./../../../../BitCloud/lib/libBc_All_Atmega1281_Rf230_Gcc.a(machwdManager.o)
                0x0000ed78                MACHWD_Reset
 .text.putReqInQueue
                0x0000edbe       0x18 ./../../../../BitCloud/lib/libBc_All_Atmega1281_Rf230_Gcc.a(machwdManager.o)
 .text.RF_RandomReq
                0x0000edd6       0x16 ./../../../../BitCloud/lib/libBc_All_Atmega1281_Rf230_Gcc.a(machwdManager.o)
                0x0000edd6                RF_RandomReq
 .text.MACHWD_EdReq
                0x0000edec        0xe ./../../../../BitCloud/lib/libBc_All_Atmega1281_Rf230_Gcc.a(machwdManager.o)
                0x0000edec                MACHWD_EdReq
 .text.MACHWD_SetReq
                0x0000edfa        0xe ./../../../../BitCloud/lib/libBc_All_Atmega1281_Rf230_Gcc.a(machwdManager.o)
                0x0000edfa                MACHWD_SetReq
 .text.MACHWD_SetTrxStateReq
                0x0000ee08        0xe ./../../../../BitCloud/lib/libBc_All_Atmega1281_Rf230_Gcc.a(machwdManager.o)
                0x0000ee08                MACHWD_SetTrxStateReq
 .text.MACHWD_DataReq
                0x0000ee16        0xa ./../../../../BitCloud/lib/libBc_All_Atmega1281_Rf230_Gcc.a(machwdManager.o)
                0x0000ee16                MACHWD_DataReq
 .text.machwdReset
                0x0000ee20       0xaa ./../../../../BitCloud/lib/libBc_All_Atmega1281_Rf230_Gcc.a(machwdResetHandler.o)
                0x0000ee20                machwdReset
 .text.machwdRndReqHandler
                0x0000eeca       0x14 ./../../../../BitCloud/lib/libBc_All_Atmega1281_Rf230_Gcc.a(machwdRndHandler.o)
                0x0000eeca                machwdRndReqHandler
 .text.machwdNextBuffer
                0x0000eede       0x10 ./../../../../BitCloud/lib/libBc_All_Atmega1281_Rf230_Gcc.a(machwdRxBuffer.o)
                0x0000eede                machwdNextBuffer
 .text.machwdReleaseBuffer
                0x0000eeee       0x62 ./../../../../BitCloud/lib/libBc_All_Atmega1281_Rf230_Gcc.a(machwdRxBuffer.o)
                0x0000eeee                machwdReleaseBuffer
 .text.machwdNextBufferPresent
                0x0000ef50       0x22 ./../../../../BitCloud/lib/libBc_All_Atmega1281_Rf230_Gcc.a(machwdRxBuffer.o)
                0x0000ef50                machwdNextBufferPresent
 .text.machwdResetRxBuffer
                0x0000ef72       0x62 ./../../../../BitCloud/lib/libBc_All_Atmega1281_Rf230_Gcc.a(machwdRxBuffer.o)
                0x0000ef72                machwdResetRxBuffer
 .text.machwdRxFrameIndTaskHandler
                0x0000efd4      0x11e ./../../../../BitCloud/lib/libBc_All_Atmega1281_Rf230_Gcc.a(machwdRxFrameHandler.o)
                0x0000efd4                machwdRxFrameIndTaskHandler
 .text.machwdRxFrameTaskHandler
                0x0000f0f2       0x46 ./../../../../BitCloud/lib/libBc_All_Atmega1281_Rf230_Gcc.a(machwdRxFrameHandler.o)
                0x0000f0f2                machwdRxFrameTaskHandler
 .text.machwdIsBeaconRxMode
                0x0000f138        0x6 ./../../../../BitCloud/lib/libBc_All_Atmega1281_Rf230_Gcc.a(machwdSetHandler.o)
                0x0000f138                machwdIsBeaconRxMode
 .text.machwdResetSetHandler
                0x0000f13e        0xe ./../../../../BitCloud/lib/libBc_All_Atmega1281_Rf230_Gcc.a(machwdSetHandler.o)
                0x0000f13e                machwdResetSetHandler
 .text.executeSetReq
                0x0000f14c       0x98 ./../../../../BitCloud/lib/libBc_All_Atmega1281_Rf230_Gcc.a(machwdSetHandler.o)
 .text.machwdSetTaskHandler
                0x0000f1e4       0x2e ./../../../../BitCloud/lib/libBc_All_Atmega1281_Rf230_Gcc.a(machwdSetHandler.o)
                0x0000f1e4                machwdSetTaskHandler
 .text.machwdSetReqHandler
                0x0000f212      0x116 ./../../../../BitCloud/lib/libBc_All_Atmega1281_Rf230_Gcc.a(machwdSetHandler.o)
                0x0000f212                machwdSetReqHandler
 .text.machwdConvertTrxCmdToTrxState
                0x0000f328       0x16 ./../../../../BitCloud/lib/libBc_All_Atmega1281_Rf230_Gcc.a(machwdTrxCtrl.o)
                0x0000f328                machwdConvertTrxCmdToTrxState
 .text.machwdConvertTrxStateToTrxCmd
                0x0000f33e       0x1e ./../../../../BitCloud/lib/libBc_All_Atmega1281_Rf230_Gcc.a(machwdTrxCtrl.o)
                0x0000f33e                machwdConvertTrxStateToTrxCmd
 .text.machwdGetPhyTrxCmd
                0x0000f35c       0x22 ./../../../../BitCloud/lib/libBc_All_Atmega1281_Rf230_Gcc.a(machwdTrxCtrl.o)
                0x0000f35c                machwdGetPhyTrxCmd
 .text.machwdSendTrxCmd
                0x0000f37e        0xe ./../../../../BitCloud/lib/libBc_All_Atmega1281_Rf230_Gcc.a(machwdTrxCtrl.o)
                0x0000f37e                machwdSendTrxCmd
 .text.machwdResetTrxHandler
                0x0000f38c        0x6 ./../../../../BitCloud/lib/libBc_All_Atmega1281_Rf230_Gcc.a(machwdTrxHandler.o)
                0x0000f38c                machwdResetTrxHandler
 .text.machwdTrxTaskHandler
                0x0000f392       0x30 ./../../../../BitCloud/lib/libBc_All_Atmega1281_Rf230_Gcc.a(machwdTrxHandler.o)
                0x0000f392                machwdTrxTaskHandler
 .text.machwdTrxReqHandler
                0x0000f3c2       0x46 ./../../../../BitCloud/lib/libBc_All_Atmega1281_Rf230_Gcc.a(machwdTrxHandler.o)
                0x0000f3c2                machwdTrxReqHandler
 .text.machwdResetTxFrameHandler
                0x0000f408        0xa ./../../../../BitCloud/lib/libBc_All_Atmega1281_Rf230_Gcc.a(machwdTxFrameHandler.o)