Archive member included because of file (symbol)

./../../../../BitCloud/lib/libHAL_ZigBit_Atmega1281_8Mhz_Gcc.a(halRfCtrl.o)
                              All_ZigBit_Atmega1281_Rf230_8Mhz_Gcc/Obj/pwrCtrl.o (HAL_IsAmplifierUsed)
./../../../../BitCloud/lib/libHAL_ZigBit_Atmega1281_8Mhz_Gcc.a(halW1.o)
                              ./../../../../BitCloud/lib/libHAL_ZigBit_Atmega1281_8Mhz_Gcc.a(halRfCtrl.o) (__delay_us)
./../../../../BitCloud/lib/libHAL_ZigBit_Atmega1281_8Mhz_Gcc.a(appTimer.o)
                              All_ZigBit_Atmega1281_Rf230_8Mhz_Gcc/Obj/pdsDataServer.o (HAL_StopAppTimer)
./../../../../BitCloud/lib/libHAL_ZigBit_Atmega1281_8Mhz_Gcc.a(irq.o)
                              All_ZigBit_Atmega1281_Rf230_8Mhz_Gcc/Obj/buttons.o (HAL_EnableIrq)
./../../../../BitCloud/lib/libHAL_ZigBit_Atmega1281_8Mhz_Gcc.a(i2cPacket.o)
                              All_ZigBit_Atmega1281_Rf230_8Mhz_Gcc/Obj/lm73.o (HAL_CloseI2cPacket)
./../../../../BitCloud/lib/libHAL_ZigBit_Atmega1281_8Mhz_Gcc.a(eeprom.o)
                              All_ZigBit_Atmega1281_Rf230_8Mhz_Gcc/Obj/pdsWriteData.o (HAL_ReadEeprom)
./../../../../BitCloud/lib/libHAL_ZigBit_Atmega1281_8Mhz_Gcc.a(timer.o)
                              ./../../../../BitCloud/lib/libHAL_ZigBit_Atmega1281_8Mhz_Gcc.a(appTimer.o) (halAddTimer)
./../../../../BitCloud/lib/libHAL_ZigBit_Atmega1281_8Mhz_Gcc.a(adc.o)
                              All_ZigBit_Atmega1281_Rf230_8Mhz_Gcc/Obj/battery.o (HAL_CloseAdc)
./../../../../BitCloud/lib/libHAL_ZigBit_Atmega1281_8Mhz_Gcc.a(halSleepTimerClock.o)
                              ./../../../../BitCloud/lib/libHAL_ZigBit_Atmega1281_8Mhz_Gcc.a(appTimer.o) (halGetTimeOfSleepTimer)
./../../../../BitCloud/lib/libHAL_ZigBit_Atmega1281_8Mhz_Gcc.a(halAppClock.o)
                              ./../../../../BitCloud/lib/libHAL_ZigBit_Atmega1281_8Mhz_Gcc.a(appTimer.o) (halGetTimeOfAppTimer)
./../../../../BitCloud/lib/libHAL_ZigBit_Atmega1281_8Mhz_Gcc.a(halIrq.o)
                              ./../../../../BitCloud/lib/libHAL_ZigBit_Atmega1281_8Mhz_Gcc.a(irq.o) (halSetIrqConfig)
./../../../../BitCloud/lib/libHAL_ZigBit_Atmega1281_8Mhz_Gcc.a(i2c.o)
                              ./../../../../BitCloud/lib/libHAL_ZigBit_Atmega1281_8Mhz_Gcc.a(i2cPacket.o) (halInitI2c)
./../../../../BitCloud/lib/libHAL_ZigBit_Atmega1281_8Mhz_Gcc.a(halEeprom.o)
                              ./../../../../BitCloud/lib/libHAL_ZigBit_Atmega1281_8Mhz_Gcc.a(eeprom.o) (halEepromWrite)
./../../../../BitCloud/lib/libHAL_ZigBit_Atmega1281_8Mhz_Gcc.a(halSleep.o)
                              ./../../../../BitCloud/lib/libHAL_ZigBit_Atmega1281_8Mhz_Gcc.a(halSleepTimerClock.o) (HAL_Sleep)
./../../../../BitCloud/lib/libHAL_ZigBit_Atmega1281_8Mhz_Gcc.a(halAdc.o)
                              ./../../../../BitCloud/lib/libHAL_ZigBit_Atmega1281_8Mhz_Gcc.a(adc.o) (halCloseAdc)
./../../../../BitCloud/lib/libHAL_ZigBit_Atmega1281_8Mhz_Gcc.a(calibration.o)
                              ./../../../../BitCloud/lib/libHAL_ZigBit_Atmega1281_8Mhz_Gcc.a(halSleep.o) (halStartingCalibrate)
./../../../../BitCloud/lib/libHAL_ZigBit_Atmega1281_8Mhz_Gcc.a(halRfSpi.o)
                              ./../../../../BitCloud/lib/libHAL_ZigBit_Atmega1281_8Mhz_Gcc.a(halRfCtrl.o) (HAL_WriteByteRfSpi)
./../../../../BitCloud/lib/libHAL_ZigBit_Atmega1281_8Mhz_Gcc.a(halCalibration.o)
                              ./../../../../BitCloud/lib/libHAL_ZigBit_Atmega1281_8Mhz_Gcc.a(calibration.o) (halMeasurement)
./../../../../BitCloud/lib/libHAL_ZigBit_Atmega1281_8Mhz_Gcc.a(halTaskManager.o)
                              ./../../../../BitCloud/lib/libHAL_ZigBit_Atmega1281_8Mhz_Gcc.a(halSleepTimerClock.o) (halTaskFlags0)
./../../../../BitCloud/lib/libHAL_ZigBit_Atmega1281_8Mhz_Gcc.a(usart.o)
                              ./../../../../BitCloud/lib/libHAL_ZigBit_Atmega1281_8Mhz_Gcc.a(halSleep.o) (halEnableDtrWakeUp)
./../../../../BitCloud/lib/libHAL_ZigBit_Atmega1281_8Mhz_Gcc.a(sleep.o)
                              ./../../../../BitCloud/lib/libHAL_ZigBit_Atmega1281_8Mhz_Gcc.a(halSleepTimerClock.o) (halSleepControl)
./../../../../BitCloud/lib/libHAL_ZigBit_Atmega1281_8Mhz_Gcc.a(halClkCtrl.o)
                              ./../../../../BitCloud/lib/libHAL_ZigBit_Atmega1281_8Mhz_Gcc.a(halSleep.o) (halGetClockSource)
./../../../../BitCloud/lib/libHAL_ZigBit_Atmega1281_8Mhz_Gcc.a(halUsart.o)
                              ./../../../../BitCloud/lib/libHAL_ZigBit_Atmega1281_8Mhz_Gcc.a(usart.o) (halSetUsartConfig)
./../../../../BitCloud/lib/libHAL_ZigBit_Atmega1281_8Mhz_Gcc.a(sleepTimer.o)
                              ./../../../../BitCloud/lib/libHAL_ZigBit_Atmega1281_8Mhz_Gcc.a(halTaskManager.o) (halAsyncTimerHandler)
./../../../../BitCloud/lib/libBc_All_Atmega1281_Rf230_Gcc.a(aps.o)
                              All_ZigBit_Atmega1281_Rf230_8Mhz_Gcc/Obj/blink.o (APS_RegisterEndpointReq)
./../../../../BitCloud/lib/libBc_All_Atmega1281_Rf230_Gcc.a(macenvPib.o)
[...]
Memory Configuration

Name             Origin             Length             Attributes
text             0x00000000         0x00020000         xr
data             0x00800200         0x00001e0c         rw !x
eeprom           0x00810000         0x00001000         rw !x
*default*        0x00000000         0xffffffff

Linker script and memory map

Address of section .data set to 0x800200
LOAD c:/program files (x86)/atmel/avr studio 5.0/avr toolchain/bin/../lib/gcc/avr/4.5.1/../../../../avr/lib/avr51/crtm1281.o

.text           0x00000000    0x1582e
                0x00000000                PROVIDE (__text_start, .)
 *(.vectors)
 .vectors       0x00000000       0xcc c:/program files (x86)/atmel/avr studio 5.0/avr toolchain/bin/../lib/gcc/avr/4.5.1/../../../../avr/lib/avr51/crtm1281.o
                0x00000000                __vector_default
                0x00000000                __vectors
 *(.vectors)
 *(.progmem.gcc*)
 .progmem.gcc_sw_table
                0x000000cc      0x110 ./../../../../BitCloud/lib/libBc_All_Atmega1281_Rf230_Gcc.a(macenvPib.o)
 .progmem.gcc_sw_table
                0x000001dc       0x54 ./../../../../BitCloud/lib/libBc_All_Atmega1281_Rf230_Gcc.a(nwk.o)
 .progmem.gcc_sw_table
                0x00000230       0x3c ./../../../../BitCloud/lib/libBc_All_Atmega1281_Rf230_Gcc.a(machwiManager.o)
 .progmem.gcc_sw_table
                0x0000026c       0x16 ./../../../../BitCloud/lib/libBc_All_Atmega1281_Rf230_Gcc.a(machwiPanServer.o)
 .progmem.gcc_sw_table
                0x00000282       0x20 ./../../../../BitCloud/lib/libBc_All_Atmega1281_Rf230_Gcc.a(machwiScanHandler.o)
 .progmem.gcc_sw_table
                0x000002a2       0x58 ./../../../../BitCloud/lib/libBc_All_Atmega1281_Rf230_Gcc.a(zdoDiscoveryManager.o)
 .progmem.gcc_sw_table
                0x000002fa       0x26 ./../../../../BitCloud/lib/libBc_All_Atmega1281_Rf230_Gcc.a(machwdFrameRoutine.o)
 *(.progmem*)
 .progmem.data  0x00000320      0x181 All_ZigBit_Atmega1281_Rf230_8Mhz_Gcc/Obj/tsl2550.o
                0x00000320                tsl2550Ratio
                0x000003a1                tsl2550Count
 .progmem.data  0x000004a1       0x5c All_ZigBit_Atmega1281_Rf230_8Mhz_Gcc/Obj/csPersistentMem.o
                0x000004a1                csPersistentMemTable
 .progmem.data  0x000004fd      0x256 All_ZigBit_Atmega1281_Rf230_8Mhz_Gcc/Obj/csMem.o
                0x000004fd                defaultNIB
                0x0000057f                defaultZIB
                0x000005ae                defaultAIB
                0x000005b0                defaultSIB
                0x000005f1                csReadOnlyItems
                0x0000060f                csMemoryItems
 .progmem.data  0x00000753        0xc ./../../../../BitCloud/lib/libHAL_ZigBit_Atmega1281_8Mhz_Gcc.a(usart.o)
 .progmem.data  0x0000075f       0x10 ./../../../../BitCloud/lib/libBc_All_Atmega1281_Rf230_Gcc.a(aps.o)
 .progmem.data  0x0000076f      0x132 ./../../../../BitCloud/lib/libBc_All_Atmega1281_Rf230_Gcc.a(nwk.o)
                0x000008a2                . = ALIGN (0x2)
 *fill*         0x000008a1        0x1 00
 *(.trampolines*)
 .trampolines   0x000008a2        0x0 linker stubs
 *(.jumptables*)
 *(.lowtext*)
 *(.init0)
 .init0         0x000008a2        0x0 c:/program files (x86)/atmel/avr studio 5.0/avr toolchain/bin/../lib/gcc/avr/4.5.1/../../../../avr/lib/avr51/crtm1281.o
                0x000008a2                __init
 .init0         0x000008a2       0x30 ./../../../../BitCloud/lib/WdtInitatmega1281_Gcc.o
                0x000008a2                halWdtInit
 *(.init0)
 *(.init1)
 *(.init1)
 *(.init2)
 .init2         0x000008d2        0xc c:/program files (x86)/atmel/avr studio 5.0/avr toolchain/bin/../lib/gcc/avr/4.5.1/../../../../avr/lib/avr51/crtm1281.o
 *(.init2)
 *(.init3)
 *(.init3)
 *(.init4)
 .init4         0x000008de       0x1a c:/program files (x86)/atmel/avr studio 5.0/avr toolchain/bin/../lib/gcc/avr/4.5.1/avr51\libgcc.a(_copy_data.o)
                0x000008de                __do_copy_data
 .init4         0x000008f8       0x10 c:/program files (x86)/atmel/avr studio 5.0/avr toolchain/bin/../lib/gcc/avr/4.5.1/avr51\libgcc.a(_clear_bss.o)
                0x000008f8                __do_clear_bss
 *(.init4)
 *(.init5)
 *(.init5)
 *(.init6)
 *(.init6)
 *(.init7)
 *(.init7)
 *(.init8)
 *(.init8)
 *(.text.main)
 .text.main     0x00000908        0xa All_ZigBit_Atmega1281_Rf230_8Mhz_Gcc/Obj/blink.o
                0x00000908                main
 *(.text.main)
 *(.text)
 .text          0x00000912        0x4 c:/program files (x86)/atmel/avr studio 5.0/avr toolchain/bin/../lib/gcc/avr/4.5.1/../../../../avr/lib/avr51/crtm1281.o
                0x00000912                __vector_22
                0x00000912                __vector_28
                0x00000912                __vector_1
                0x00000912                __vector_32
                0x00000912                __vector_34
                0x00000912                __vector_24
                0x00000912                __vector_12
                0x00000912                __vector_46
                0x00000912                __bad_interrupt
                0x00000912                __vector_31
                0x00000912                __vector_35
                0x00000912                __vector_3
                0x00000912                __vector_23
                0x00000912                __vector_45
                0x00000912                __vector_11
                0x00000912                __vector_17
                0x00000912                __vector_19
                0x00000912                __vector_49
                0x00000912                __vector_41
                0x00000912                __vector_33
                0x00000912                __vector_47
                0x00000912                __vector_4
                0x00000912                __vector_44
                0x00000912                __vector_9
                0x00000912                __vector_2
                0x00000912                __vector_21
                0x00000912                __vector_40
                0x00000912                __vector_48
                0x00000912                __vector_14
                0x00000912                __vector_10
                0x00000912                __vector_50
                0x00000912                __vector_16
                0x00000912                __vector_18
                0x00000912                __vector_20
 .text          0x00000916       0xce ./../../../../BitCloud/lib/libHAL_ZigBit_Atmega1281_8Mhz_Gcc.a(halW1.o)
                0x00000916                halResetW1
                0x0000094a                halReadW1Bit
                0x0000097a                halReadW1
                0x00000996                halWriteW1bit
                0x000009c2                halWriteW1
                0x000009d4                __delay_us
 .text          0x000009e4       0x3a ./../../../../BitCloud/lib/libHAL_ZigBit_Atmega1281_8Mhz_Gcc.a(halCalibration.o)
                0x000009e4                halMeasurement
 .text          0x00000a1e       0xe2 c:/program files (x86)/atmel/avr studio 5.0/avr toolchain/bin/../lib/gcc/avr/4.5.1/avr51\libgcc.a(_lshrdi3.o)
                0x00000a1e                __lshrdi3
 .text          0x00000b00       0xe2 c:/program files (x86)/atmel/avr studio 5.0/avr toolchain/bin/../lib/gcc/avr/4.5.1/avr51\libgcc.a(_ashldi3.o)
                0x00000b00                __ashldi3
 *(.text.*)
 .text.pdsDummyCallback
                0x00000be2        0x2 All_ZigBit_Atmega1281_Rf230_8Mhz_Gcc/Obj/pdsWriteData.o
                0x00000be2                pdsDummyCallback
 .text.pdsStartPdsTimer
                0x00000be4       0x5c All_ZigBit_Atmega1281_Rf230_8Mhz_Gcc/Obj/pdsWriteData.o
                0x00000be4                pdsStartPdsTimer
 .text.pdsStartPersistServer
                0x00000c40        0xc All_ZigBit_Atmega1281_Rf230_8Mhz_Gcc/Obj/pdsWriteData.o
                0x00000c40                pdsStartPersistServer
 .text.pdsPrepareMemoryAccess
                0x00000c4c       0x8e All_ZigBit_Atmega1281_Rf230_8Mhz_Gcc/Obj/pdsWriteData.o
                0x00000c4c                pdsPrepareMemoryAccess
 .text.pdsWaitMemoryFree
                0x00000cda       0x10 All_ZigBit_Atmega1281_Rf230_8Mhz_Gcc/Obj/pdsWriteData.o
                0x00000cda                pdsWaitMemoryFree
 .text.pdsRead  0x00000cea       0x3e All_ZigBit_Atmega1281_Rf230_8Mhz_Gcc/Obj/pdsWriteData.o
                0x00000cea                pdsRead
 .text.pdsUpdate
                0x00000d28       0x40 All_ZigBit_Atmega1281_Rf230_8Mhz_Gcc/Obj/pdsWriteData.o
                0x00000d28                pdsUpdate
 .text.pdsWrite
                0x00000d68       0x3e All_ZigBit_Atmega1281_Rf230_8Mhz_Gcc/Obj/pdsWriteData.o
                0x00000d68                pdsWrite
 .text.pdsOnTimerSave
                0x00000da6       0xe2 All_ZigBit_Atmega1281_Rf230_8Mhz_Gcc/Obj/pdsWriteData.o
                0x00000da6                pdsOnTimerSave
 .text.PDS_Init
                0x00000e88       0x20 All_ZigBit_Atmega1281_Rf230_8Mhz_Gcc/Obj/pdsDataServer.o
                0x00000e88                PDS_Init
 .text.pdsCalculateCrc
                0x00000ea8       0x94 All_ZigBit_Atmega1281_Rf230_8Mhz_Gcc/Obj/pdsCrcService.o
                0x00000ea8                pdsCalculateCrc
 .text.pdsReadCrc
                0x00000f3c       0x92 All_ZigBit_Atmega1281_Rf230_8Mhz_Gcc/Obj/pdsCrcService.o
                0x00000f3c                pdsReadCrc
 .text.pdsWriteCrc
                0x00000fce       0xa6 All_ZigBit_Atmega1281_Rf230_8Mhz_Gcc/Obj/pdsCrcService.o
                0x00000fce                pdsWriteCrc
 .text.pdsCheckPersistMemory
                0x00001074       0x40 All_ZigBit_Atmega1281_Rf230_8Mhz_Gcc/Obj/pdsCrcService.o
                0x00001074                pdsCheckPersistMemory
 .text.bspButtonsHandler
                0x000010b4      0x10e All_ZigBit_Atmega1281_Rf230_8Mhz_Gcc/Obj/buttons.o
                0x000010b4                bspButtonsHandler
 .text.bspOnPeriphery
                0x000011c2       0x3c All_ZigBit_Atmega1281_Rf230_8Mhz_Gcc/Obj/pwrCtrl.o
                0x000011c2                bspOnPeriphery
 .text.BSP_OpenLeds
                0x000011fe       0x10 All_ZigBit_Atmega1281_Rf230_8Mhz_Gcc/Obj/leds.o
                0x000011fe                BSP_OpenLeds
 .text.BSP_OnLed
                0x0000120e       0x1a All_ZigBit_Atmega1281_Rf230_8Mhz_Gcc/Obj/leds.o
                0x0000120e                BSP_OnLed
 .text.BSP_ToggleLed
                0x00001228       0x28 All_ZigBit_Atmega1281_Rf230_8Mhz_Gcc/Obj/leds.o
                0x00001228                BSP_ToggleLed
 .text.bspBatteryHandler
                0x00001250       0x30 All_ZigBit_Atmega1281_Rf230_8Mhz_Gcc/Obj/battery.o
                0x00001250                bspBatteryHandler
 .text.bspLM73Handler
                0x00001280       0x20 All_ZigBit_Atmega1281_Rf230_8Mhz_Gcc/Obj/lm73.o
                0x00001280                bspLM73Handler
 .text.bspTsl2550Handler
                0x000012a0      0x12c All_ZigBit_Atmega1281_Rf230_8Mhz_Gcc/Obj/tsl2550.o
                0x000012a0                bspTsl2550Handler
 .text.BSP_TaskHandler
                0x000013cc       0x7a All_ZigBit_Atmega1281_Rf230_8Mhz_Gcc/Obj/bspTaskManager.o
                0x000013cc                BSP_TaskHandler
 .text.csSetToDefault
                0x00001446       0x7e All_ZigBit_Atmega1281_Rf230_8Mhz_Gcc/Obj/csMem.o
                0x00001446                csSetToDefault
 .text.csGetItem
                0x000014c4       0x38 All_ZigBit_Atmega1281_Rf230_8Mhz_Gcc/Obj/configServer.o
 .text.CS_Init  0x000014fc        0xa All_ZigBit_Atmega1281_Rf230_8Mhz_Gcc/Obj/configServer.o
                0x000014fc                CS_Init
 .text.CS_ReadParameter
                0x00001506       0x36 All_ZigBit_Atmega1281_Rf230_8Mhz_Gcc/Obj/configServer.o
                0x00001506                CS_ReadParameter
 .text.CS_WriteParameter
                0x0000153c       0x34 All_ZigBit_Atmega1281_Rf230_8Mhz_Gcc/Obj/configServer.o
                0x0000153c                CS_WriteParameter
 .text.CS_GetMemory
                0x00001570       0x18 All_ZigBit_Atmega1281_Rf230_8Mhz_Gcc/Obj/configServer.o
                0x00001570                CS_GetMemory
 .text.APS_DataIndication
                0x00001588        0x8 All_ZigBit_Atmega1281_Rf230_8Mhz_Gcc/Obj/blink.o
                0x00001588                APS_DataIndication
 .text.ZDO_StartNetworkConf
                0x00001590       0x62 All_ZigBit_Atmega1281_Rf230_8Mhz_Gcc/Obj/blink.o
 .text.blinkTimerFired
                0x000015f2       0x70 All_ZigBit_Atmega1281_Rf230_8Mhz_Gcc/Obj/blink.o
 .text.APL_TaskHandler
                0x00001662       0xe6 All_ZigBit_Atmega1281_Rf230_8Mhz_Gcc/Obj/blink.o
                0x00001662                APL_TaskHandler
 .text.ZDO_MgmtNwkUpdateNotf
                0x00001748        0x2 All_ZigBit_Atmega1281_Rf230_8Mhz_Gcc/Obj/blink.o
                0x00001748                ZDO_MgmtNwkUpdateNotf
 .text.ZDO_WakeUpInd
                0x0000174a        0x2 All_ZigBit_Atmega1281_Rf230_8Mhz_Gcc/Obj/blink.o
                0x0000174a                ZDO_WakeUpInd
 .text.ZDO_BindIndication
                0x0000174c        0x2 All_ZigBit_Atmega1281_Rf230_8Mhz_Gcc/Obj/blink.o
                0x0000174c                ZDO_BindIndication
 .text.ZDO_UnbindIndication
                0x0000174e        0x2 All_ZigBit_Atmega1281_Rf230_8Mhz_Gcc/Obj/blink.o
                0x0000174e                ZDO_UnbindIndication
 .text.HAL_ClearRfIrqFlag
                0x00001750        0x6 ./../../../../BitCloud/lib/libHAL_ZigBit_Atmega1281_8Mhz_Gcc.a(halRfCtrl.o)
                0x00001750                HAL_ClearRfIrqFlag
 .text.HAL_EnableRfIrq
                0x00001756        0x4 ./../../../../BitCloud/lib/libHAL_ZigBit_Atmega1281_8Mhz_Gcc.a(halRfCtrl.o)
                0x00001756                HAL_EnableRfIrq
 .text.HAL_DisableRfIrq
                0x0000175a        0x8 ./../../../../BitCloud/lib/libHAL_ZigBit_Atmega1281_8Mhz_Gcc.a(halRfCtrl.o)
                0x0000175a                HAL_DisableRfIrq
 .text.HAL_SetRfSlpTr
                0x00001762        0x4 ./../../../../BitCloud/lib/libHAL_ZigBit_Atmega1281_8Mhz_Gcc.a(halRfCtrl.o)
                0x00001762                HAL_SetRfSlpTr
 .text.HAL_ClearRfSlpTr
                0x00001766        0x4 ./../../../../BitCloud/lib/libHAL_ZigBit_Atmega1281_8Mhz_Gcc.a(halRfCtrl.o)
                0x00001766                HAL_ClearRfSlpTr
 .text.HAL_SetRfRst
                0x0000176a        0x4 ./../../../../BitCloud/lib/libHAL_ZigBit_Atmega1281_8Mhz_Gcc.a(halRfCtrl.o)
                0x0000176a                HAL_SetRfRst
 .text.HAL_ClearRfRst
                0x0000176e        0x4 ./../../../../BitCloud/lib/libHAL_ZigBit_Atmega1281_8Mhz_Gcc.a(halRfCtrl.o)
                0x0000176e                HAL_ClearRfRst
 .text.HAL_InitRfPins
                0x00001772        0xe ./../../../../BitCloud/lib/libHAL_ZigBit_Atmega1281_8Mhz_Gcc.a(halRfCtrl.o)
                0x00001772                HAL_InitRfPins
 .text.HAL_InitRfIrq
                0x00001780        0xc ./../../../../BitCloud/lib/libHAL_ZigBit_Atmega1281_8Mhz_Gcc.a(halRfCtrl.o)
                0x00001780                HAL_InitRfIrq
 .text.HAL_GetRfFreq
                0x0000178c        0x4 ./../../../../BitCloud/lib/libHAL_ZigBit_Atmega1281_8Mhz_Gcc.a(halRfCtrl.o)
                0x0000178c                HAL_GetRfFreq
 .text.HAL_IsAmplifierUsed
                0x00001790        0x4 ./../../../../BitCloud/lib/libHAL_ZigBit_Atmega1281_8Mhz_Gcc.a(halRfCtrl.o)
                0x00001790                HAL_IsAmplifierUsed
 .text.halWaitRadio
                0x00001794       0x22 ./../../../../BitCloud/lib/libHAL_ZigBit_Atmega1281_8Mhz_Gcc.a(halRfCtrl.o)
                0x00001794                halWaitRadio
 .text.HAL_Delay
                0x000017b6        0x6 ./../../../../BitCloud/lib/libHAL_ZigBit_Atmega1281_8Mhz_Gcc.a(halRfCtrl.o)
                0x000017b6                HAL_Delay
 .text.HAL_GetSystemTime
                0x000017bc       0x4e ./../../../../BitCloud/lib/libHAL_ZigBit_Atmega1281_8Mhz_Gcc.a(appTimer.o)
                0x000017bc                HAL_GetSystemTime
 .text.HAL_StopAppTimer
                0x0000180a       0x4a ./../../../../BitCloud/lib/libHAL_ZigBit_Atmega1281_8Mhz_Gcc.a(appTimer.o)
                0x0000180a                HAL_StopAppTimer
 .text.HAL_StartAppTimer
                0x00001854       0x56 ./../../../../BitCloud/lib/libHAL_ZigBit_Atmega1281_8Mhz_Gcc.a(appTimer.o)
                0x00001854                HAL_StartAppTimer
 .text.halAppTimerHandler
                0x000018aa       0x8a ./../../../../BitCloud/lib/libHAL_ZigBit_Atmega1281_8Mhz_Gcc.a(appTimer.o)
                0x000018aa                halAppTimerHandler
 .text.HAL_EnableIrq
                0x00001934       0x3e ./../../../../BitCloud/lib/libHAL_ZigBit_Atmega1281_8Mhz_Gcc.a(irq.o)
                0x00001934                HAL_EnableIrq
 .text.halI2cBusReset
                0x00001972       0x30 ./../../../../BitCloud/lib/libHAL_ZigBit_Atmega1281_8Mhz_Gcc.a(i2cPacket.o)
                0x00001972                halI2cBusReset
 .text.HAL_CloseI2cPacket
                0x000019a2       0x22 ./../../../../BitCloud/lib/libHAL_ZigBit_Atmega1281_8Mhz_Gcc.a(i2cPacket.o)
                0x000019a2                HAL_CloseI2cPacket
 .text.halSendStartDoneI2c
                0x000019c4       0x42 ./../../../../BitCloud/lib/libHAL_ZigBit_Atmega1281_8Mhz_Gcc.a(i2cPacket.o)
                0x000019c4                halSendStartDoneI2c
 .text.halWriteData
                0x00001a06       0x60 ./../../../../BitCloud/lib/libHAL_ZigBit_Atmega1281_8Mhz_Gcc.a(i2cPacket.o)
                0x00001a06                halWriteData
 .text.halWriteInternalAddress
                0x00001a66       0x5c ./../../../../BitCloud/lib/libHAL_ZigBit_Atmega1281_8Mhz_Gcc.a(i2cPacket.o)
                0x00001a66                halWriteInternalAddress
 .text.halWriteDoneI2c
                0x00001ac2       0x3a ./../../../../BitCloud/lib/libHAL_ZigBit_Atmega1281_8Mhz_Gcc.a(i2cPacket.o)
                0x00001ac2                halWriteDoneI2c
 .text.halMasterReadWriteAddressAckI2c
                0x00001afc       0x34 ./../../../../BitCloud/lib/libHAL_ZigBit_Atmega1281_8Mhz_Gcc.a(i2cPacket.o)
                0x00001afc                halMasterReadWriteAddressAckI2c
 .text.halReadDoneI2c
                0x00001b30       0x5a ./../../../../BitCloud/lib/libHAL_ZigBit_Atmega1281_8Mhz_Gcc.a(i2cPacket.o)
                0x00001b30                halReadDoneI2c
 .text.halReadLastByteDoneI2c
                0x00001b8a       0x58 ./../../../../BitCloud/lib/libHAL_ZigBit_Atmega1281_8Mhz_Gcc.a(i2cPacket.o)
                0x00001b8a                halReadLastByteDoneI2c
 .text.halSig2WireSerialHandler
                0x00001be2       0x38 ./../../../../BitCloud/lib/libHAL_ZigBit_Atmega1281_8Mhz_Gcc.a(i2cPacket.o)
                0x00001be2                halSig2WireSerialHandler
 .text.HAL_ReadEeprom
                0x00001c1a       0xc4 ./../../../../BitCloud/lib/libHAL_ZigBit_Atmega1281_8Mhz_Gcc.a(eeprom.o)
                0x00001c1a                HAL_ReadEeprom
 .text.HAL_IsEepromBusy
                0x00001cde       0x10 ./../../../../BitCloud/lib/libHAL_ZigBit_Atmega1281_8Mhz_Gcc.a(eeprom.o)
                0x00001cde                HAL_IsEepromBusy
 .text.halSigEepromReadyHandler
                0x00001cee       0x64 ./../../../../BitCloud/lib/libHAL_ZigBit_Atmega1281_8Mhz_Gcc.a(eeprom.o)
                0x00001cee                halSigEepromReadyHandler
 .text.HAL_WriteEeprom
                0x00001d52       0xf2 ./../../../../BitCloud/lib/libHAL_ZigBit_Atmega1281_8Mhz_Gcc.a(eeprom.o)
                0x00001d52                HAL_WriteEeprom
 .text.halAddTimer
                0x00001e44       0x9e ./../../../../BitCloud/lib/libHAL_ZigBit_Atmega1281_8Mhz_Gcc.a(timer.o)
                0x00001e44                halAddTimer
 .text.halRemoveTimer
                0x00001ee2       0x3c ./../../../../BitCloud/lib/libHAL_ZigBit_Atmega1281_8Mhz_Gcc.a(timer.o)
                0x00001ee2                halRemoveTimer
 .text.halFindPrevTimer
                0x00001f1e       0x1e ./../../../../BitCloud/lib/libHAL_ZigBit_Atmega1281_8Mhz_Gcc.a(timer.o)
                0x00001f1e                halFindPrevTimer
 .text.halSigAdcHandler
                0x00001f3c       0x1e ./../../../../BitCloud/lib/libHAL_ZigBit_Atmega1281_8Mhz_Gcc.a(adc.o)
                0x00001f3c                halSigAdcHandler
 .text.halClearTimeControl
                0x00001f5a       0x14 ./../../../../BitCloud/lib/libHAL_ZigBit_Atmega1281_8Mhz_Gcc.a(halSleepTimerClock.o)
                0x00001f5a                halClearTimeControl
 .text.halStartSleepTimerClock
                0x00001f6e       0x48 ./../../../../BitCloud/lib/libHAL_ZigBit_Atmega1281_8Mhz_Gcc.a(halSleepTimerClock.o)
                0x00001f6e                halStartSleepTimerClock
 .text.halStopSleepTimerClock
                0x00001fb6       0x42 ./../../../../BitCloud/lib/libHAL_ZigBit_Atmega1281_8Mhz_Gcc.a(halSleepTimerClock.o)
                0x00001fb6                halStopSleepTimerClock
 .text.halSetSleepTimerInterval
                0x00001ff8       0x84 ./../../../../BitCloud/lib/libHAL_ZigBit_Atmega1281_8Mhz_Gcc.a(halSleepTimerClock.o)
                0x00001ff8                halSetSleepTimerInterval
 .text.halGetTimeOfSleepTimer
                0x0000207c       0xbc ./../../../../BitCloud/lib/libHAL_ZigBit_Atmega1281_8Mhz_Gcc.a(halSleepTimerClock.o)
                0x0000207c                halGetTimeOfSleepTimer
 .text.halSleepTimerFrequency
                0x00002138        0xa ./../../../../BitCloud/lib/libHAL_ZigBit_Atmega1281_8Mhz_Gcc.a(halSleepTimerClock.o)
                0x00002138                halSleepTimerFrequency
 .text.halSleepSystemTimeSynchronize
                0x00002142       0x5e ./../../../../BitCloud/lib/libHAL_ZigBit_Atmega1281_8Mhz_Gcc.a(halSleepTimerClock.o)
                0x00002142                halSleepSystemTimeSynchronize
 .text.__vector_13
                0x000021a0       0x92 ./../../../../BitCloud/lib/libHAL_ZigBit_Atmega1281_8Mhz_Gcc.a(halSleepTimerClock.o)
                0x000021a0                __vector_13
 .text.halWakeupFromIrq
                0x00002232       0x28 ./../../../../BitCloud/lib/libHAL_ZigBit_Atmega1281_8Mhz_Gcc.a(halSleepTimerClock.o)
                0x00002232                halWakeupFromIrq
 .text.__vector_15
                0x0000225a      0x10a ./../../../../BitCloud/lib/libHAL_ZigBit_Atmega1281_8Mhz_Gcc.a(halSleepTimerClock.o)
                0x0000225a                __vector_15
 .text.halInitAppClock
                0x00002364       0x26 ./../../../../BitCloud/lib/libHAL_ZigBit_Atmega1281_8Mhz_Gcc.a(halAppClock.o)
                0x00002364                halInitAppClock
 .text.halAdjustSleepInterval
                0x0000238a       0x4c ./../../../../BitCloud/lib/libHAL_ZigBit_Atmega1281_8Mhz_Gcc.a(halAppClock.o)
                0x0000238a                halAdjustSleepInterval
 .text.halAppSystemTimeSynchronize
                0x000023d6       0x5e ./../../../../BitCloud/lib/libHAL_ZigBit_Atmega1281_8Mhz_Gcc.a(halAppClock.o)
                0x000023d6                halAppSystemTimeSynchronize
 .text.halGetTimeOfAppTimer
                0x00002434       0x16 ./../../../../BitCloud/lib/libHAL_ZigBit_Atmega1281_8Mhz_Gcc.a(halAppClock.o)
                0x00002434                halGetTimeOfAppTimer
 .text.__vector_42
                0x0000244a       0x4c ./../../../../BitCloud/lib/libHAL_ZigBit_Atmega1281_8Mhz_Gcc.a(halAppClock.o)
                0x0000244a                __vector_42
 .text.halSetIrqConfig
                0x00002496       0x5e ./../../../../BitCloud/lib/libHAL_ZigBit_Atmega1281_8Mhz_Gcc.a(halIrq.o)
                0x00002496                halSetIrqConfig
 .text.__vector_8
                0x000024f4       0x5e ./../../../../BitCloud/lib/libHAL_ZigBit_Atmega1281_8Mhz_Gcc.a(halIrq.o)
                0x000024f4                __vector_8
 .text.__vector_7
                0x00002552       0x5e ./../../../../BitCloud/lib/libHAL_ZigBit_Atmega1281_8Mhz_Gcc.a(halIrq.o)
                0x00002552                __vector_7
 .text.__vector_39
                0x000025b0       0xd6 ./../../../../BitCloud/lib/libHAL_ZigBit_Atmega1281_8Mhz_Gcc.a(i2c.o)
                0x000025b0                __vector_39
 .text.halEepromWrite
                0x00002686       0x1e ./../../../../BitCloud/lib/libHAL_ZigBit_Atmega1281_8Mhz_Gcc.a(halEeprom.o)
                0x00002686                halEepromWrite
 .text.__vector_30
                0x000026a4       0x44 ./../../../../BitCloud/lib/libHAL_ZigBit_Atmega1281_8Mhz_Gcc.a(halEeprom.o)
                0x000026a4                __vector_30
 .text.halWakeupHandler
                0x000026e8       0x56 ./../../../../BitCloud/lib/libHAL_ZigBit_Atmega1281_8Mhz_Gcc.a(halSleep.o)
                0x000026e8                halWakeupHandler
 .text.HAL_Sleep
                0x0000273e       0xe8 ./../../../../BitCloud/lib/libHAL_ZigBit_Atmega1281_8Mhz_Gcc.a(halSleep.o)
                0x0000273e                HAL_Sleep
 .text.halPowerOn
                0x00002826       0x5e ./../../../../BitCloud/lib/libHAL_ZigBit_Atmega1281_8Mhz_Gcc.a(halSleep.o)
                0x00002826                halPowerOn
 .text.halPowerOff
                0x00002884       0xc2 ./../../../../BitCloud/lib/libHAL_ZigBit_Atmega1281_8Mhz_Gcc.a(halSleep.o)
                0x00002884                halPowerOff
 .text.__vector_29
                0x00002946       0xca ./../../../../BitCloud/lib/libHAL_ZigBit_Atmega1281_8Mhz_Gcc.a(halAdc.o)
                0x00002946                __vector_29
 .text.halCalibrateInternalRc
                0x00002a10       0xdc ./../../../../BitCloud/lib/libHAL_ZigBit_Atmega1281_8Mhz_Gcc.a(calibration.o)
                0x00002a10                halCalibrateInternalRc
 .text.HAL_CalibrateMainClock
                0x00002aec        0xe ./../../../../BitCloud/lib/libHAL_ZigBit_Atmega1281_8Mhz_Gcc.a(calibration.o)
                0x00002aec                HAL_CalibrateMainClock
 .text.halStartingCalibrate
                0x00002afa       0x22 ./../../../../BitCloud/lib/libHAL_ZigBit_Atmega1281_8Mhz_Gcc.a(calibration.o)
                0x00002afa                halStartingCalibrate
 .text.HAL_InitRfSpi
                0x00002b1c       0x16 ./../../../../BitCloud/lib/libHAL_ZigBit_Atmega1281_8Mhz_Gcc.a(halRfSpi.o)
                0x00002b1c                HAL_InitRfSpi
 .text.HAL_WriteByteRfSpi
                0x00002b32       0x2a ./../../../../BitCloud/lib/libHAL_ZigBit_Atmega1281_8Mhz_Gcc.a(halRfSpi.o)
                0x00002b32                HAL_WriteByteRfSpi
 .text.HAL_DeselectRfSpi
                0x00002b5c        0x4 ./../../../../BitCloud/lib/libHAL_ZigBit_Atmega1281_8Mhz_Gcc.a(halRfSpi.o)
                0x00002b5c                HAL_DeselectRfSpi
 .text.HAL_SelectRfSpi
                0x00002b60        0x4 ./../../../../BitCloud/lib/libHAL_ZigBit_Atmega1281_8Mhz_Gcc.a(halRfSpi.o)
                0x00002b60                HAL_SelectRfSpi
 .text.HAL_TaskHandler
                0x00002b64      0x156 ./../../../../BitCloud/lib/libHAL_ZigBit_Atmega1281_8Mhz_Gcc.a(halTaskManager.o)
                0x00002b64                HAL_TaskHandler
 .text.halPostUsartTask
                0x00002cba       0x3c ./../../../../BitCloud/lib/libHAL_ZigBit_Atmega1281_8Mhz_Gcc.a(usart.o)
                0x00002cba                halPostUsartTask
 .text.halUsartRxBufferFiller
                0x00002cf6      0x114 ./../../../../BitCloud/lib/libHAL_ZigBit_Atmega1281_8Mhz_Gcc.a(usart.o)
                0x00002cf6                halUsartRxBufferFiller
 .text.halSigUsartTransmissionComplete
                0x00002e0a       0x58 ./../../../../BitCloud/lib/libHAL_ZigBit_Atmega1281_8Mhz_Gcc.a(usart.o)
                0x00002e0a                halSigUsartTransmissionComplete
 .text.halSigUsartReceptionComplete
                0x00002e62       0x4c ./../../../../BitCloud/lib/libHAL_ZigBit_Atmega1281_8Mhz_Gcc.a(usart.o)
 .text.halUsartTaskUsart0Txc
                0x00002eae        0x8 ./../../../../BitCloud/lib/libHAL_ZigBit_Atmega1281_8Mhz_Gcc.a(usart.o)
 .text.halUsartTaskUsart0Rxc
                0x00002eb6        0x8 ./../../../../BitCloud/lib/libHAL_ZigBit_Atmega1281_8Mhz_Gcc.a(usart.o)
 .text.halUsartTaskUsart1Txc
                0x00002ebe        0x8 ./../../../../BitCloud/lib/libHAL_ZigBit_Atmega1281_8Mhz_Gcc.a(usart.o)
 .text.halUsartTaskUsart1Rxc
                0x00002ec6        0x8 ./../../../../BitCloud/lib/libHAL_ZigBit_Atmega1281_8Mhz_Gcc.a(usart.o)
 .text.halUsartHwController
                0x00002ece      0x126 ./../../../../BitCloud/lib/libHAL_ZigBit_Atmega1281_8Mhz_Gcc.a(usart.o)
 .text.hwControlPinsPollCallback
                0x00002ff4        0x8 ./../../../../BitCloud/lib/libHAL_ZigBit_Atmega1281_8Mhz_Gcc.a(usart.o)
                0x00002ff4                hwControlPinsPollCallback
 .text.halUsartTaskUsart1Dre
                0x00002ffc        0x8 ./../../../../BitCloud/lib/libHAL_ZigBit_Atmega1281_8Mhz_Gcc.a(usart.o)
 .text.halUsartTaskUsart0Dre
                0x00003004        0x8 ./../../../../BitCloud/lib/libHAL_ZigBit_Atmega1281_8Mhz_Gcc.a(usart.o)
 .text.halSigUsartHandler
                0x0000300c       0x8a ./../../../../BitCloud/lib/libHAL_ZigBit_Atmega1281_8Mhz_Gcc.a(usart.o)
                0x0000300c                halSigUsartHandler
 .text.HAL_StartSystemSleep
                0x00003096       0x76 ./../../../../BitCloud/lib/libHAL_ZigBit_Atmega1281_8Mhz_Gcc.a(sleep.o)
                0x00003096                HAL_StartSystemSleep
 .text.halGetClockSource
                0x0000310c        0x6 ./../../../../BitCloud/lib/libHAL_ZigBit_Atmega1281_8Mhz_Gcc.a(halClkCtrl.o)
                0x0000310c                halGetClockSource
 .text.halInitFreq
                0x00003112       0x4c ./../../../../BitCloud/lib/libHAL_ZigBit_Atmega1281_8Mhz_Gcc.a(halClkCtrl.o)
                0x00003112                halInitFreq
 .text.__vector_5
                0x0000315e       0x66 ./../../../../BitCloud/lib/libHAL_ZigBit_Atmega1281_8Mhz_Gcc.a(halUsart.o)
                0x0000315e                __vector_5
 .text.__vector_36
                0x000031c4       0x64 ./../../../../BitCloud/lib/libHAL_ZigBit_Atmega1281_8Mhz_Gcc.a(halUsart.o)
                0x000031c4                __vector_36
 .text.__vector_38
                0x00003228       0x5c ./../../../../BitCloud/lib/libHAL_ZigBit_Atmega1281_8Mhz_Gcc.a(halUsart.o)
                0x00003228                __vector_38
 .text.__vector_37
                0x00003284       0x5c ./../../../../BitCloud/lib/libHAL_ZigBit_Atmega1281_8Mhz_Gcc.a(halUsart.o)
                0x00003284                __vector_37
 .text.__vector_25
                0x000032e0       0x64 ./../../../../BitCloud/lib/libHAL_ZigBit_Atmega1281_8Mhz_Gcc.a(halUsart.o)
                0x000032e0                __vector_25
 .text.__vector_27
                0x00003344       0x5c ./../../../../BitCloud/lib/libHAL_ZigBit_Atmega1281_8Mhz_Gcc.a(halUsart.o)
                0x00003344                __vector_27
 .text.__vector_26
                0x000033a0       0x5c ./../../../../BitCloud/lib/libHAL_ZigBit_Atmega1281_8Mhz_Gcc.a(halUsart.o)
                0x000033a0                __vector_26
 .text.halAsyncTimerHandler
                0x000033fc       0x52 ./../../../../BitCloud/lib/libHAL_ZigBit_Atmega1281_8Mhz_Gcc.a(sleepTimer.o)
                0x000033fc                halAsyncTimerHandler
 .text.HAL_StartSleepTimer
                0x0000344e       0x74 ./../../../../BitCloud/lib/libHAL_ZigBit_Atmega1281_8Mhz_Gcc.a(sleepTimer.o)
                0x0000344e                HAL_StartSleepTimer
 .text.apsIsValidBindingParameters
                0x000034c2       0x34 ./../../../../BitCloud/lib/libBc_All_Atmega1281_Rf230_Gcc.a(aps.o)
 .text.apsGetApsCounter
                0x000034f6        0xe ./../../../../BitCloud/lib/libBc_All_Atmega1281_Rf230_Gcc.a(aps.o)
 .text.apsAckForFragmentedReceiveConfirmHandler
                0x00003504       0x20 ./../../../../BitCloud/lib/libBc_All_Atmega1281_Rf230_Gcc.a(aps.o)
 .text.apsPrepareFragmentedTransmission
                0x00003524       0x72 ./../../../../BitCloud/lib/libBc_All_Atmega1281_Rf230_Gcc.a(aps.o)
 .text.apsIsFragmentationDataReq
                0x00003596       0x24 ./../../../../BitCloud/lib/libBc_All_Atmega1281_Rf230_Gcc.a(aps.o)
 .text.apsGetAckByDataBuffer
                0x000035ba       0x2e ./../../../../BitCloud/lib/libBc_All_Atmega1281_Rf230_Gcc.a(aps.o)
 .text.APS_NextEndpoint
                0x000035e8       0x16 ./../../../../BitCloud/lib/libBc_All_Atmega1281_Rf230_Gcc.a(aps.o)
                0x000035e8                APS_NextEndpoint
 .text.apsFindEndpoint
                0x000035fe       0x2a ./../../../../BitCloud/lib/libBc_All_Atmega1281_Rf230_Gcc.a(aps.o)
 .text.apsGetBuffer
                0x00003628      0x132 ./../../../../BitCloud/lib/libBc_All_Atmega1281_Rf230_Gcc.a(aps.o)
 .text.apsFreeBuffer
                0x0000375a       0xa0 ./../../../../BitCloud/lib/libBc_All_Atmega1281_Rf230_Gcc.a(aps.o)
 .text.APS_IsActiveTransaction
                0x000037fa       0x4e ./../../../../BitCloud/lib/libBc_All_Atmega1281_Rf230_Gcc.a(aps.o)
                0x000037fa                APS_IsActiveTransaction
 .text.apsPostTask
                0x00003848       0x32 ./../../../../BitCloud/lib/libBc_All_Atmega1281_Rf230_Gcc.a(aps.o)
 .text.apsMakeApsDataConf
                0x0000387a       0x5a ./../../../../BitCloud/lib/libBc_All_Atmega1281_Rf230_Gcc.a(aps.o)
 .text.APS_TaskHandler
                0x000038d4       0x9c ./../../../../BitCloud/lib/libBc_All_Atmega1281_Rf230_Gcc.a(aps.o)
                0x000038d4                APS_TaskHandler
 .text.apsStopConf
                0x00003970       0x42 ./../../../../BitCloud/lib/libBc_All_Atmega1281_Rf230_Gcc.a(aps.o)
 .text.apsSendNwkDataReq
                0x000039b2       0x10 ./../../../../BitCloud/lib/libBc_All_Atmega1281_Rf230_Gcc.a(aps.o)
 .text.apsProcessShortAddrModeDataReq
                0x000039c2      0x1ea ./../../../../BitCloud/lib/libBc_All_Atmega1281_Rf230_Gcc.a(aps.o)
 .text.apsSendNextBlock
                0x00003bac       0x14 ./../../../../BitCloud/lib/libBc_All_Atmega1281_Rf230_Gcc.a(aps.o)
 .text.apsSendAckForFragmentedReceive
                0x00003bc0       0xac ./../../../../BitCloud/lib/libBc_All_Atmega1281_Rf230_Gcc.a(aps.o)
 .text.apsDataManagerNwkDataConf
                0x00003c6c       0x1c ./../../../../BitCloud/lib/libBc_All_Atmega1281_Rf230_Gcc.a(aps.o)
 .text.apsProcessEvent
                0x00003c88       0x26 ./../../../../BitCloud/lib/libBc_All_Atmega1281_Rf230_Gcc.a(aps.o)
 .text.APS_StopReq
                0x00003cae        0xe ./../../../../BitCloud/lib/libBc_All_Atmega1281_Rf230_Gcc.a(aps.o)
                0x00003cae                APS_StopReq
 .text.APS_StartReq
                0x00003cbc        0xe ./../../../../BitCloud/lib/libBc_All_Atmega1281_Rf230_Gcc.a(aps.o)
                0x00003cbc                APS_StartReq
 .text.APS_ResetReq
                0x00003cca        0xe ./../../../../BitCloud/lib/libBc_All_Atmega1281_Rf230_Gcc.a(aps.o)
                0x00003cca                APS_ResetReq
 .text.APS_RegisterEndpointReq
                0x00003cd8       0x4a ./../../../../BitCloud/lib/libBc_All_Atmega1281_Rf230_Gcc.a(aps.o)
                0x00003cd8                APS_RegisterEndpointReq
 .text.NWK_DataInd
                0x00003d22       0x12 ./../../../../BitCloud/lib/libBc_All_Atmega1281_Rf230_Gcc.a(aps.o)
                0x00003d22                NWK_DataInd
 .text.APS_DataReq
                0x00003d34       0x12 ./../../../../BitCloud/lib/libBc_All_Atmega1281_Rf230_Gcc.a(aps.o)
                0x00003d34                APS_DataReq
 .text.apsProcessGroupAddrModeDataReq
                0x00003d46      0x170 ./../../../../BitCloud/lib/libBc_All_Atmega1281_Rf230_Gcc.a(aps.o)
 .text.apsGroupNwkDataConf
                0x00003eb6       0x4a ./../../../../BitCloud/lib/libBc_All_Atmega1281_Rf230_Gcc.a(aps.o)
 .text.apsIsSourceOfBindLink
                0x00003f00       0x38 ./../../../../BitCloud/lib/libBc_All_Atmega1281_Rf230_Gcc.a(aps.o)
 .text.apsNextBind
                0x00003f38       0x66 ./../../../../BitCloud/lib/libBc_All_Atmega1281_Rf230_Gcc.a(aps.o)
 .text.apsSendToNextBoundDevice
                0x00003f9e       0xbc ./../../../../BitCloud/lib/libBc_All_Atmega1281_Rf230_Gcc.a(aps.o)
 .text.apsHandleTransmittedData
                0x0000405a       0x7e ./../../../../BitCloud/lib/libBc_All_Atmega1281_Rf230_Gcc.a(aps.o)
 .text.apsProcessIndirectDataReq
                0x000040d8       0x30 ./../../../../BitCloud/lib/libBc_All_Atmega1281_Rf230_Gcc.a(aps.o)
 .text.apsFindBindingEntry
                0x00004108       0xa2 ./../../../../BitCloud/lib/libBc_All_Atmega1281_Rf230_Gcc.a(aps.o)
 .text.APS_UnbindReq
                0x000041aa       0x26 ./../../../../BitCloud/lib/libBc_All_Atmega1281_Rf230_Gcc.a(aps.o)
                0x000041aa                APS_UnbindReq
 .text.APS_BindReq
                0x000041d0       0x78 ./../../../../BitCloud/lib/libBc_All_Atmega1281_Rf230_Gcc.a(aps.o)
                0x000041d0                APS_BindReq
 .text.SYS_GetRandomNumber
                0x00004248       0x2a ./../../../../BitCloud/lib/libBc_All_Atmega1281_Rf230_Gcc.a(aps.o)
 .text.apsGroupIndication
                0x00004272       0x88 ./../../../../BitCloud/lib/libBc_All_Atmega1281_Rf230_Gcc.a(aps.o)
 .text.apsUnicastDataInd
                0x000042fa      0x2b4 ./../../../../BitCloud/lib/libBc_All_Atmega1281_Rf230_Gcc.a(aps.o)
 .text.apsApduUnicastHandler
                0x000045ae      0x560 ./../../../../BitCloud/lib/libBc_All_Atmega1281_Rf230_Gcc.a(aps.o)
 .text.apsResetMemoryManager
                0x00004b0e      0x116 ./../../../../BitCloud/lib/libBc_All_Atmega1281_Rf230_Gcc.a(aps.o)
 .text.apsAckOnTimerFired
                0x00004c24      0x118 ./../../../../BitCloud/lib/libBc_All_Atmega1281_Rf230_Gcc.a(aps.o)
 .text.APS_Init
                0x00004d3c       0x2e ./../../../../BitCloud/lib/libBc_All_Atmega1281_Rf230_Gcc.a(aps.o)
                0x00004d3c                APS_Init
 .text.APS_CalculateTimes
                0x00004d6a      0x166 ./../../../../BitCloud/lib/libBc_All_Atmega1281_Rf230_Gcc.a(aps.o)
                0x00004d6a                APS_CalculateTimes
 .text.apsResetDataManager
                0x00004ed0      0x118 ./../../../../BitCloud/lib/libBc_All_Atmega1281_Rf230_Gcc.a(aps.o)
 .text.apsDataTaskHandler
                0x00004fe8      0xb84 ./../../../../BitCloud/lib/libBc_All_Atmega1281_Rf230_Gcc.a(aps.o)
 .text.apsNwkResetConf
                0x00005b6c      0x1a2 ./../../../../BitCloud/lib/libBc_All_Atmega1281_Rf230_Gcc.a(aps.o)
 .text.apsStateMachineTaskHandler
                0x00005d0e       0xe8 ./../../../../BitCloud/lib/libBc_All_Atmega1281_Rf230_Gcc.a(aps.o)
 .text.macenvGetPhySymbolDuration
                0x00005df6       0x46 ./../../../../BitCloud/lib/libBc_All_Atmega1281_Rf230_Gcc.a(macenvPib.o)
                0x00005df6                macenvGetPhySymbolDuration
 .text.macenvConvertTransPersistTimeFromUnitsToMs
                0x00005e3c       0x4a ./../../../../BitCloud/lib/libBc_All_Atmega1281_Rf230_Gcc.a(macenvPib.o)
                0x00005e3c                macenvConvertTransPersistTimeFromUnitsToMs
 .text.macenvCalculateResponceWaitTimeInMs
                0x00005e86       0x4c ./../../../../BitCloud/lib/libBc_All_Atmega1281_Rf230_Gcc.a(macenvPib.o)
                0x00005e86                macenvCalculateResponceWaitTimeInMs
 .text.getSymbolsPerOctet
                0x00005ed2       0x36 ./../../../../BitCloud/lib/libBc_All_Atmega1281_Rf230_Gcc.a(macenvPib.o)
 .text.calculateMaxFrameDuration
                0x00005f08       0x22 ./../../../../BitCloud/lib/libBc_All_Atmega1281_Rf230_Gcc.a(macenvPib.o)
 .text.macenvCalculateMaxFrameTotalWaitTimeInMs
                0x00005f2a      0x130 ./../../../../BitCloud/lib/libBc_All_Atmega1281_Rf230_Gcc.a(macenvPib.o)
                0x00005f2a                macenvCalculateMaxFrameTotalWaitTimeInMs
 .text.updateMaxFrameTxTime
                0x0000605a       0x3a ./../../../../BitCloud/lib/libBc_All_Atmega1281_Rf230_Gcc.a(macenvPib.o)
 .text.storeTransmitPower
                0x00006094       0x4a ./../../../../BitCloud/lib/libBc_All_Atmega1281_Rf230_Gcc.a(macenvPib.o)
 .text.MAC_GetExtAddr
                0x000060de        0x6 ./../../../../BitCloud/lib/libBc_All_Atmega1281_Rf230_Gcc.a(macenvPib.o)
                0x000060de                MAC_GetExtAddr
 .text.MAC_GetOctetsTransmissionTimeInMs
                0x000060e4       0x60 ./../../../../BitCloud/lib/libBc_All_Atmega1281_Rf230_Gcc.a(macenvPib.o)
                0x000060e4                MAC_GetOctetsTransmissionTimeInMs
 .text.MAC_IsOwnExtAddr
                0x00006144       0x1a ./../../../../BitCloud/lib/libBc_All_Atmega1281_Rf230_Gcc.a(macenvPib.o)
                0x00006144                MAC_IsOwnExtAddr
 .text.MAC_SetExtAddr
                0x0000615e       0x12 ./../../../../BitCloud/lib/libBc_All_Atmega1281_Rf230_Gcc.a(macenvPib.o)
                0x0000615e                MAC_SetExtAddr
 .text.macenvGetPibAttr
                0x00006170      0x1d8 ./../../../../BitCloud/lib/libBc_All_Atmega1281_Rf230_Gcc.a(macenvPib.o)
                0x00006170                macenvGetPibAttr
 .text.macenvSetPibAttr
                0x00006348      0x226 ./../../../../BitCloud/lib/libBc_All_Atmega1281_Rf230_Gcc.a(macenvPib.o)
                0x00006348                macenvSetPibAttr
 .text.SYS_GetRandomNumber
                0x0000656e       0x2a ./../../../../BitCloud/lib/libBc_All_Atmega1281_Rf230_Gcc.a(macenvPib.o)
 .text.macenvResetPib
                0x00006598      0x12a ./../../../../BitCloud/lib/libBc_All_Atmega1281_Rf230_Gcc.a(macenvPib.o)
                0x00006598                macenvResetPib
 .text.NWK_GetShortAddr
                0x000066c2        0xa ./../../../../BitCloud/lib/libBc_All_Atmega1281_Rf230_Gcc.a(nwk.o)
                0x000066c2                NWK_GetShortAddr
 .text.NWK_IsStaticAddressingMode
                0x000066cc        0x6 ./../../../../BitCloud/lib/libBc_All_Atmega1281_Rf230_Gcc.a(nwk.o)
                0x000066cc                NWK_IsStaticAddressingMode
 .text.nwkAddressConflictIsIdle
                0x000066d2       0x10 ./../../../../BitCloud/lib/libBc_All_Atmega1281_Rf230_Gcc.a(nwk.o)
 .text.nwkFindAddressMapEntryByShortAddr
                0x000066e2       0x32 ./../../../../BitCloud/lib/libBc_All_Atmega1281_Rf230_Gcc.a(nwk.o)
 .text.nwkDataReqIsIdle
                0x00006714       0x10 ./../../../../BitCloud/lib/libBc_All_Atmega1281_Rf230_Gcc.a(nwk.o)
 .text.nwkDiscoveryIsIdle
                0x00006724       0x10 ./../../../../BitCloud/lib/libBc_All_Atmega1281_Rf230_Gcc.a(nwk.o)
 .text.nwkEDScanIsIdle
                0x00006734       0x10 ./../../../../BitCloud/lib/libBc_All_Atmega1281_Rf230_Gcc.a(nwk.o)
 .text.nwkFormationIsIdle
                0x00006744       0x10 ./../../../../BitCloud/lib/libBc_All_Atmega1281_Rf230_Gcc.a(nwk.o)
 .text.NWK_IsGroupMember
                0x00006754       0x3a ./../../../../BitCloud/lib/libBc_All_Atmega1281_Rf230_Gcc.a(nwk.o)
                0x00006754                NWK_IsGroupMember
 .text.nwkSetDepth
                0x0000678e       0x10 ./../../../../BitCloud/lib/libBc_All_Atmega1281_Rf230_Gcc.a(nwk.o)
 .text.NWK_GetParentShortAddr
                0x0000679e        0xa ./../../../../BitCloud/lib/libBc_All_Atmega1281_Rf230_Gcc.a(nwk.o)
                0x0000679e                NWK_GetParentShortAddr
 .text.NWK_GetPanId
                0x000067a8        0xa ./../../../../BitCloud/lib/libBc_All_Atmega1281_Rf230_Gcc.a(nwk.o)
                0x000067a8                NWK_GetPanId
 .text.NWK_GetExtPanId
                0x000067b2       0x22 ./../../../../BitCloud/lib/libBc_All_Atmega1281_Rf230_Gcc.a(nwk.o)
                0x000067b2                NWK_GetExtPanId
 .text.NWK_SetExtPanId
                0x000067d4       0x34 ./../../../../BitCloud/lib/libBc_All_Atmega1281_Rf230_Gcc.a(nwk.o)
                0x000067d4                NWK_SetExtPanId
 .text.NWK_GetDeviceType
                0x00006808        0x6 ./../../../../BitCloud/lib/libBc_All_Atmega1281_Rf230_Gcc.a(nwk.o)
                0x00006808                NWK_GetDeviceType
 .text.NWK_GetLogicalChannel
                0x0000680e        0x6 ./../../../../BitCloud/lib/libBc_All_Atmega1281_Rf230_Gcc.a(nwk.o)
                0x0000680e                NWK_GetLogicalChannel
 .text.NWK_SetLogicalChannel
                0x00006814        0x6 ./../../../../BitCloud/lib/libBc_All_Atmega1281_Rf230_Gcc.a(nwk.o)
                0x00006814                NWK_SetLogicalChannel
 .text.NWK_GetBroadcastDeliveryTime
                0x0000681a       0x12 ./../../../../BitCloud/lib/libBc_All_Atmega1281_Rf230_Gcc.a(nwk.o)
                0x0000681a                NWK_GetBroadcastDeliveryTime
 .text.NWK_GetManagerAddr
                0x0000682c        0xa ./../../../../BitCloud/lib/libBc_All_Atmega1281_Rf230_Gcc.a(nwk.o)
                0x0000682c                NWK_GetManagerAddr
 .text.NWK_SetManagerAddr
                0x00006836        0xa ./../../../../BitCloud/lib/libBc_All_Atmega1281_Rf230_Gcc.a(nwk.o)
                0x00006836                NWK_SetManagerAddr
 .text.NWK_GetTransmitCouner
                0x00006840        0xa ./../../../../BitCloud/lib/libBc_All_Atmega1281_Rf230_Gcc.a(nwk.o)
                0x00006840                NWK_GetTransmitCouner
 .text.NWK_GetTransmitFailureCounter
                0x0000684a        0xa ./../../../../BitCloud/lib/libBc_All_Atmega1281_Rf230_Gcc.a(nwk.o)
                0x0000684a                NWK_GetTransmitFailureCounter
 .text.nwkIsJoiningForbidden
                0x00006854       0x4c ./../../../../BitCloud/lib/libBc_All_Atmega1281_Rf230_Gcc.a(nwk.o)
 .text.nwkJoinIndIsIdle
                0x000068a0       0x30 ./../../../../BitCloud/lib/libBc_All_Atmega1281_Rf230_Gcc.a(nwk.o)
 .text.nwkJoinReqIsIdle
                0x000068d0       0x10 ./../../../../BitCloud/lib/libBc_All_Atmega1281_Rf230_Gcc.a(nwk.o)
 .text.nwkLeaveReqIsIdle
                0x000068e0       0x10 ./../../../../BitCloud/lib/libBc_All_Atmega1281_Rf230_Gcc.a(nwk.o)
 .text.nwkLinkStatusIsIdle
                0x000068f0       0x10 ./../../../../BitCloud/lib/libBc_All_Atmega1281_Rf230_Gcc.a(nwk.o)
 .text.nwkLoopbackIsIdle
                0x00006900       0x10 ./../../../../BitCloud/lib/libBc_All_Atmega1281_Rf230_Gcc.a(nwk.o)
 .text.nwkClearNeighborTable
                0x00006910       0x76 ./../../../../BitCloud/lib/libBc_All_Atmega1281_Rf230_Gcc.a(nwk.o)
 .text.NWK_FindNeighborByShortAddr
                0x00006986       0x32 ./../../../../BitCloud/lib/libBc_All_Atmega1281_Rf230_Gcc.a(nwk.o)
                0x00006986                NWK_FindNeighborByShortAddr
 .text.nwkUpdateCapacityBits
                0x000069b8       0x66 ./../../../../BitCloud/lib/libBc_All_Atmega1281_Rf230_Gcc.a(nwk.o)
 .text.nwkUpdateBeaconPayload
                0x00006a1e       0xc8 ./../../../../BitCloud/lib/libBc_All_Atmega1281_Rf230_Gcc.a(nwk.o)
 .text.NWK_SetUpdateId
                0x00006ae6        0xa ./../../../../BitCloud/lib/libBc_All_Atmega1281_Rf230_Gcc.a(nwk.o)
                0x00006ae6                NWK_SetUpdateId
 .text.nwkFreeNeighbor
                0x00006af0       0x2a ./../../../../BitCloud/lib/libBc_All_Atmega1281_Rf230_Gcc.a(nwk.o)
 .text.nwkCostFromLqi
                0x00006b1a       0x1c ./../../../../BitCloud/lib/libBc_All_Atmega1281_Rf230_Gcc.a(nwk.o)
 .text.nwkUpdateLqiAndCostOfNeighbor
                0x00006b36       0x74 ./../../../../BitCloud/lib/libBc_All_Atmega1281_Rf230_Gcc.a(nwk.o)
 .text.NWK_GetNeighborTable
                0x00006baa        0x6 ./../../../../BitCloud/lib/libBc_All_Atmega1281_Rf230_Gcc.a(nwk.o)
                0x00006baa                NWK_GetNeighborTable
 .text.NWK_GetNeighborsLqi
                0x00006bb0       0x3e ./../../../../BitCloud/lib/libBc_All_Atmega1281_Rf230_Gcc.a(nwk.o)
                0x00006bb0                NWK_GetNeighborsLqi
 .text.MAC_OrphanInd
                0x00006bee        0x2 ./../../../../BitCloud/lib/libBc_All_Atmega1281_Rf230_Gcc.a(nwk.o)
                0x00006bee                MAC_OrphanInd
 .text.nwkPermitJoiningIsIdle
                0x00006bf0       0x10 ./../../../../BitCloud/lib/libBc_All_Atmega1281_Rf230_Gcc.a(nwk.o)
 .text.nwkResetIsIdle
                0x00006c00       0x10 ./../../../../BitCloud/lib/libBc_All_Atmega1281_Rf230_Gcc.a(nwk.o)
 .text.nwkRouteDiscoveryIsIdle
                0x00006c10       0x14 ./../../../../BitCloud/lib/libBc_All_Atmega1281_Rf230_Gcc.a(nwk.o)
 .text.nwkFindRouteDiscoveryEntry
                0x00006c24       0x38 ./../../../../BitCloud/lib/libBc_All_Atmega1281_Rf230_Gcc.a(nwk.o)
 .text.nwkFreeRouteDiscoveryEntry
                0x00006c5c       0x3c ./../../../../BitCloud/lib/libBc_All_Atmega1281_Rf230_Gcc.a(nwk.o)
 .text.nwkConfirmRouteRequestTx
                0x00006c98       0x48 ./../../../../BitCloud/lib/libBc_All_Atmega1281_Rf230_Gcc.a(nwk.o)
 .text.nwkRouteDiscoveryTableIsIdle
                0x00006ce0       0x10 ./../../../../BitCloud/lib/libBc_All_Atmega1281_Rf230_Gcc.a(nwk.o)
 .text.nwkFindRoutingEntry
                0x00006cf0       0x42 ./../../../../BitCloud/lib/libBc_All_Atmega1281_Rf230_Gcc.a(nwk.o)
 .text.nwkFreeRoutingEntry
                0x00006d32       0x12 ./../../../../BitCloud/lib/libBc_All_Atmega1281_Rf230_Gcc.a(nwk.o)
 .text.nwkGetNextHop
                0x00006d44      0x16a ./../../../../BitCloud/lib/libBc_All_Atmega1281_Rf230_Gcc.a(nwk.o)
 .text.nwkUpdateNextHop
                0x00006eae       0xd2 ./../../../../BitCloud/lib/libBc_All_Atmega1281_Rf230_Gcc.a(nwk.o)
 .text.nwkParseRxHeader
                0x00006f80       0xf4 ./../../../../BitCloud/lib/libBc_All_Atmega1281_Rf230_Gcc.a(nwk.o)
 .text.nwkIsTransit
                0x00007074       0x1c ./../../../../BitCloud/lib/libBc_All_Atmega1281_Rf230_Gcc.a(nwk.o)
 .text.nwkStartRouterIsIdle
                0x00007090       0x10 ./../../../../BitCloud/lib/libBc_All_Atmega1281_Rf230_Gcc.a(nwk.o)
 .text.NWK_DeviceIsAbleToOperateInNetwork
                0x000070a0       0x38 ./../../../../BitCloud/lib/libBc_All_Atmega1281_Rf230_Gcc.a(nwk.o)
                0x000070a0                NWK_DeviceIsAbleToOperateInNetwork
 .text.nwkGetNetworkStatusTxId
                0x000070d8       0x1e ./../../../../BitCloud/lib/libBc_All_Atmega1281_Rf230_Gcc.a(nwk.o)
 .text.nwkSendRouteErrorConf
                0x000070f6        0x6 ./../../../../BitCloud/lib/libBc_All_Atmega1281_Rf230_Gcc.a(nwk.o)
 .text.nwkSyncIsIdle
                0x000070fc       0x10 ./../../../../BitCloud/lib/libBc_All_Atmega1281_Rf230_Gcc.a(nwk.o)
 .text.MAC_SyncLossInd
                0x0000710c        0x2 ./../../../../BitCloud/lib/libBc_All_Atmega1281_Rf230_Gcc.a(nwk.o)
                0x0000710c                MAC_SyncLossInd
 .text.nwkPostTask
                0x0000710e       0x58 ./../../../../BitCloud/lib/libBc_All_Atmega1281_Rf230_Gcc.a(nwk.o)
 .text.nwkEDScanMacEDScanConf
                0x00007166       0x46 ./../../../../BitCloud/lib/libBc_All_Atmega1281_Rf230_Gcc.a(nwk.o)
 .text.nwkFormationMacRxEnableConf
                0x000071ac       0x1e ./../../../../BitCloud/lib/libBc_All_Atmega1281_Rf230_Gcc.a(nwk.o)
 .text.nwkDiscoveryMacActiveScanConf
                0x000071ca       0x2c ./../../../../BitCloud/lib/libBc_All_Atmega1281_Rf230_Gcc.a(nwk.o)
 .text.nwkPermitJoiningMacSetConf
                0x000071f6       0x1e ./../../../../BitCloud/lib/libBc_All_Atmega1281_Rf230_Gcc.a(nwk.o)
 .text.nwkStartRouterMacStartConf
                0x00007214       0x1e ./../../../../BitCloud/lib/libBc_All_Atmega1281_Rf230_Gcc.a(nwk.o)
 .text.nwkSendRouteDiscoveryRequest
                0x00007232       0x26 ./../../../../BitCloud/lib/libBc_All_Atmega1281_Rf230_Gcc.a(nwk.o)
 .text.nwkStatusConf
                0x00007258        0xe ./../../../../BitCloud/lib/libBc_All_Atmega1281_Rf230_Gcc.a(nwk.o)
 .text.nwkResetConf
                0x00007266       0x24 ./../../../../BitCloud/lib/libBc_All_Atmega1281_Rf230_Gcc.a(nwk.o)
 .text.nwkResetMacRxEnableConf
                0x0000728a        0xe ./../../../../BitCloud/lib/libBc_All_Atmega1281_Rf230_Gcc.a(nwk.o)
 .text.nwkSendRouteDiscoveryReply
                0x00007298       0x1e ./../../../../BitCloud/lib/libBc_All_Atmega1281_Rf230_Gcc.a(nwk.o)
 .text.nwkClearTaskBit
                0x000072b6       0x32 ./../../../../BitCloud/lib/libBc_All_Atmega1281_Rf230_Gcc.a(nwk.o)
 .text.nwkInitMacDataReq
                0x000072e8       0x28 ./../../../../BitCloud/lib/libBc_All_Atmega1281_Rf230_Gcc.a(nwk.o)
 .text.nwkTxDelayIsIdle
                0x00007310       0x14 ./../../../../BitCloud/lib/libBc_All_Atmega1281_Rf230_Gcc.a(nwk.o)
 .text.NWK_GetUnicastDeliveryTime
                0x00007324       0x86 ./../../../../BitCloud/lib/libBc_All_Atmega1281_Rf230_Gcc.a(nwk.o)
                0x00007324                NWK_GetUnicastDeliveryTime
 .text.nwkReloadNibFromConfigServer
                0x000073aa       0x6c ./../../../../BitCloud/lib/libBc_All_Atmega1281_Rf230_Gcc.a(nwk.o)
 .text.nwkSetLifeTimeOfNeighbor
                0x00007416       0xf4 ./../../../../BitCloud/lib/libBc_All_Atmega1281_Rf230_Gcc.a(nwk.o)
 .text.nwkUpdateOutgoingCostAndLifeTime
                0x0000750a       0x4c ./../../../../BitCloud/lib/libBc_All_Atmega1281_Rf230_Gcc.a(nwk.o)
 .text.NWK_GatherPowerFailureInfo
                0x00007556       0x36 ./../../../../BitCloud/lib/libBc_All_Atmega1281_Rf230_Gcc.a(nwk.o)
                0x00007556                NWK_GatherPowerFailureInfo
 .text.NWK_TaskHandler
                0x0000758c       0xde ./../../../../BitCloud/lib/libBc_All_Atmega1281_Rf230_Gcc.a(nwk.o)
                0x0000758c                NWK_TaskHandler
 .text.nwkAllocPacket
                0x0000766a       0xcc ./../../../../BitCloud/lib/libBc_All_Atmega1281_Rf230_Gcc.a(nwk.o)
 .text.nwkAllocInputPacket
                0x00007736       0x28 ./../../../../BitCloud/lib/libBc_All_Atmega1281_Rf230_Gcc.a(nwk.o)
 .text.nwkAllocOutputPacket
                0x0000775e       0x2e ./../../../../BitCloud/lib/libBc_All_Atmega1281_Rf230_Gcc.a(nwk.o)
 .text.NWK_IsActiveTransaction
                0x0000778c       0x54 ./../../../../BitCloud/lib/libBc_All_Atmega1281_Rf230_Gcc.a(nwk.o)
                0x0000778c                NWK_IsActiveTransaction
 .text.nwkInitInputPacket
                0x000077e0       0x9e ./../../../../BitCloud/lib/libBc_All_Atmega1281_Rf230_Gcc.a(nwk.o)
 .text.nwkLoopbackTaskHandler
                0x0000787e       0xd0 ./../../../../BitCloud/lib/libBc_All_Atmega1281_Rf230_Gcc.a(nwk.o)
 .text.nwkEDScanTaskHandler
                0x0000794e       0xac ./../../../../BitCloud/lib/libBc_All_Atmega1281_Rf230_Gcc.a(nwk.o)
 .text.nwkDiscoveryTaskHandler
                0x000079fa       0xae ./../../../../BitCloud/lib/libBc_All_Atmega1281_Rf230_Gcc.a(nwk.o)
 .text.nwkTryToProcessCommandReq
                0x00007aa8       0x3e ./../../../../BitCloud/lib/libBc_All_Atmega1281_Rf230_Gcc.a(nwk.o)
 .text.nwkCommandReq
                0x00007ae6       0x14 ./../../../../BitCloud/lib/libBc_All_Atmega1281_Rf230_Gcc.a(nwk.o)
 .text.nwkRemoveAuthenticatedChild
                0x00007afa       0x54 ./../../../../BitCloud/lib/libBc_All_Atmega1281_Rf230_Gcc.a(nwk.o)
 .text.nwkConfirmNetworkStatusTx
                0x00007b4e       0x44 ./../../../../BitCloud/lib/libBc_All_Atmega1281_Rf230_Gcc.a(nwk.o)
 .text.nwkFreePacket
                0x00007b92       0x42 ./../../../../BitCloud/lib/libBc_All_Atmega1281_Rf230_Gcc.a(nwk.o)
 .text.nwkRetransmitInputPacket
                0x00007bd4      0x130 ./../../../../BitCloud/lib/libBc_All_Atmega1281_Rf230_Gcc.a(nwk.o)
 .text.NWK_DataResp
                0x00007d04       0x20 ./../../../../BitCloud/lib/libBc_All_Atmega1281_Rf230_Gcc.a(nwk.o)
                0x00007d04                NWK_DataResp
 .text.nwkRxRetransmit
                0x00007d24       0x50 ./../../../../BitCloud/lib/libBc_All_Atmega1281_Rf230_Gcc.a(nwk.o)
 .text.nwkDataConf
                0x00007d74       0x46 ./../../../../BitCloud/lib/libBc_All_Atmega1281_Rf230_Gcc.a(nwk.o)
 .text.nwkConfirmDataTx
                0x00007dba       0x20 ./../../../../BitCloud/lib/libBc_All_Atmega1281_Rf230_Gcc.a(nwk.o)
 .text.nwkStatusReq
                0x00007dda       0x2e ./../../../../BitCloud/lib/libBc_All_Atmega1281_Rf230_Gcc.a(nwk.o)
 .text.nwkSendRouteErrorStatus
                0x00007e08       0x3e ./../../../../BitCloud/lib/libBc_All_Atmega1281_Rf230_Gcc.a(nwk.o)
 .text.nwkSendAddressConflictNwkStatus
                0x00007e46       0x34 ./../../../../BitCloud/lib/libBc_All_Atmega1281_Rf230_Gcc.a(nwk.o)
 .text.NWK_SyncReq
                0x00007e7a       0x20 ./../../../../BitCloud/lib/libBc_All_Atmega1281_Rf230_Gcc.a(nwk.o)
                0x00007e7a                NWK_SyncReq
 .text.NWK_StartRouterReq
                0x00007e9a       0x20 ./../../../../BitCloud/lib/libBc_All_Atmega1281_Rf230_Gcc.a(nwk.o)
                0x00007e9a                NWK_StartRouterReq
 .text.NWK_RouteDiscoveryReq
                0x00007eba       0x34 ./../../../../BitCloud/lib/libBc_All_Atmega1281_Rf230_Gcc.a(nwk.o)
                0x00007eba                NWK_RouteDiscoveryReq
 .text.NWK_ResetReq
                0x00007eee       0x20 ./../../../../BitCloud/lib/libBc_All_Atmega1281_Rf230_Gcc.a(nwk.o)
                0x00007eee                NWK_ResetReq
 .text.NWK_PermitJoiningReq
                0x00007f0e       0x20 ./../../../../BitCloud/lib/libBc_All_Atmega1281_Rf230_Gcc.a(nwk.o)
                0x00007f0e                NWK_PermitJoiningReq
 .text.NWK_LoopbackTxReq
                0x00007f2e       0x20 ./../../../../BitCloud/lib/libBc_All_Atmega1281_Rf230_Gcc.a(nwk.o)
                0x00007f2e                NWK_LoopbackTxReq
 .text.nwkDataConfTaskHandler
                0x00007f4e       0x58 ./../../../../BitCloud/lib/libBc_All_Atmega1281_Rf230_Gcc.a(nwk.o)
 .text.NWK_LeaveReq
                0x00007fa6       0x20 ./../../../../BitCloud/lib/libBc_All_Atmega1281_Rf230_Gcc.a(nwk.o)
                0x00007fa6                NWK_LeaveReq
 .text.NWK_JoinReq
                0x00007fc6       0x20 ./../../../../BitCloud/lib/libBc_All_Atmega1281_Rf230_Gcc.a(nwk.o)
                0x00007fc6                NWK_JoinReq
 .text.NWK_NetworkFormationReq
                0x00007fe6       0x20 ./../../../../BitCloud/lib/libBc_All_Atmega1281_Rf230_Gcc.a(nwk.o)
                0x00007fe6                NWK_NetworkFormationReq
 .text.NWK_EDScanReq
                0x00008006       0x20 ./../../../../BitCloud/lib/libBc_All_Atmega1281_Rf230_Gcc.a(nwk.o)
                0x00008006                NWK_EDScanReq
 .text.NWK_NetworkDiscoveryReq
                0x00008026       0x20 ./../../../../BitCloud/lib/libBc_All_Atmega1281_Rf230_Gcc.a(nwk.o)
                0x00008026                NWK_NetworkDiscoveryReq
 .text.nwkRemoveAllChildren
                0x00008046       0x9e ./../../../../BitCloud/lib/libBc_All_Atmega1281_Rf230_Gcc.a(nwk.o)
 .text.findFreeJoinIndObjFor
                0x000080e4       0xa4 ./../../../../BitCloud/lib/libBc_All_Atmega1281_Rf230_Gcc.a(nwk.o)
 .text.nwkFindAddressMapEntryByExtAddr
                0x00008188       0x50 ./../../../../BitCloud/lib/libBc_All_Atmega1281_Rf230_Gcc.a(nwk.o)
 .text.nwkAddToAddressMap
                0x000081d8       0xc2 ./../../../../BitCloud/lib/libBc_All_Atmega1281_Rf230_Gcc.a(nwk.o)
 .text.NWK_RemoveFromAddressMap
                0x0000829a       0x12 ./../../../../BitCloud/lib/libBc_All_Atmega1281_Rf230_Gcc.a(nwk.o)
                0x0000829a                NWK_RemoveFromAddressMap
 .text.NWK_FindNeighborByExtAddr
                0x000082ac       0x68 ./../../../../BitCloud/lib/libBc_All_Atmega1281_Rf230_Gcc.a(nwk.o)
                0x000082ac                NWK_FindNeighborByExtAddr
 .text.nwkLeaveTaskHandler
                0x00008314      0x114 ./../../../../BitCloud/lib/libBc_All_Atmega1281_Rf230_Gcc.a(nwk.o)
 .text.MAC_PollInd
                0x00008428       0x4c ./../../../../BitCloud/lib/libBc_All_Atmega1281_Rf230_Gcc.a(nwk.o)
                0x00008428                MAC_PollInd
 .text.NWK_IsKnownChild
                0x00008474       0x24 ./../../../../BitCloud/lib/libBc_All_Atmega1281_Rf230_Gcc.a(nwk.o)
                0x00008474                NWK_IsKnownChild
 .text.MAC_BeaconNotifyInd
                0x00008498      0x486 ./../../../../BitCloud/lib/libBc_All_Atmega1281_Rf230_Gcc.a(nwk.o)
                0x00008498                MAC_BeaconNotifyInd
 .text.nwkJoinIndTaskHandler
                0x0000891e       0xb6 ./../../../../BitCloud/lib/libBc_All_Atmega1281_Rf230_Gcc.a(nwk.o)
 .text.nwkConfirmJoinRespTx
                0x000089d4       0x56 ./../../../../BitCloud/lib/libBc_All_Atmega1281_Rf230_Gcc.a(nwk.o)
 .text.nwkConfirmAddrConflictJoinRespTx
                0x00008a2a       0x40 ./../../../../BitCloud/lib/libBc_All_Atmega1281_Rf230_Gcc.a(nwk.o)
 .text.nwkJoinIndMacCommStatusInd
                0x00008a6a       0x5c ./../../../../BitCloud/lib/libBc_All_Atmega1281_Rf230_Gcc.a(nwk.o)
 .text.nwkPrepareCommonFrame
                0x00008ac6       0x54 ./../../../../BitCloud/lib/libBc_All_Atmega1281_Rf230_Gcc.a(nwk.o)
 .text.NWK_DataReq
                0x00008b1a      0x1b4 ./../../../../BitCloud/lib/libBc_All_Atmega1281_Rf230_Gcc.a(nwk.o)
                0x00008b1a                NWK_DataReq
 .text.NWK_Init
                0x00008cce       0x30 ./../../../../BitCloud/lib/libBc_All_Atmega1281_Rf230_Gcc.a(nwk.o)
                0x00008cce                NWK_Init
 .text.nwkLinkStatusInd
                0x00008cfe      0x35c ./../../../../BitCloud/lib/libBc_All_Atmega1281_Rf230_Gcc.a(nwk.o)
 .text.nwkJoinReqTaskHandler
                0x0000905a      0x180 ./../../../../BitCloud/lib/libBc_All_Atmega1281_Rf230_Gcc.a(nwk.o)
 .text.nwkPrepareLeaveChildTx
                0x000091da       0xb2 ./../../../../BitCloud/lib/libBc_All_Atmega1281_Rf230_Gcc.a(nwk.o)
 .text.nwkPrepareLeaveItselfTx
                0x0000928c       0x92 ./../../../../BitCloud/lib/libBc_All_Atmega1281_Rf230_Gcc.a(nwk.o)
 .text.nwkPrepareJoinRespTx
                0x0000931e       0xec ./../../../../BitCloud/lib/libBc_All_Atmega1281_Rf230_Gcc.a(nwk.o)
 .text.nwkPrepareJoinReqTx
                0x0000940a       0x90 ./../../../../BitCloud/lib/libBc_All_Atmega1281_Rf230_Gcc.a(nwk.o)
 .text.nwkPrepareLinkStatusTx
                0x0000949a      0x1fc ./../../../../BitCloud/lib/libBc_All_Atmega1281_Rf230_Gcc.a(nwk.o)
 .text.NWK_GetExtByShortAddress
                0x00009696       0x60 ./../../../../BitCloud/lib/libBc_All_Atmega1281_Rf230_Gcc.a(nwk.o)
                0x00009696                NWK_GetExtByShortAddress
 .text.nwkPrepareRouteRequestTx
                0x000096f6      0x114 ./../../../../BitCloud/lib/libBc_All_Atmega1281_Rf230_Gcc.a(nwk.o)
 .text.NWK_LinkShortAndExtAddress
                0x0000980a       0xd8 ./../../../../BitCloud/lib/libBc_All_Atmega1281_Rf230_Gcc.a(nwk.o)
                0x0000980a                NWK_LinkShortAndExtAddress
 .text.nwkPrepareNetworkStatusTx
                0x000098e2      0x100 ./../../../../BitCloud/lib/libBc_All_Atmega1281_Rf230_Gcc.a(nwk.o)
 .text.nwkPrepareRouteReplyTx
                0x000099e2      0x1c0 ./../../../../BitCloud/lib/libBc_All_Atmega1281_Rf230_Gcc.a(nwk.o)
 .text.nwkRouteReplyFrameInd
                0x00009ba2      0x172 ./../../../../BitCloud/lib/libBc_All_Atmega1281_Rf230_Gcc.a(nwk.o)
 .text.nwkPermitJoiningTaskHandler
                0x00009d14       0x88 ./../../../../BitCloud/lib/libBc_All_Atmega1281_Rf230_Gcc.a(nwk.o)
 .text.SYS_GetRandomNumber
                0x00009d9c       0x2a ./../../../../BitCloud/lib/libBc_All_Atmega1281_Rf230_Gcc.a(nwk.o)
 .text.nwkFindDeviceToJoin
                0x00009dc6      0x15a ./../../../../BitCloud/lib/libBc_All_Atmega1281_Rf230_Gcc.a(nwk.o)
 .text.nwkAssociate
                0x00009f20       0x9e ./../../../../BitCloud/lib/libBc_All_Atmega1281_Rf230_Gcc.a(nwk.o)
 .text.MAC_AssociateConf
                0x00009fbe       0xdc ./../../../../BitCloud/lib/libBc_All_Atmega1281_Rf230_Gcc.a(nwk.o)
 .text.nwkGetSuitableParent
                0x0000a09a       0x80 ./../../../../BitCloud/lib/libBc_All_Atmega1281_Rf230_Gcc.a(nwk.o)
 .text.nwkRejoinCmdPrepareAndSend
                0x0000a11a       0x30 ./../../../../BitCloud/lib/libBc_All_Atmega1281_Rf230_Gcc.a(nwk.o)
 .text.nwkJoinReqMacGetConf
                0x0000a14a       0x3e ./../../../../BitCloud/lib/libBc_All_Atmega1281_Rf230_Gcc.a(nwk.o)
 .text.nwkJoinReqMacPollConf
                0x0000a188       0x1c ./../../../../BitCloud/lib/libBc_All_Atmega1281_Rf230_Gcc.a(nwk.o)
 .text.nwkFormationMacActiveScanConf
                0x0000a1a4      0x274 ./../../../../BitCloud/lib/libBc_All_Atmega1281_Rf230_Gcc.a(nwk.o)
 .text.nwkFormationMacStartConf
                0x0000a418       0x50 ./../../../../BitCloud/lib/libBc_All_Atmega1281_Rf230_Gcc.a(nwk.o)
 .text.nwkResetMacStartConf
                0x0000a468       0x46 ./../../../../BitCloud/lib/libBc_All_Atmega1281_Rf230_Gcc.a(nwk.o)
 .text.nwkJoinReqMacSetConf
                0x0000a4ae      0x1a2 ./../../../../BitCloud/lib/libBc_All_Atmega1281_Rf230_Gcc.a(nwk.o)
 .text.nwkTxConf
                0x0000a650      0x1c6 ./../../../../BitCloud/lib/libBc_All_Atmega1281_Rf230_Gcc.a(nwk.o)
 .text.NWK_JoinConf
                0x0000a816       0x54 ./../../../../BitCloud/lib/libBc_All_Atmega1281_Rf230_Gcc.a(nwk.o)
 .text.nwkAddressConflictMacSetConf
                0x0000a86a       0x5a ./../../../../BitCloud/lib/libBc_All_Atmega1281_Rf230_Gcc.a(nwk.o)
 .text.nwkJoinReqMacRxEnableConf
                0x0000a8c4       0x7a ./../../../../BitCloud/lib/libBc_All_Atmega1281_Rf230_Gcc.a(nwk.o)
 .text.performActiveScan
                0x0000a93e       0x60 ./../../../../BitCloud/lib/libBc_All_Atmega1281_Rf230_Gcc.a(nwk.o)
 .text.nwkFormationMacEDScanConf
                0x0000a99e       0xea ./../../../../BitCloud/lib/libBc_All_Atmega1281_Rf230_Gcc.a(nwk.o)
 .text.NWK_ResetGroups
                0x0000aa88       0x62 ./../../../../BitCloud/lib/libBc_All_Atmega1281_Rf230_Gcc.a(nwk.o)
                0x0000aa88                NWK_ResetGroups
 .text.nwkFormationMacSetConf
                0x0000aaea      0x12e ./../../../../BitCloud/lib/libBc_All_Atmega1281_Rf230_Gcc.a(nwk.o)
 .text.nwkResetMacSetConf
                0x0000ac18      0x190 ./../../../../BitCloud/lib/libBc_All_Atmega1281_Rf230_Gcc.a(nwk.o)
 .text.nwkStartAgeTimerOfNeighborTable
                0x0000ada8       0x32 ./../../../../BitCloud/lib/libBc_All_Atmega1281_Rf230_Gcc.a(nwk.o)
 .text.nwkStartLinkStatusTimer
                0x0000adda       0x10 ./../../../../BitCloud/lib/libBc_All_Atmega1281_Rf230_Gcc.a(nwk.o)
 .text.nwkFormationTaskHandler
                0x0000adea      0x122 ./../../../../BitCloud/lib/libBc_All_Atmega1281_Rf230_Gcc.a(nwk.o)
 .text.nwkStartRouterTaskHandler
                0x0000af0c       0xc2 ./../../../../BitCloud/lib/libBc_All_Atmega1281_Rf230_Gcc.a(nwk.o)
 .text.nwkConfirmLinkStatusTx
                0x0000afce        0x6 ./../../../../BitCloud/lib/libBc_All_Atmega1281_Rf230_Gcc.a(nwk.o)
 .text.nwkLinkStatusTimerFired
                0x0000afd4       0x1c ./../../../../BitCloud/lib/libBc_All_Atmega1281_Rf230_Gcc.a(nwk.o)
 .text.NWK_LaunchActivities
                0x0000aff0       0x12 ./../../../../BitCloud/lib/libBc_All_Atmega1281_Rf230_Gcc.a(nwk.o)
                0x0000aff0                NWK_LaunchActivities
 .text.nwkTxDelayReq
                0x0000b002      0x184 ./../../../../BitCloud/lib/libBc_All_Atmega1281_Rf230_Gcc.a(nwk.o)
 .text.nwkConfirmJoinReqTx
                0x0000b186       0x62 ./../../../../BitCloud/lib/libBc_All_Atmega1281_Rf230_Gcc.a(nwk.o)
 .text.nwkAllocRouteDiscoveryEntry
                0x0000b1e8       0xa2 ./../../../../BitCloud/lib/libBc_All_Atmega1281_Rf230_Gcc.a(nwk.o)
 .text.nwkRouteDiscoveryTaskHandler
                0x0000b28a       0xb0 ./../../../../BitCloud/lib/libBc_All_Atmega1281_Rf230_Gcc.a(nwk.o)
 .text.nwkProcessRouteRequest
                0x0000b33a      0x164 ./../../../../BitCloud/lib/libBc_All_Atmega1281_Rf230_Gcc.a(nwk.o)
 .text.nwkRouteRequestFrameInd
                0x0000b49e       0xc6 ./../../../../BitCloud/lib/libBc_All_Atmega1281_Rf230_Gcc.a(nwk.o)
 .text.nwkProcessDelayStatus
                0x0000b564       0xb0 ./../../../../BitCloud/lib/libBc_All_Atmega1281_Rf230_Gcc.a(nwk.o)
 .text.MAC_DataConf
                0x0000b614       0x2c ./../../../../BitCloud/lib/libBc_All_Atmega1281_Rf230_Gcc.a(nwk.o)
 .text.nwkTransmitOutputPacket
                0x0000b640       0x44 ./../../../../BitCloud/lib/libBc_All_Atmega1281_Rf230_Gcc.a(nwk.o)
 .text.nwkSendDiscoveryCommand
                0x0000b684       0x4e ./../../../../BitCloud/lib/libBc_All_Atmega1281_Rf230_Gcc.a(nwk.o)
 .text.nwkRouteDiscoveryTableTaskHandler
                0x0000b6d2       0x96 ./../../../../BitCloud/lib/libBc_All_Atmega1281_Rf230_Gcc.a(nwk.o)
 .text.nwkTxTaskHandler
                0x0000b768      0x168 ./../../../../BitCloud/lib/libBc_All_Atmega1281_Rf230_Gcc.a(nwk.o)
 .text.nwkMeshRouteDiscoveryConf
                0x0000b8d0       0x64 ./../../../../BitCloud/lib/libBc_All_Atmega1281_Rf230_Gcc.a(nwk.o)
 .text.nwkConfirmLeaveItselfTx
                0x0000b934       0x42 ./../../../../BitCloud/lib/libBc_All_Atmega1281_Rf230_Gcc.a(nwk.o)
 .text.nwkResetTaskHandler
                0x0000b976       0x70 ./../../../../BitCloud/lib/libBc_All_Atmega1281_Rf230_Gcc.a(nwk.o)
 .text.nwkResetRouteDiscoveryTable
                0x0000b9e6       0xa0 ./../../../../BitCloud/lib/libBc_All_Atmega1281_Rf230_Gcc.a(nwk.o)
 .text.nwkRouteDiscoveryTableTimerFired
                0x0000ba86       0x56 ./../../../../BitCloud/lib/libBc_All_Atmega1281_Rf230_Gcc.a(nwk.o)
 .text.nwkResetNeighborTable
                0x0000badc       0x8c ./../../../../BitCloud/lib/libBc_All_Atmega1281_Rf230_Gcc.a(nwk.o)
 .text.nwkLeaveReqMacResetConf
                0x0000bb68      0x104 ./../../../../BitCloud/lib/libBc_All_Atmega1281_Rf230_Gcc.a(nwk.o)
 .text.NWK_StopActivities
                0x0000bc6c       0x1e ./../../../../BitCloud/lib/libBc_All_Atmega1281_Rf230_Gcc.a(nwk.o)
                0x0000bc6c                NWK_StopActivities
 .text.nwkRejoinResponseFrameInd
                0x0000bc8a      0x142 ./../../../../BitCloud/lib/libBc_All_Atmega1281_Rf230_Gcc.a(nwk.o)
 .text.responseWaitTimerFired
                0x0000bdcc       0x50 ./../../../../BitCloud/lib/libBc_All_Atmega1281_Rf230_Gcc.a(nwk.o)
 .text.nwkSyncPollReq
                0x0000be1c       0x2e ./../../../../BitCloud/lib/libBc_All_Atmega1281_Rf230_Gcc.a(nwk.o)
 .text.nwkSyncTaskHandler
                0x0000be4a       0x80 ./../../../../BitCloud/lib/libBc_All_Atmega1281_Rf230_Gcc.a(nwk.o)
 .text.nwkSyncMacPollConf
                0x0000beca       0x34 ./../../../../BitCloud/lib/libBc_All_Atmega1281_Rf230_Gcc.a(nwk.o)
 .text.nwkTxDelayTimerFired
                0x0000befe       0x84 ./../../../../BitCloud/lib/libBc_All_Atmega1281_Rf230_Gcc.a(nwk.o)
 .text.nwkResetMacResetConf
                0x0000bf82      0x472 ./../../../../BitCloud/lib/libBc_All_Atmega1281_Rf230_Gcc.a(nwk.o)
 .text.nwkRxIndication
                0x0000c3f4      0x19e ./../../../../BitCloud/lib/libBc_All_Atmega1281_Rf230_Gcc.a(nwk.o)
 .text.MAC_DataInd
                0x0000c592      0x35c ./../../../../BitCloud/lib/libBc_All_Atmega1281_Rf230_Gcc.a(nwk.o)
                0x0000c592                MAC_DataInd
 .text.NWK_RemoveNeighbor
                0x0000c8ee       0x6c ./../../../../BitCloud/lib/libBc_All_Atmega1281_Rf230_Gcc.a(nwk.o)
                0x0000c8ee                NWK_RemoveNeighbor
 .text.neighborTimerFired
                0x0000c95a       0x92 ./../../../../BitCloud/lib/libBc_All_Atmega1281_Rf230_Gcc.a(nwk.o)
 .text.nwkConfirmLeaveChildTx
                0x0000c9ec       0x8e ./../../../../BitCloud/lib/libBc_All_Atmega1281_Rf230_Gcc.a(nwk.o)
 .text.nwkLeaveFrameInd
                0x0000ca7a       0xde ./../../../../BitCloud/lib/libBc_All_Atmega1281_Rf230_Gcc.a(nwk.o)
 .text.NWK_GetShortByExtAddress
                0x0000cb58       0x5e ./../../../../BitCloud/lib/libBc_All_Atmega1281_Rf230_Gcc.a(nwk.o)
                0x0000cb58                NWK_GetShortByExtAddress
 .text.nwkAllocNonConflAddr
                0x0000cbb6       0xba ./../../../../BitCloud/lib/libBc_All_Atmega1281_Rf230_Gcc.a(nwk.o)
                0x0000cbb6                nwkAllocNonConflAddr
 .text.NWK_NetworkDiscoveryConf
                0x0000cc70       0x88 ./../../../../BitCloud/lib/libBc_All_Atmega1281_Rf230_Gcc.a(nwk.o)
 .text.nwkAllocateShortAddr
                0x0000ccf8       0x58 ./../../../../BitCloud/lib/libBc_All_Atmega1281_Rf230_Gcc.a(nwk.o)
 .text.nwkResolveAddressConflict
                0x0000cd50      0x1fe ./../../../../BitCloud/lib/libBc_All_Atmega1281_Rf230_Gcc.a(nwk.o)
 .text.nwkAddressConflictTaskHandler
                0x0000cf4e       0xa0 ./../../../../BitCloud/lib/libBc_All_Atmega1281_Rf230_Gcc.a(nwk.o)
 .text.nwkStatusFrameInd
                0x0000cfee       0x46 ./../../../../BitCloud/lib/libBc_All_Atmega1281_Rf230_Gcc.a(nwk.o)
 .text.nwkAddChild
                0x0000d034      0x350 ./../../../../BitCloud/lib/libBc_All_Atmega1281_Rf230_Gcc.a(nwk.o)
 .text.nwkRejoinRequestFrameInd
                0x0000d384      0x10a ./../../../../BitCloud/lib/libBc_All_Atmega1281_Rf230_Gcc.a(nwk.o)
 .text.MAC_AssociateInd
                0x0000d48e       0xe0 ./../../../../BitCloud/lib/libBc_All_Atmega1281_Rf230_Gcc.a(nwk.o)
                0x0000d48e                MAC_AssociateInd
 .text.putQueueElem
                0x0000d56e       0x30 ./../../../../BitCloud/lib/libBc_All_Atmega1281_Rf230_Gcc.a(queue.o)
                0x0000d56e                putQueueElem
 .text.deleteHeadQueueElem
                0x0000d59e       0x20 ./../../../../BitCloud/lib/libBc_All_Atmega1281_Rf230_Gcc.a(queue.o)
                0x0000d59e                deleteHeadQueueElem
 .text.deleteQueueElem
                0x0000d5be       0x40 ./../../../../BitCloud/lib/libBc_All_Atmega1281_Rf230_Gcc.a(queue.o)
                0x0000d5be                deleteQueueElem
 .text.SYS_DuplicateTableReset
                0x0000d5fe       0x52 ./../../../../BitCloud/lib/libBc_All_Atmega1281_Rf230_Gcc.a(sysDuplicateTable.o)
                0x0000d5fe                SYS_DuplicateTableReset
 .text.duplicateTableUpdate
                0x0000d650       0x9a ./../../../../BitCloud/lib/libBc_All_Atmega1281_Rf230_Gcc.a(sysDuplicateTable.o)
                0x0000d650                duplicateTableUpdate
 .text.SYS_DuplicateTableCheck
                0x0000d6ea      0x102 ./../../../../BitCloud/lib/libBc_All_Atmega1281_Rf230_Gcc.a(sysDuplicateTable.o)
                0x0000d6ea                SYS_DuplicateTableCheck
 .text.SYS_StopTimer
                0x0000d7ec       0x12 ./../../../../BitCloud/lib/libBc_All_Atmega1281_Rf230_Gcc.a(sysTimer.o)
                0x0000d7ec                SYS_StopTimer
 .text.SYS_InitTimer
                0x0000d7fe       0x44 ./../../../../BitCloud/lib/libBc_All_Atmega1281_Rf230_Gcc.a(sysTimer.o)
                0x0000d7fe                SYS_InitTimer
 .text.SYS_StartTimer
                0x0000d842       0x14 ./../../../../BitCloud/lib/libBc_All_Atmega1281_Rf230_Gcc.a(sysTimer.o)
                0x0000d842                SYS_StartTimer
 .text.SYS_RunTask
                0x0000d856       0x74 ./../../../../BitCloud/lib/libBc_All_Atmega1281_Rf230_Gcc.a(taskManager.o)
                0x0000d856                SYS_RunTask
 .text.SYS_ForceRunTask
                0x0000d8ca        0x6 ./../../../../BitCloud/lib/libBc_All_Atmega1281_Rf230_Gcc.a(taskManager.o)
                0x0000d8ca                SYS_ForceRunTask
 .text.SYS_SysInit
                0x0000d8d0       0x22 ./../../../../BitCloud/lib/libBc_All_Atmega1281_Rf230_Gcc.a(taskManager.o)
                0x0000d8d0                SYS_SysInit
 .text.zdoNwkManagerReset
                0x0000d8f2       0x10 ./../../../../BitCloud/lib/libBc_All_Atmega1281_Rf230_Gcc.a(zdoNwkManager.o)
                0x0000d8f2                zdoNwkManagerReset
 .text.zdoSendDeviceAnnce
                0x0000d902       0x80 ./../../../../BitCloud/lib/libBc_All_Atmega1281_Rf230_Gcc.a(zdoNwkManager.o)
                0x0000d902                zdoSendDeviceAnnce
 .text.zdoSendDeviceAnnceConf
                0x0000d982       0x38 ./../../../../BitCloud/lib/libBc_All_Atmega1281_Rf230_Gcc.a(zdoNwkManager.o)
 .text.NWK_NwkStatusInd
                0x0000d9ba       0xb2 ./../../../../BitCloud/lib/libBc_All_Atmega1281_Rf230_Gcc.a(zdoNwkManager.o)
                0x0000d9ba                NWK_NwkStatusInd
 .text.NWK_LeaveInd
                0x0000da6c       0x6c ./../../../../BitCloud/lib/libBc_All_Atmega1281_Rf230_Gcc.a(zdoNwkManager.o)
                0x0000da6c                NWK_LeaveInd
 .text.NWK_JoinInd
                0x0000dad8       0x4e ./../../../../BitCloud/lib/libBc_All_Atmega1281_Rf230_Gcc.a(zdoNwkManager.o)
                0x0000dad8                NWK_JoinInd
 .text.confirm  0x0000db26       0x10 ./../../../../BitCloud/lib/libBc_All_Atmega1281_Rf230_Gcc.a(zdoStartNetwork.o)
 .text.zdoStartNetworkAlloc
                0x0000db36       0x1e ./../../../../BitCloud/lib/libBc_All_Atmega1281_Rf230_Gcc.a(zdoStartNetwork.o)
                0x0000db36                zdoStartNetworkAlloc
 .text.zdoStartNetworkReset
                0x0000db54        0xe ./../../../../BitCloud/lib/libBc_All_Atmega1281_Rf230_Gcc.a(zdoStartNetwork.o)
                0x0000db54                zdoStartNetworkReset
 .text.checkRequestsQueue
                0x0000db62       0x2c ./../../../../BitCloud/lib/libBc_All_Atmega1281_Rf230_Gcc.a(zdoStartNetwork.o)
 .text.zdoStartNetworkFree
                0x0000db8e        0xe ./../../../../BitCloud/lib/libBc_All_Atmega1281_Rf230_Gcc.a(zdoStartNetwork.o)
                0x0000db8e                zdoStartNetworkFree
 .text.startConfirm
                0x0000db9c       0x30 ./../../../../BitCloud/lib/libBc_All_Atmega1281_Rf230_Gcc.a(zdoStartNetwork.o)
 .text.deviceAnnceConf
                0x0000dbcc       0x16 ./../../../../BitCloud/lib/libBc_All_Atmega1281_Rf230_Gcc.a(zdoStartNetwork.o)
 .text.APS_StartConf
                0x0000dbe2       0x48 ./../../../../BitCloud/lib/libBc_All_Atmega1281_Rf230_Gcc.a(zdoStartNetwork.o)
 .text.startAps
                0x0000dc2a       0x32 ./../../../../BitCloud/lib/libBc_All_Atmega1281_Rf230_Gcc.a(zdoStartNetwork.o)
 .text.NWK_StartRouterConf
                0x0000dc5c       0x14 ./../../../../BitCloud/lib/libBc_All_Atmega1281_Rf230_Gcc.a(zdoStartNetwork.o)
 .text.permitJoin
                0x0000dc70       0x24 ./../../../../BitCloud/lib/libBc_All_Atmega1281_Rf230_Gcc.a(zdoStartNetwork.o)
 .text.NWK_PermitJoinConf
                0x0000dc94       0x62 ./../../../../BitCloud/lib/libBc_All_Atmega1281_Rf230_Gcc.a(zdoStartNetwork.o)
 .text.zdoSetOutOfNetworkFlag
                0x0000dcf6       0x36 ./../../../../BitCloud/lib/libBc_All_Atmega1281_Rf230_Gcc.a(zdoStartNetwork.o)
 .text.zdoAuthenticationConf
                0x0000dd2c       0x30 ./../../../../BitCloud/lib/libBc_All_Atmega1281_Rf230_Gcc.a(zdoStartNetwork.o)
                0x0000dd2c                zdoAuthenticationConf
 .text.zdoNetworkFormationReq
                0x0000dd5c       0x44 ./../../../../BitCloud/lib/libBc_All_Atmega1281_Rf230_Gcc.a(zdoStartNetwork.o)
                0x0000dd5c                zdoNetworkFormationReq
 .text.NWK_NetworkFormationConf
                0x0000dda0       0x18 ./../../../../BitCloud/lib/libBc_All_Atmega1281_Rf230_Gcc.a(zdoStartNetwork.o)
 .text.joinNetwork
                0x0000ddb8       0x8c ./../../../../BitCloud/lib/libBc_All_Atmega1281_Rf230_Gcc.a(zdoStartNetwork.o)
 .text.zdoRejoinNetwork
                0x0000de44       0x12 ./../../../../BitCloud/lib/libBc_All_Atmega1281_Rf230_Gcc.a(zdoStartNetwork.o)
                0x0000de44                zdoRejoinNetwork
 .text.joinTimerFired
                0x0000de56        0x6 ./../../../../BitCloud/lib/libBc_All_Atmega1281_Rf230_Gcc.a(zdoStartNetwork.o)
 .text.joined   0x0000de5c        0xc ./../../../../BitCloud/lib/libBc_All_Atmega1281_Rf230_Gcc.a(zdoStartNetwork.o)
 .text.NWK_JoinConf
                0x0000de68       0x54 ./../../../../BitCloud/lib/libBc_All_Atmega1281_Rf230_Gcc.a(zdoStartNetwork.o)
 .text.zdoStartNetworkTaskHandler
                0x0000debc      0x11e ./../../../../BitCloud/lib/libBc_All_Atmega1281_Rf230_Gcc.a(zdoStartNetwork.o)
                0x0000debc                zdoStartNetworkTaskHandler
 .text.zdoStartNetworkStackResetConf
                0x0000dfda       0x5e ./../../../../BitCloud/lib/libBc_All_Atmega1281_Rf230_Gcc.a(zdoStartNetwork.o)
 .text.ZDO_StartNetworkReq
                0x0000e038       0x10 ./../../../../BitCloud/lib/libBc_All_Atmega1281_Rf230_Gcc.a(zdoStartNetwork.o)
                0x0000e038                ZDO_StartNetworkReq
 .text.zdoPostTask
                0x0000e048       0x3c ./../../../../BitCloud/lib/libBc_All_Atmega1281_Rf230_Gcc.a(zdoTaskManager.o)
                0x0000e048                zdoPostTask
 .text.zdoUnpostTask
                0x0000e084       0x28 ./../../../../BitCloud/lib/libBc_All_Atmega1281_Rf230_Gcc.a(zdoTaskManager.o)
                0x0000e084                zdoUnpostTask
 .text.ZDO_TaskHandler
                0x0000e0ac       0x7a ./../../../../BitCloud/lib/libBc_All_Atmega1281_Rf230_Gcc.a(zdoTaskManager.o)
                0x0000e0ac                ZDO_TaskHandler
 .text.zdoSetZdpIndState
                0x0000e126       0x10 ./../../../../BitCloud/lib/libBc_All_Atmega1281_Rf230_Gcc.a(zdoZdpFrameProcessor.o)
                0x0000e126                zdoSetZdpIndState
 .text.zdoSetZdpDataReqState
                0x0000e136       0x22 ./../../../../BitCloud/lib/libBc_All_Atmega1281_Rf230_Gcc.a(zdoZdpFrameProcessor.o)
                0x0000e136                zdoSetZdpDataReqState
 .text.zdoZdpSendRequest
                0x0000e158       0x10 ./../../../../BitCloud/lib/libBc_All_Atmega1281_Rf230_Gcc.a(zdoZdpFrameProcessor.o)
                0x0000e158                zdoZdpSendRequest
 .text.zdoZdpFrameProcessorHandler
                0x0000e168      0x1b0 ./../../../../BitCloud/lib/libBc_All_Atmega1281_Rf230_Gcc.a(zdoZdpFrameProcessor.o)
                0x0000e168                zdoZdpFrameProcessorHandler
 .text.zdoZdpApsConfCallback
                0x0000e318       0x8a ./../../../../BitCloud/lib/libBc_All_Atmega1281_Rf230_Gcc.a(zdoZdpFrameProcessor.o)
 .text.APS_ZdoDataInd
                0x0000e3a2      0x14a ./../../../../BitCloud/lib/libBc_All_Atmega1281_Rf230_Gcc.a(zdoZdpFrameProcessor.o)
                0x0000e3a2                APS_ZdoDataInd
 .text.zdoZdpFrameProcessorReset
                0x0000e4ec       0x3c ./../../../../BitCloud/lib/libBc_All_Atmega1281_Rf230_Gcc.a(zdoZdpFrameProcessor.o)
                0x0000e4ec                zdoZdpFrameProcessorReset
 .text.zdoInitZdpRequestTTL
                0x0000e528       0x16 ./../../../../BitCloud/lib/libBc_All_Atmega1281_Rf230_Gcc.a(zdoZdpManager.o)
                0x0000e528                zdoInitZdpRequestTTL
 .text.ttlUpdateTimerFired
                0x0000e53e       0x66 ./../../../../BitCloud/lib/libBc_All_Atmega1281_Rf230_Gcc.a(zdoZdpManager.o)
 .text.zdoZdpManagerHandler
                0x0000e5a4      0x12c ./../../../../BitCloud/lib/libBc_All_Atmega1281_Rf230_Gcc.a(zdoZdpManager.o)
                0x0000e5a4                zdoZdpManagerHandler
 .text.ZDO_ZdpReq
                0x0000e6d0       0x5c ./../../../../BitCloud/lib/libBc_All_Atmega1281_Rf230_Gcc.a(zdoZdpManager.o)
                0x0000e6d0                ZDO_ZdpReq
 .text.zdoZdpResetReq
                0x0000e72c       0x58 ./../../../../BitCloud/lib/libBc_All_Atmega1281_Rf230_Gcc.a(zdoZdpManager.o)
                0x0000e72c                zdoZdpResetReq
 .text.setNetworkParametersToZib
                0x0000e784       0x48 ./../../../../BitCloud/lib/libBc_All_Atmega1281_Rf230_Gcc.a(zdoZib.o)
                0x0000e784                setNetworkParametersToZib
 .text.zdoReloadZibFromConfigServer
                0x0000e7cc      0x13c ./../../../../BitCloud/lib/libBc_All_Atmega1281_Rf230_Gcc.a(zdoZib.o)
                0x0000e7cc                zdoReloadZibFromConfigServer
 .text.postNewMacRequest
                0x0000e908       0x46 ./../../../../BitCloud/lib/libBc_All_Atmega1281_Rf230_Gcc.a(machwdManager.o)
 .text.MAC_PHY_HWD_TaskHandler
                0x0000e94e      0x1b0 ./../../../../BitCloud/lib/libBc_All_Atmega1281_Rf230_Gcc.a(machwdManager.o)
                0x0000e94e                MAC_PHY_HWD_TaskHandler
 .text.MACHWD_Reset
                0x0000eafe       0x46 ./../../../../BitCloud/lib/libBc_All_Atmega1281_Rf230_Gcc.a(machwdManager.o)
                0x0000eafe                MACHWD_Reset
 .text.putReqInQueue
                0x0000eb44       0x18 ./../../../../BitCloud/lib/libBc_All_Atmega1281_Rf230_Gcc.a(machwdManager.o)
 .text.RF_RandomReq
                0x0000eb5c       0x16 ./../../../../BitCloud/lib/libBc_All_Atmega1281_Rf230_Gcc.a(machwdManager.o)
                0x0000eb5c                RF_RandomReq
 .text.MACHWD_EdReq
                0x0000eb72        0xe ./../../../../BitCloud/lib/libBc_All_Atmega1281_Rf230_Gcc.a(machwdManager.o)
                0x0000eb72                MACHWD_EdReq
 .text.MACHWD_SetReq
                0x0000eb80        0xe ./../../../../BitCloud/lib/libBc_All_Atmega1281_Rf230_Gcc.a(machwdManager.o)
                0x0000eb80                MACHWD_SetReq
 .text.MACHWD_SetTrxStateReq
                0x0000eb8e        0xe ./../../../../BitCloud/lib/libBc_All_Atmega1281_Rf230_Gcc.a(machwdManager.o)
                0x0000eb8e                MACHWD_SetTrxStateReq
 .text.MACHWD_DataReq
                0x0000eb9c        0xa ./../../../../BitCloud/lib/libBc_All_Atmega1281_Rf230_Gcc.a(machwdManager.o)
                0x0000eb9c                MACHWD_DataReq
 .text.machwdReset
                0x0000eba6       0xaa ./../../../../BitCloud/lib/libBc_All_Atmega1281_Rf230_Gcc.a(machwdResetHandler.o)
                0x0000eba6                machwdReset
 .text.machwdRndReqHandler
                0x0000ec50       0x14 ./../../../../BitCloud/lib/libBc_All_Atmega1281_Rf230_Gcc.a(machwdRndHandler.o)
                0x0000ec50                machwdRndReqHandler
 .text.machwdNextBuffer
                0x0000ec64       0x10 ./../../../../BitCloud/lib/libBc_All_Atmega1281_Rf230_Gcc.a(machwdRxBuffer.o)
                0x0000ec64                machwdNextBuffer
 .text.machwdReleaseBuffer
                0x0000ec74       0x62 ./../../../../BitCloud/lib/libBc_All_Atmega1281_Rf230_Gcc.a(machwdRxBuffer.o)
                0x0000ec74                machwdReleaseBuffer
 .text.machwdNextBufferPresent
                0x0000ecd6       0x22 ./../../../../BitCloud/lib/libBc_All_Atmega1281_Rf230_Gcc.a(machwdRxBuffer.o)
                0x0000ecd6                machwdNextBufferPresent
 .text.machwdResetRxBuffer
                0x0000ecf8       0x62 ./../../../../BitCloud/lib/libBc_All_Atmega1281_Rf230_Gcc.a(machwdRxBuffer.o)
                0x0000ecf8                machwdResetRxBuffer
 .text.machwdRxFrameIndTaskHandler
                0x0000ed5a      0x11e ./../../../../BitCloud/lib/libBc_All_Atmega1281_Rf230_Gcc.a(machwdRxFrameHandler.o)
                0x0000ed5a                machwdRxFrameIndTaskHandler
 .text.machwdRxFrameTaskHandler
                0x0000ee78       0x46 ./../../../../BitCloud/lib/libBc_All_Atmega1281_Rf230_Gcc.a(machwdRxFrameHandler.o)
                0x0000ee78                machwdRxFrameTaskHandler
 .text.machwdIsBeaconRxMode
                0x0000eebe        0x6 ./../../../../BitCloud/lib/libBc_All_Atmega1281_Rf230_Gcc.a(machwdSetHandler.o)
                0x0000eebe                machwdIsBeaconRxMode
 .text.machwdResetSetHandler
                0x0000eec4        0xe ./../../../../BitCloud/lib/libBc_All_Atmega1281_Rf230_Gcc.a(machwdSetHandler.o)
                0x0000eec4                machwdResetSetHandler
 .text.executeSetReq
                0x0000eed2       0x98 ./../../../../BitCloud/lib/libBc_All_Atmega1281_Rf230_Gcc.a(machwdSetHandler.o)
 .text.machwdSetTaskHandler
                0x0000ef6a       0x2e ./../../../../BitCloud/lib/libBc_All_Atmega1281_Rf230_Gcc.a(machwdSetHandler.o)
                0x0000ef6a                machwdSetTaskHandler
 .text.machwdSetReqHandler
                0x0000ef98      0x116 ./../../../../BitCloud/lib/libBc_All_Atmega1281_Rf230_Gcc.a(machwdSetHandler.o)
                0x0000ef98                machwdSetReqHandler
 .text.machwdConvertTrxCmdToTrxState
                0x0000f0ae       0x16 ./../../../../BitCloud/lib/libBc_All_Atmega1281_Rf230_Gcc.a(machwdTrxCtrl.o)
                0x0000f0ae                machwdConvertTrxCmdToTrxState
 .text.machwdConvertTrxStateToTrxCmd
                0x0000f0c4       0x1e ./../../../../BitCloud/lib/libBc_All_Atmega1281_Rf230_Gcc.a(machwdTrxCtrl.o)
                0x0000f0c4                machwdConvertTrxStateToTrxCmd
 .text.machwdGetPhyTrxCmd
                0x0000f0e2       0x22 ./../../../../BitCloud/lib/libBc_All_Atmega1281_Rf230_Gcc.a(machwdTrxCtrl.o)
                0x0000f0e2                machwdGetPhyTrxCmd
 .text.machwdSendTrxCmd
                0x0000f104        0xe ./../../../../BitCloud/lib/libBc_All_Atmega1281_Rf230_Gcc.a(machwdTrxCtrl.o)
                0x0000f104                machwdSendTrxCmd
 .text.machwdResetTrxHandler
                0x0000f112        0x6 ./../../../../BitCloud/lib/libBc_All_Atmega1281_Rf230_Gcc.a(machwdTrxHandler.o)
                0x0000f112                machwdResetTrxHandler
 .text.machwdTrxTaskHandler
                0x0000f118       0x30 ./../../../../BitCloud/lib/libBc_All_Atmega1281_Rf230_Gcc.a(machwdTrxHandler.o)
                0x0000f118                machwdTrxTaskHandler
 .text.machwdTrxReqHandler
                0x0000f148       0x46 ./../../../../BitCloud/lib/libBc_All_Atmega1281_Rf230_Gcc.a(machwdTrxHandler.o)
                0x0000f148                machwdTrxReqHandler
 .text.machwdResetTxFrameHandler
                0x0000f18e        0xa ./../../../../BitCloud/lib/libBc_All_Atmega1281_Rf230_Gcc.a(machwdTxFrameHandler.o)
                0x0000f18e                machwdResetTxFrameHandler
 .text.getDataStatus
                0x0000f198       0x20 ./../../../../BitCloud/lib/libBc_All_Atmega1281_Rf230_Gcc.a(machwdTxFrameHandler.o)
 .text.executeDataReq
                0x0000f1b8       0x2a ./../../../../BitCloud/lib/libBc_All_Atmega1281_Rf230_Gcc.a(machwdTxFrameHandler.o)
 .text.machwdTxFrameTaskHandler
                0x0000f1e2       0xa8 ./../../../../BitCloud/lib/libBc_All_Atmega1281_Rf230_Gcc.a(machwdTxFrameHandler.o)
                0x0000f1e2                machwdTxFrameTaskHandler
 .text.machwdTxFrameReqHandler
                0x0000f28a       0x4e ./../../../../BitCloud/lib/libBc_All_Atmega1281_Rf230_Gcc.a(machwdTxFrameHandler.o)
                0x0000f28a                machwdTxFrameReqHandler
 .text.postponeAction
                0x0000f2d8       0x2c ./../../../../BitCloud/lib/libBc_All_Atmega1281_Rf230_Gcc.a(machwiManager.o)
 .text.machwiSendConfToUpperLayer
                0x0000f304       0xda ./../../../../BitCloud/lib/libBc_All_Atmega1281_Rf230_Gcc.a(machwiManager.o)
                0x0000f304                machwiSendConfToUpperLayer
 .text.machwiTxTransactionReq
                0x0000f3de        0x8 ./../../../../BitCloud/lib/libBc_All_Atmega1281_Rf230_Gcc.a(machwiManager.o)
                0x0000f3de                machwiTxTransactionReq
 .text.machwiTxBeaconReq
                0x0000f3e6        0x8 ./../../../../BitCloud/lib/libBc_All_Atmega1281_Rf230_Gcc.a(machwiManager.o)
                0x0000f3e6                machwiTxBeaconReq
 .text.MAC_IsActiveTransaction
                0x0000f3ee       0x18 ./../../../../BitCloud/lib/libBc_All_Atmega1281_Rf230_Gcc.a(machwiManager.o)
                0x0000f3ee                MAC_IsActiveTransaction
 .text.machwiSendPollInd
                0x0000f406       0x12 ./../../../../BitCloud/lib/libBc_All_Atmega1281_Rf230_Gcc.a(machwiManager.o)
                0x0000f406                machwiSendPollInd
 .text.machwiSendOrphanInd
                0x0000f418       0x12 ./../../../../BitCloud/lib/libBc_All_Atmega1281_Rf230_Gcc.a(machwiManager.o)
                0x0000f418                machwiSendOrphanInd
 .text.machwiSendSyncLossNotifyInd
                0x0000f42a       0x12 ./../../../../BitCloud/lib/libBc_All_Atmega1281_Rf230_Gcc.a(machwiManager.o)
                0x0000f42a                machwiSendSyncLossNotifyInd
 .text.machwiSendBeaconNotifyInd
                0x0000f43c       0x12 ./../../../../BitCloud/lib/libBc_All_Atmega1281_Rf230_Gcc.a(machwiManager.o)
                0x0000f43c                machwiSendBeaconNotifyInd
 .text.machwiSendDataInd
                0x0000f44e       0x12 ./../../../../BitCloud/lib/libBc_All_Atmega1281_Rf230_Gcc.a(machwiManager.o)
                0x0000f44e                machwiSendDataInd
 .text.machwiSendAssociateInd